== Cycle bot (job.status=success) ==
date_utc: 2026-08-14T20:19:08+00:00
run_id_attendu: 2026-08-14T20
sha_main: 9955df87788dc0a1ab2f338013d6c9cdc9ecfc1b
github_run_id: 31837263161
github_run_attempt: 1
github_run_number: 377
workflow: Bot cycle
event: schedule
==========================
2026-08-14 20:18:42,480 INFO bot.runner: Démarrage du cycle multi-wallets run_id=2026-08-14T20 (['prudent', 'equilibre', 'agressif', 'labo'])
2026-08-14 20:18:42,494 WARNING bot.runner: trou(s) détecté(s) dans equity.jsonl (tous wallets) sur les dernières 24h : ['2026-08-14T00', '2026-08-14T01', '2026-08-14T03', '2026-08-14T06']
2026-08-14 20:18:43,559 WARNING bot.feeds.equities: yahoo v7 quote échec pour ['AAPL', 'ABBV', 'ABT', 'ACN', 'ADBE', 'AIG', 'AMD', 'AMGN', 'AMT', 'AMZN', 'AVGO', 'AXP', 'BA', 'BAC', 'BKNG', 'BLK', 'BMY', 'BRK.B', 'C', 'CAT', 'CHTR', 'CL', 'CMCSA', 'COF', 'COP', 'COST', 'CRM', 'CSCO', 'CVS', 'CVX', 'DBC', 'DE', 'DHR', 'DIS', 'DOW', 'DUK', 'EEM', 'EFA', 'EMR', 'F', 'FDX', 'GD', 'GE', 'GILD', 'GLD', 'GM', 'GOOG', 'GOOGL', 'GS', 'HD', 'HON', 'IBM', 'IEF', 'INTC', 'INTU', 'ISRG', 'IWM', 'JNJ', 'JPM', 'KHC', 'KMI', 'KO', 'LIN', 'LLY', 'LMT', 'LOW', 'MA', 'MCD', 'MDLZ', 'MDT', 'MET', 'META', 'MMM', 'MO', 'MRK', 'MS', 'MSFT', 'NEE', 'NFLX', 'NKE', 'NVDA', 'ORCL', 'PEP', 'PFE', 'PG', 'PM', 'PYPL', 'QCOM', 'QQQ', 'RTX', 'SBUX', 'SCHW', 'SO', 'SPG', 'SPY', 'T', 'TGT', 'TJX', 'TMO', 'TMUS', 'TSLA', 'TXN', 'UNH', 'UNP', 'UPS', 'USB', 'V', 'VNQ', 'VZ', 'WFC', 'WMT', 'XOM']: 429 Client Error: Too Many Requests for url: https://query1.finance.yahoo.com/v7/finance/quote?symbols=AAPL%2CABBV%2CABT%2CACN%2CADBE%2CAIG%2CAMD%2CAMGN%2CAMT%2CAMZN%2CAVGO%2CAXP%2CBA%2CBAC%2CBKNG%2CBLK%2CBMY%2CBRK-B%2CC%2CCAT%2CCHTR%2CCL%2CCMCSA%2CCOF%2CCOP%2CCOST%2CCRM%2CCSCO%2CCVS%2CCVX%2CDBC%2CDE%2CDHR%2CDIS%2CDOW%2CDUK%2CEEM%2CEFA%2CEMR%2CF%2CFDX%2CGD%2CGE%2CGILD%2CGLD%2CGM%2CGOOG%2CGOOGL%2CGS%2CHD%2CHON%2CIBM%2CIEF%2CINTC%2CINTU%2CISRG%2CIWM%2CJNJ%2CJPM%2CKHC%2CKMI%2CKO%2CLIN%2CLLY%2CLMT%2CLOW%2CMA%2CMCD%2CMDLZ%2CMDT%2CMET%2CMETA%2CMMM%2CMO%2CMRK%2CMS%2CMSFT%2CNEE%2CNFLX%2CNKE%2CNVDA%2CORCL%2CPEP%2CPFE%2CPG%2CPM%2CPYPL%2CQCOM%2CQQQ%2CRTX%2CSBUX%2CSCHW%2CSO%2CSPG%2CSPY%2CT%2CTGT%2CTJX%2CTMO%2CTMUS%2CTSLA%2CTXN%2CUNH%2CUNP%2CUPS%2CUSB%2CV%2CVNQ%2CVZ%2CWFC%2CWMT%2CXOM (http_status=429, extrait_reponse='Too Many Requests\r\n')
2026-08-14 20:18:43,559 INFO bot.feeds.equities: repli yfinance pour 112/112 symbole(s) sans quote v7 (['AAPL', 'ABBV', 'ABT', 'ACN', 'ADBE', 'AIG', 'AMD', 'AMGN', 'AMT', 'AMZN', 'AVGO', 'AXP', 'BA', 'BAC', 'BKNG', 'BLK', 'BMY', 'BRK.B', 'C', 'CAT', 'CHTR', 'CL', 'CMCSA', 'COF', 'COP', 'COST', 'CRM', 'CSCO', 'CVS', 'CVX', 'DBC', 'DE', 'DHR', 'DIS', 'DOW', 'DUK', 'EEM', 'EFA', 'EMR', 'F', 'FDX', 'GD', 'GE', 'GILD', 'GLD', 'GM', 'GOOG', 'GOOGL', 'GS', 'HD', 'HON', 'IBM', 'IEF', 'INTC', 'INTU', 'ISRG', 'IWM', 'JNJ', 'JPM', 'KHC', 'KMI', 'KO', 'LIN', 'LLY', 'LMT', 'LOW', 'MA', 'MCD', 'MDLZ', 'MDT', 'MET', 'META', 'MMM', 'MO', 'MRK', 'MS', 'MSFT', 'NEE', 'NFLX', 'NKE', 'NVDA', 'ORCL', 'PEP', 'PFE', 'PG', 'PM', 'PYPL', 'QCOM', 'QQQ', 'RTX', 'SBUX', 'SCHW', 'SO', 'SPG', 'SPY', 'T', 'TGT', 'TJX', 'TMO', 'TMUS', 'TSLA', 'TXN', 'UNH', 'UNP', 'UPS', 'USB', 'V', 'VNQ', 'VZ', 'WFC', 'WMT', 'XOM'])
2026-08-14 20:18:55,621 INFO bot.feeds.equities: quote différée pour AAPL (1196s, seuil temps réel 300s, source=yfinance_synthetic_spread) — utilisée quand même (seuil de fraîcheur actions/ETF 1500s), marquée delayed=true
2026-08-14 20:18:55,621 INFO bot.feeds.equities: quote différée pour ABBV (1196s, seuil temps réel 300s, source=yfinance_synthetic_spread) — utilisée quand même (seuil de fraîcheur actions/ETF 1500s), marquée delayed=true
2026-08-14 20:18:55,621 INFO bot.feeds.equities: quote différée pour ABT (1196s, seuil temps réel 300s, source=yfinance_synthetic_spread) — utilisée quand même (seuil de fraîcheur actions/ETF 1500s), marquée delayed=true
2026-08-14 20:18:55,621 INFO bot.feeds.equities: quote différée pour ACN (1196s, seuil temps réel 300s, source=yfinance_synthetic_spread) — utilisée quand même (seuil de fraîcheur actions/ETF 1500s), marquée delayed=true
2026-08-14 20:18:55,621 INFO bot.feeds.equities: quote différée pour ADBE (1196s, seuil temps réel 300s, source=yfinance_synthetic_spread) — utilisée quand même (seuil de fraîcheur actions/ETF 1500s), marquée delayed=true
2026-08-14 20:18:55,622 INFO bot.feeds.equities: quote différée pour AIG (1196s, seuil temps réel 300s, source=yfinance_synthetic_spread) — utilisée quand même (seuil de fraîcheur actions/ETF 1500s), marquée delayed=true
2026-08-14 20:18:55,622 INFO bot.feeds.equities: quote différée pour AMD (1196s, seuil temps réel 300s, source=yfinance_synthetic_spread) — utilisée quand même (seuil de fraîcheur actions/ETF 1500s), marquée delayed=true
2026-08-14 20:18:55,622 INFO bot.feeds.equities: quote différée pour AMGN (1196s, seuil temps réel 300s, source=yfinance_synthetic_spread) — utilisée quand même (seuil de fraîcheur actions/ETF 1500s), marquée delayed=true
2026-08-14 20:18:55,622 INFO bot.feeds.equities: quote différée pour AMT (1196s, seuil temps réel 300s, source=yfinance_synthetic_spread) — utilisée quand même (seuil de fraîcheur actions/ETF 1500s), marquée delayed=true
2026-08-14 20:18:55,622 INFO bot.feeds.equities: quote différée pour AMZN (1196s, seuil temps réel 300s, source=yfinance_synthetic_spread) — utilisée quand même (seuil de fraîcheur actions/ETF 1500s), marquée delayed=true
2026-08-14 20:18:55,622 INFO bot.feeds.equities: quote différée pour AVGO (1196s, seuil temps réel 300s, source=yfinance_synthetic_spread) — utilisée quand même (seuil de fraîcheur actions/ETF 1500s), marquée delayed=true
2026-08-14 20:18:55,622 INFO bot.feeds.equities: quote différée pour AXP (1196s, seuil temps réel 300s, source=yfinance_synthetic_spread) — utilisée quand même (seuil de fraîcheur actions/ETF 1500s), marquée delayed=true
2026-08-14 20:18:55,622 INFO bot.feeds.equities: quote différée pour BA (1196s, seuil temps réel 300s, source=yfinance_synthetic_spread) — utilisée quand même (seuil de fraîcheur actions/ETF 1500s), marquée delayed=true
2026-08-14 20:18:55,622 INFO bot.feeds.equities: quote différée pour BAC (1196s, seuil temps réel 300s, source=yfinance_synthetic_spread) — utilisée quand même (seuil de fraîcheur actions/ETF 1500s), marquée delayed=true
2026-08-14 20:18:55,622 INFO bot.feeds.equities: quote différée pour BKNG (1196s, seuil temps réel 300s, source=yfinance_synthetic_spread) — utilisée quand même (seuil de fraîcheur actions/ETF 1500s), marquée delayed=true
2026-08-14 20:18:55,622 INFO bot.feeds.equities: quote différée pour BLK (1196s, seuil temps réel 300s, source=yfinance_synthetic_spread) — utilisée quand même (seuil de fraîcheur actions/ETF 1500s), marquée delayed=true
2026-08-14 20:18:55,622 INFO bot.feeds.equities: quote différée pour BMY (1196s, seuil temps réel 300s, source=yfinance_synthetic_spread) — utilisée quand même (seuil de fraîcheur actions/ETF 1500s), marquée delayed=true
2026-08-14 20:18:55,622 INFO bot.feeds.equities: quote différée pour BRK.B (1196s, seuil temps réel 300s, source=yfinance_synthetic_spread) — utilisée quand même (seuil de fraîcheur actions/ETF 1500s), marquée delayed=true
2026-08-14 20:18:55,623 INFO bot.feeds.equities: quote différée pour C (1196s, seuil temps réel 300s, source=yfinance_synthetic_spread) — utilisée quand même (seuil de fraîcheur actions/ETF 1500s), marquée delayed=true
2026-08-14 20:18:55,623 INFO bot.feeds.equities: quote différée pour CAT (1196s, seuil temps réel 300s, source=yfinance_synthetic_spread) — utilisée quand même (seuil de fraîcheur actions/ETF 1500s), marquée delayed=true
2026-08-14 20:18:55,623 INFO bot.feeds.equities: quote différée pour CHTR (1196s, seuil temps réel 300s, source=yfinance_synthetic_spread) — utilisée quand même (seuil de fraîcheur actions/ETF 1500s), marquée delayed=true
2026-08-14 20:18:55,623 INFO bot.feeds.equities: quote différée pour CL (1196s, seuil temps réel 300s, source=yfinance_synthetic_spread) — utilisée quand même (seuil de fraîcheur actions/ETF 1500s), marquée delayed=true
2026-08-14 20:18:55,623 INFO bot.feeds.equities: quote différée pour CMCSA (1196s, seuil temps réel 300s, source=yfinance_synthetic_spread) — utilisée quand même (seuil de fraîcheur actions/ETF 1500s), marquée delayed=true
2026-08-14 20:18:55,623 INFO bot.feeds.equities: quote différée pour COF (1196s, seuil temps réel 300s, source=yfinance_synthetic_spread) — utilisée quand même (seuil de fraîcheur actions/ETF 1500s), marquée delayed=true
2026-08-14 20:18:55,623 INFO bot.feeds.equities: quote différée pour COP (1196s, seuil temps réel 300s, source=yfinance_synthetic_spread) — utilisée quand même (seuil de fraîcheur actions/ETF 1500s), marquée delayed=true
2026-08-14 20:18:55,623 INFO bot.feeds.equities: quote différée pour COST (1196s, seuil temps réel 300s, source=yfinance_synthetic_spread) — utilisée quand même (seuil de fraîcheur actions/ETF 1500s), marquée delayed=true
2026-08-14 20:18:55,623 INFO bot.feeds.equities: quote différée pour CRM (1196s, seuil temps réel 300s, source=yfinance_synthetic_spread) — utilisée quand même (seuil de fraîcheur actions/ETF 1500s), marquée delayed=true
2026-08-14 20:18:55,623 INFO bot.feeds.equities: quote différée pour CSCO (1196s, seuil temps réel 300s, source=yfinance_synthetic_spread) — utilisée quand même (seuil de fraîcheur actions/ETF 1500s), marquée delayed=true
2026-08-14 20:18:55,623 INFO bot.feeds.equities: quote différée pour CVS (1196s, seuil temps réel 300s, source=yfinance_synthetic_spread) — utilisée quand même (seuil de fraîcheur actions/ETF 1500s), marquée delayed=true
2026-08-14 20:18:55,623 INFO bot.feeds.equities: quote différée pour CVX (1196s, seuil temps réel 300s, source=yfinance_synthetic_spread) — utilisée quand même (seuil de fraîcheur actions/ETF 1500s), marquée delayed=true
2026-08-14 20:18:55,623 INFO bot.feeds.equities: quote différée pour DBC (1196s, seuil temps réel 300s, source=yfinance_synthetic_spread) — utilisée quand même (seuil de fraîcheur actions/ETF 1500s), marquée delayed=true
2026-08-14 20:18:55,623 INFO bot.feeds.equities: quote différée pour DE (1196s, seuil temps réel 300s, source=yfinance_synthetic_spread) — utilisée quand même (seuil de fraîcheur actions/ETF 1500s), marquée delayed=true
2026-08-14 20:18:55,623 INFO bot.feeds.equities: quote différée pour DHR (1196s, seuil temps réel 300s, source=yfinance_synthetic_spread) — utilisée quand même (seuil de fraîcheur actions/ETF 1500s), marquée delayed=true
2026-08-14 20:18:55,624 INFO bot.feeds.equities: quote différée pour DIS (1196s, seuil temps réel 300s, source=yfinance_synthetic_spread) — utilisée quand même (seuil de fraîcheur actions/ETF 1500s), marquée delayed=true
2026-08-14 20:18:55,624 INFO bot.feeds.equities: quote différée pour DOW (1196s, seuil temps réel 300s, source=yfinance_synthetic_spread) — utilisée quand même (seuil de fraîcheur actions/ETF 1500s), marquée delayed=true
2026-08-14 20:18:55,624 INFO bot.feeds.equities: quote différée pour DUK (1196s, seuil temps réel 300s, source=yfinance_synthetic_spread) — utilisée quand même (seuil de fraîcheur actions/ETF 1500s), marquée delayed=true
2026-08-14 20:18:55,624 INFO bot.feeds.equities: quote différée pour EEM (1196s, seuil temps réel 300s, source=yfinance_synthetic_spread) — utilisée quand même (seuil de fraîcheur actions/ETF 1500s), marquée delayed=true
2026-08-14 20:18:55,624 INFO bot.feeds.equities: quote différée pour EFA (1196s, seuil temps réel 300s, source=yfinance_synthetic_spread) — utilisée quand même (seuil de fraîcheur actions/ETF 1500s), marquée delayed=true
2026-08-14 20:18:55,624 INFO bot.feeds.equities: quote différée pour EMR (1196s, seuil temps réel 300s, source=yfinance_synthetic_spread) — utilisée quand même (seuil de fraîcheur actions/ETF 1500s), marquée delayed=true
2026-08-14 20:18:55,624 INFO bot.feeds.equities: quote différée pour F (1196s, seuil temps réel 300s, source=yfinance_synthetic_spread) — utilisée quand même (seuil de fraîcheur actions/ETF 1500s), marquée delayed=true
2026-08-14 20:18:55,624 INFO bot.feeds.equities: quote différée pour FDX (1196s, seuil temps réel 300s, source=yfinance_synthetic_spread) — utilisée quand même (seuil de fraîcheur actions/ETF 1500s), marquée delayed=true
2026-08-14 20:18:55,624 INFO bot.feeds.equities: quote différée pour GD (1196s, seuil temps réel 300s, source=yfinance_synthetic_spread) — utilisée quand même (seuil de fraîcheur actions/ETF 1500s), marquée delayed=true
2026-08-14 20:18:55,624 INFO bot.feeds.equities: quote différée pour GE (1196s, seuil temps réel 300s, source=yfinance_synthetic_spread) — utilisée quand même (seuil de fraîcheur actions/ETF 1500s), marquée delayed=true
2026-08-14 20:18:55,624 INFO bot.feeds.equities: quote différée pour GILD (1196s, seuil temps réel 300s, source=yfinance_synthetic_spread) — utilisée quand même (seuil de fraîcheur actions/ETF 1500s), marquée delayed=true
2026-08-14 20:18:55,624 INFO bot.feeds.equities: quote différée pour GLD (1196s, seuil temps réel 300s, source=yfinance_synthetic_spread) — utilisée quand même (seuil de fraîcheur actions/ETF 1500s), marquée delayed=true
2026-08-14 20:18:55,625 INFO bot.feeds.equities: quote différée pour GM (1196s, seuil temps réel 300s, source=yfinance_synthetic_spread) — utilisée quand même (seuil de fraîcheur actions/ETF 1500s), marquée delayed=true
2026-08-14 20:18:55,625 INFO bot.feeds.equities: quote différée pour GOOG (1196s, seuil temps réel 300s, source=yfinance_synthetic_spread) — utilisée quand même (seuil de fraîcheur actions/ETF 1500s), marquée delayed=true
2026-08-14 20:18:55,625 INFO bot.feeds.equities: quote différée pour GOOGL (1196s, seuil temps réel 300s, source=yfinance_synthetic_spread) — utilisée quand même (seuil de fraîcheur actions/ETF 1500s), marquée delayed=true
2026-08-14 20:18:55,625 INFO bot.feeds.equities: quote différée pour GS (1196s, seuil temps réel 300s, source=yfinance_synthetic_spread) — utilisée quand même (seuil de fraîcheur actions/ETF 1500s), marquée delayed=true
2026-08-14 20:18:55,625 INFO bot.feeds.equities: quote différée pour HD (1196s, seuil temps réel 300s, source=yfinance_synthetic_spread) — utilisée quand même (seuil de fraîcheur actions/ETF 1500s), marquée delayed=true
2026-08-14 20:18:55,625 INFO bot.feeds.equities: quote différée pour HON (1196s, seuil temps réel 300s, source=yfinance_synthetic_spread) — utilisée quand même (seuil de fraîcheur actions/ETF 1500s), marquée delayed=true
2026-08-14 20:18:55,625 INFO bot.feeds.equities: quote différée pour IBM (1196s, seuil temps réel 300s, source=yfinance_synthetic_spread) — utilisée quand même (seuil de fraîcheur actions/ETF 1500s), marquée delayed=true
2026-08-14 20:18:55,625 INFO bot.feeds.equities: quote différée pour IEF (1196s, seuil temps réel 300s, source=yfinance_synthetic_spread) — utilisée quand même (seuil de fraîcheur actions/ETF 1500s), marquée delayed=true
2026-08-14 20:18:55,625 INFO bot.feeds.equities: quote différée pour INTC (1196s, seuil temps réel 300s, source=yfinance_synthetic_spread) — utilisée quand même (seuil de fraîcheur actions/ETF 1500s), marquée delayed=true
2026-08-14 20:18:55,625 INFO bot.feeds.equities: quote différée pour INTU (1196s, seuil temps réel 300s, source=yfinance_synthetic_spread) — utilisée quand même (seuil de fraîcheur actions/ETF 1500s), marquée delayed=true
2026-08-14 20:18:55,625 INFO bot.feeds.equities: quote différée pour ISRG (1196s, seuil temps réel 300s, source=yfinance_synthetic_spread) — utilisée quand même (seuil de fraîcheur actions/ETF 1500s), marquée delayed=true
2026-08-14 20:18:55,625 INFO bot.feeds.equities: quote différée pour IWM (1196s, seuil temps réel 300s, source=yfinance_synthetic_spread) — utilisée quand même (seuil de fraîcheur actions/ETF 1500s), marquée delayed=true
2026-08-14 20:18:55,625 INFO bot.feeds.equities: quote différée pour JNJ (1196s, seuil temps réel 300s, source=yfinance_synthetic_spread) — utilisée quand même (seuil de fraîcheur actions/ETF 1500s), marquée delayed=true
2026-08-14 20:18:55,625 INFO bot.feeds.equities: quote différée pour JPM (1196s, seuil temps réel 300s, source=yfinance_synthetic_spread) — utilisée quand même (seuil de fraîcheur actions/ETF 1500s), marquée delayed=true
2026-08-14 20:18:55,625 INFO bot.feeds.equities: quote différée pour KHC (1196s, seuil temps réel 300s, source=yfinance_synthetic_spread) — utilisée quand même (seuil de fraîcheur actions/ETF 1500s), marquée delayed=true
2026-08-14 20:18:55,626 INFO bot.feeds.equities: quote différée pour KMI (1196s, seuil temps réel 300s, source=yfinance_synthetic_spread) — utilisée quand même (seuil de fraîcheur actions/ETF 1500s), marquée delayed=true
2026-08-14 20:18:55,626 INFO bot.feeds.equities: quote différée pour KO (1196s, seuil temps réel 300s, source=yfinance_synthetic_spread) — utilisée quand même (seuil de fraîcheur actions/ETF 1500s), marquée delayed=true
2026-08-14 20:18:55,626 INFO bot.feeds.equities: quote différée pour LIN (1196s, seuil temps réel 300s, source=yfinance_synthetic_spread) — utilisée quand même (seuil de fraîcheur actions/ETF 1500s), marquée delayed=true
2026-08-14 20:18:55,626 INFO bot.feeds.equities: quote différée pour LLY (1196s, seuil temps réel 300s, source=yfinance_synthetic_spread) — utilisée quand même (seuil de fraîcheur actions/ETF 1500s), marquée delayed=true
2026-08-14 20:18:55,626 INFO bot.feeds.equities: quote différée pour LMT (1196s, seuil temps réel 300s, source=yfinance_synthetic_spread) — utilisée quand même (seuil de fraîcheur actions/ETF 1500s), marquée delayed=true
2026-08-14 20:18:55,626 INFO bot.feeds.equities: quote différée pour LOW (1196s, seuil temps réel 300s, source=yfinance_synthetic_spread) — utilisée quand même (seuil de fraîcheur actions/ETF 1500s), marquée delayed=true
2026-08-14 20:18:55,626 INFO bot.feeds.equities: quote différée pour MA (1196s, seuil temps réel 300s, source=yfinance_synthetic_spread) — utilisée quand même (seuil de fraîcheur actions/ETF 1500s), marquée delayed=true
2026-08-14 20:18:55,626 INFO bot.feeds.equities: quote différée pour MCD (1196s, seuil temps réel 300s, source=yfinance_synthetic_spread) — utilisée quand même (seuil de fraîcheur actions/ETF 1500s), marquée delayed=true
2026-08-14 20:18:55,626 INFO bot.feeds.equities: quote différée pour MDLZ (1196s, seuil temps réel 300s, source=yfinance_synthetic_spread) — utilisée quand même (seuil de fraîcheur actions/ETF 1500s), marquée delayed=true
2026-08-14 20:18:55,626 INFO bot.feeds.equities: quote différée pour MDT (1196s, seuil temps réel 300s, source=yfinance_synthetic_spread) — utilisée quand même (seuil de fraîcheur actions/ETF 1500s), marquée delayed=true
2026-08-14 20:18:55,626 INFO bot.feeds.equities: quote différée pour MET (1196s, seuil temps réel 300s, source=yfinance_synthetic_spread) — utilisée quand même (seuil de fraîcheur actions/ETF 1500s), marquée delayed=true
2026-08-14 20:18:55,626 INFO bot.feeds.equities: quote différée pour META (1196s, seuil temps réel 300s, source=yfinance_synthetic_spread) — utilisée quand même (seuil de fraîcheur actions/ETF 1500s), marquée delayed=true
2026-08-14 20:18:55,626 INFO bot.feeds.equities: quote différée pour MMM (1196s, seuil temps réel 300s, source=yfinance_synthetic_spread) — utilisée quand même (seuil de fraîcheur actions/ETF 1500s), marquée delayed=true
2026-08-14 20:18:55,627 INFO bot.feeds.equities: quote différée pour MO (1196s, seuil temps réel 300s, source=yfinance_synthetic_spread) — utilisée quand même (seuil de fraîcheur actions/ETF 1500s), marquée delayed=true
2026-08-14 20:18:55,627 INFO bot.feeds.equities: quote différée pour MRK (1196s, seuil temps réel 300s, source=yfinance_synthetic_spread) — utilisée quand même (seuil de fraîcheur actions/ETF 1500s), marquée delayed=true
2026-08-14 20:18:55,627 INFO bot.feeds.equities: quote différée pour MS (1196s, seuil temps réel 300s, source=yfinance_synthetic_spread) — utilisée quand même (seuil de fraîcheur actions/ETF 1500s), marquée delayed=true
2026-08-14 20:18:55,627 INFO bot.feeds.equities: quote différée pour MSFT (1196s, seuil temps réel 300s, source=yfinance_synthetic_spread) — utilisée quand même (seuil de fraîcheur actions/ETF 1500s), marquée delayed=true
2026-08-14 20:18:55,627 INFO bot.feeds.equities: quote différée pour NEE (1196s, seuil temps réel 300s, source=yfinance_synthetic_spread) — utilisée quand même (seuil de fraîcheur actions/ETF 1500s), marquée delayed=true
2026-08-14 20:18:55,627 INFO bot.feeds.equities: quote différée pour NFLX (1196s, seuil temps réel 300s, source=yfinance_synthetic_spread) — utilisée quand même (seuil de fraîcheur actions/ETF 1500s), marquée delayed=true
2026-08-14 20:18:55,627 INFO bot.feeds.equities: quote différée pour NKE (1196s, seuil temps réel 300s, source=yfinance_synthetic_spread) — utilisée quand même (seuil de fraîcheur actions/ETF 1500s), marquée delayed=true
2026-08-14 20:18:55,627 INFO bot.feeds.equities: quote différée pour NVDA (1196s, seuil temps réel 300s, source=yfinance_synthetic_spread) — utilisée quand même (seuil de fraîcheur actions/ETF 1500s), marquée delayed=true
2026-08-14 20:18:55,627 INFO bot.feeds.equities: quote différée pour ORCL (1196s, seuil temps réel 300s, source=yfinance_synthetic_spread) — utilisée quand même (seuil de fraîcheur actions/ETF 1500s), marquée delayed=true
2026-08-14 20:18:55,627 INFO bot.feeds.equities: quote différée pour PEP (1196s, seuil temps réel 300s, source=yfinance_synthetic_spread) — utilisée quand même (seuil de fraîcheur actions/ETF 1500s), marquée delayed=true
2026-08-14 20:18:55,627 INFO bot.feeds.equities: quote différée pour PFE (1196s, seuil temps réel 300s, source=yfinance_synthetic_spread) — utilisée quand même (seuil de fraîcheur actions/ETF 1500s), marquée delayed=true
2026-08-14 20:18:55,627 INFO bot.feeds.equities: quote différée pour PG (1196s, seuil temps réel 300s, source=yfinance_synthetic_spread) — utilisée quand même (seuil de fraîcheur actions/ETF 1500s), marquée delayed=true
2026-08-14 20:18:55,627 INFO bot.feeds.equities: quote différée pour PM (1196s, seuil temps réel 300s, source=yfinance_synthetic_spread) — utilisée quand même (seuil de fraîcheur actions/ETF 1500s), marquée delayed=true
2026-08-14 20:18:55,627 INFO bot.feeds.equities: quote différée pour PYPL (1196s, seuil temps réel 300s, source=yfinance_synthetic_spread) — utilisée quand même (seuil de fraîcheur actions/ETF 1500s), marquée delayed=true
2026-08-14 20:18:55,627 INFO bot.feeds.equities: quote différée pour QCOM (1196s, seuil temps réel 300s, source=yfinance_synthetic_spread) — utilisée quand même (seuil de fraîcheur actions/ETF 1500s), marquée delayed=true
2026-08-14 20:18:55,627 INFO bot.feeds.equities: quote différée pour QQQ (1196s, seuil temps réel 300s, source=yfinance_synthetic_spread) — utilisée quand même (seuil de fraîcheur actions/ETF 1500s), marquée delayed=true
2026-08-14 20:18:55,628 INFO bot.feeds.equities: quote différée pour RTX (1196s, seuil temps réel 300s, source=yfinance_synthetic_spread) — utilisée quand même (seuil de fraîcheur actions/ETF 1500s), marquée delayed=true
2026-08-14 20:18:55,628 INFO bot.feeds.equities: quote différée pour SBUX (1196s, seuil temps réel 300s, source=yfinance_synthetic_spread) — utilisée quand même (seuil de fraîcheur actions/ETF 1500s), marquée delayed=true
2026-08-14 20:18:55,628 INFO bot.feeds.equities: quote différée pour SCHW (1196s, seuil temps réel 300s, source=yfinance_synthetic_spread) — utilisée quand même (seuil de fraîcheur actions/ETF 1500s), marquée delayed=true
2026-08-14 20:18:55,628 INFO bot.feeds.equities: quote différée pour SO (1196s, seuil temps réel 300s, source=yfinance_synthetic_spread) — utilisée quand même (seuil de fraîcheur actions/ETF 1500s), marquée delayed=true
2026-08-14 20:18:55,628 INFO bot.feeds.equities: quote différée pour SPG (1196s, seuil temps réel 300s, source=yfinance_synthetic_spread) — utilisée quand même (seuil de fraîcheur actions/ETF 1500s), marquée delayed=true
2026-08-14 20:18:55,628 INFO bot.feeds.equities: quote différée pour SPY (1196s, seuil temps réel 300s, source=yfinance_synthetic_spread) — utilisée quand même (seuil de fraîcheur actions/ETF 1500s), marquée delayed=true
2026-08-14 20:18:55,628 INFO bot.feeds.equities: quote différée pour T (1196s, seuil temps réel 300s, source=yfinance_synthetic_spread) — utilisée quand même (seuil de fraîcheur actions/ETF 1500s), marquée delayed=true
2026-08-14 20:18:55,628 INFO bot.feeds.equities: quote différée pour TGT (1196s, seuil temps réel 300s, source=yfinance_synthetic_spread) — utilisée quand même (seuil de fraîcheur actions/ETF 1500s), marquée delayed=true
2026-08-14 20:18:55,628 INFO bot.feeds.equities: quote différée pour TJX (1196s, seuil temps réel 300s, source=yfinance_synthetic_spread) — utilisée quand même (seuil de fraîcheur actions/ETF 1500s), marquée delayed=true
2026-08-14 20:18:55,628 INFO bot.feeds.equities: quote différée pour TMO (1196s, seuil temps réel 300s, source=yfinance_synthetic_spread) — utilisée quand même (seuil de fraîcheur actions/ETF 1500s), marquée delayed=true
2026-08-14 20:18:55,628 INFO bot.feeds.equities: quote différée pour TMUS (1196s, seuil temps réel 300s, source=yfinance_synthetic_spread) — utilisée quand même (seuil de fraîcheur actions/ETF 1500s), marquée delayed=true
2026-08-14 20:18:55,628 INFO bot.feeds.equities: quote différée pour TSLA (1196s, seuil temps réel 300s, source=yfinance_synthetic_spread) — utilisée quand même (seuil de fraîcheur actions/ETF 1500s), marquée delayed=true
2026-08-14 20:18:55,628 INFO bot.feeds.equities: quote différée pour TXN (1196s, seuil temps réel 300s, source=yfinance_synthetic_spread) — utilisée quand même (seuil de fraîcheur actions/ETF 1500s), marquée delayed=true
2026-08-14 20:18:55,628 INFO bot.feeds.equities: quote différée pour UNH (1196s, seuil temps réel 300s, source=yfinance_synthetic_spread) — utilisée quand même (seuil de fraîcheur actions/ETF 1500s), marquée delayed=true
2026-08-14 20:18:55,628 INFO bot.feeds.equities: quote différée pour UNP (1196s, seuil temps réel 300s, source=yfinance_synthetic_spread) — utilisée quand même (seuil de fraîcheur actions/ETF 1500s), marquée delayed=true
2026-08-14 20:18:55,628 INFO bot.feeds.equities: quote différée pour UPS (1196s, seuil temps réel 300s, source=yfinance_synthetic_spread) — utilisée quand même (seuil de fraîcheur actions/ETF 1500s), marquée delayed=true
2026-08-14 20:18:55,629 INFO bot.feeds.equities: quote différée pour USB (1196s, seuil temps réel 300s, source=yfinance_synthetic_spread) — utilisée quand même (seuil de fraîcheur actions/ETF 1500s), marquée delayed=true
2026-08-14 20:18:55,629 INFO bot.feeds.equities: quote différée pour V (1196s, seuil temps réel 300s, source=yfinance_synthetic_spread) — utilisée quand même (seuil de fraîcheur actions/ETF 1500s), marquée delayed=true
2026-08-14 20:18:55,629 INFO bot.feeds.equities: quote différée pour VNQ (1196s, seuil temps réel 300s, source=yfinance_synthetic_spread) — utilisée quand même (seuil de fraîcheur actions/ETF 1500s), marquée delayed=true
2026-08-14 20:18:55,629 INFO bot.feeds.equities: quote différée pour VZ (1196s, seuil temps réel 300s, source=yfinance_synthetic_spread) — utilisée quand même (seuil de fraîcheur actions/ETF 1500s), marquée delayed=true
2026-08-14 20:18:55,629 INFO bot.feeds.equities: quote différée pour WFC (1196s, seuil temps réel 300s, source=yfinance_synthetic_spread) — utilisée quand même (seuil de fraîcheur actions/ETF 1500s), marquée delayed=true
2026-08-14 20:18:55,629 INFO bot.feeds.equities: quote différée pour WMT (1196s, seuil temps réel 300s, source=yfinance_synthetic_spread) — utilisée quand même (seuil de fraîcheur actions/ETF 1500s), marquée delayed=true
2026-08-14 20:18:55,629 INFO bot.feeds.equities: quote différée pour XOM (1196s, seuil temps réel 300s, source=yfinance_synthetic_spread) — utilisée quand même (seuil de fraîcheur actions/ETF 1500s), marquée delayed=true
2026-08-14 20:18:55,824 WARNING bot.feeds.crypto: binance klines échec pour AVAXUSDT: 451 Client Error:  for url: https://api.binance.com/api/v3/klines?symbol=AVAXUSDT&interval=1h&limit=305
2026-08-14 20:18:55,986 WARNING bot.feeds.crypto: binance klines échec pour BNBUSDT: 451 Client Error:  for url: https://api.binance.com/api/v3/klines?symbol=BNBUSDT&interval=1h&limit=305
2026-08-14 20:18:56,140 WARNING bot.runner: historique indisponible pour BNB: crypto BNB: seulement 300/4848 bougies obtenues (réseau plafonné à 300h + repli cache disque journalier épuisés)
2026-08-14 20:18:56,147 WARNING bot.feeds.crypto: binance klines échec pour BTCUSDT: 451 Client Error:  for url: https://api.binance.com/api/v3/klines?symbol=BTCUSDT&interval=1h&limit=305
2026-08-14 20:18:56,330 WARNING bot.feeds.crypto: binance klines échec pour DOGEUSDT: 451 Client Error:  for url: https://api.binance.com/api/v3/klines?symbol=DOGEUSDT&interval=1h&limit=305
2026-08-14 20:18:56,510 WARNING bot.feeds.crypto: binance klines échec pour ETHUSDT: 451 Client Error:  for url: https://api.binance.com/api/v3/klines?symbol=ETHUSDT&interval=1h&limit=305
2026-08-14 20:18:56,714 WARNING bot.feeds.crypto: binance klines échec pour FILUSDT: 451 Client Error:  for url: https://api.binance.com/api/v3/klines?symbol=FILUSDT&interval=1h&limit=305
2026-08-14 20:18:57,089 WARNING bot.feeds.crypto: binance klines échec pour HBARUSDT: 451 Client Error:  for url: https://api.binance.com/api/v3/klines?symbol=HBARUSDT&interval=1h&limit=305
2026-08-14 20:18:57,278 WARNING bot.feeds.crypto: binance klines échec pour ICPUSDT: 451 Client Error:  for url: https://api.binance.com/api/v3/klines?symbol=ICPUSDT&interval=1h&limit=305
2026-08-14 20:18:57,453 WARNING bot.feeds.crypto: binance klines échec pour LINKUSDT: 451 Client Error:  for url: https://api.binance.com/api/v3/klines?symbol=LINKUSDT&interval=1h&limit=305
2026-08-14 20:18:57,879 WARNING bot.feeds.crypto: binance klines échec pour OPUSDT: 451 Client Error:  for url: https://api.binance.com/api/v3/klines?symbol=OPUSDT&interval=1h&limit=305
2026-08-14 20:18:58,173 WARNING bot.feeds.crypto: binance klines échec pour SOLUSDT: 451 Client Error:  for url: https://api.binance.com/api/v3/klines?symbol=SOLUSDT&interval=1h&limit=305
2026-08-14 20:18:58,558 WARNING bot.feeds.crypto: binance klines échec pour UNIUSDT: 451 Client Error:  for url: https://api.binance.com/api/v3/klines?symbol=UNIUSDT&interval=1h&limit=305
2026-08-14 20:18:58,715 WARNING bot.feeds.crypto: binance klines échec pour XLMUSDT: 451 Client Error:  for url: https://api.binance.com/api/v3/klines?symbol=XLMUSDT&interval=1h&limit=305
2026-08-14 20:18:59,149 WARNING bot.feeds.crypto: binance klines échec pour XRPUSDT: 451 Client Error:  for url: https://api.binance.com/api/v3/klines?symbol=XRPUSDT&interval=1h&limit=305
2026-08-14 20:18:59,297 INFO bot.runner: TIMING phase=feeds_crypto durée=16.8s
2026-08-14 20:18:59,944 INFO bot.feeds.daily: cache disque data-cache (généré=2026-08-13T22:10:56.094594+00:00) : 112/112 symbole(s) servis sans appel réseau
2026-08-14 20:18:59,955 INFO bot.runner: TIMING phase=feeds_equities durée=0.7s
2026-08-14 20:19:00,384 INFO bot.runner: TIMING phase=strategies_execution durée=0.2s
2026-08-14 20:19:07,817 INFO bot.runner: TIMING phase=git_sync durée=7.4s
2026-08-14 20:19:07,818 INFO bot.runner: TIMING résumé cycle : feeds_crypto=16.8s feeds_equities=0.7s strategies_execution=0.2s git_sync=7.4s total=26.6s
2026-08-14 20:19:07,818 INFO bot.runner: git_sync SUCCESS — cycle 2026-08-14T20 terminé (🛡️ 1019€ | ⚖️ 1002€ | 🔥 948€ | 🧪 985€).
