== Cycle bot (job.status=success) ==
date_utc: 2026-07-29T20:04:34+00:00
run_id_attendu: 2026-07-29T20
sha_main: 38b19db890fd97c3b6c8f182b43827fff96b881e
github_run_id: 30487005145
github_run_attempt: 1
github_run_number: 91
workflow: Bot cycle
event: schedule
==========================
2026-07-29 20:04:14,077 INFO bot.runner: Démarrage du cycle multi-wallets run_id=2026-07-29T20 (['prudent', 'equilibre', 'agressif', 'labo'])
2026-07-29 20:04:14,081 WARNING bot.runner: trou(s) détecté(s) dans equity.jsonl (tous wallets) sur les dernières 24h : ['2026-07-29T00', '2026-07-29T02', '2026-07-29T03', '2026-07-29T05', '2026-07-29T06', '2026-07-29T08', '2026-07-29T09', '2026-07-29T11', '2026-07-29T13', '2026-07-29T15', '2026-07-29T19']
2026-07-29 20:04:14,902 WARNING bot.feeds.equities: yahoo v7 quote échec pour ['AAPL', 'ABBV', 'ABT', 'ACN', 'ADBE', 'AIG', 'AMD', 'AMGN', 'AMT', 'AMZN', 'AVGO', 'AXP', 'BA', 'BAC', 'BKNG', 'BLK', 'BMY', 'BRK.B', 'C', 'CAT', 'CHTR', 'CL', 'CMCSA', 'COF', 'COP', 'COST', 'CRM', 'CSCO', 'CVS', 'CVX', 'DBC', 'DE', 'DHR', 'DIS', 'DOW', 'DUK', 'EEM', 'EFA', 'EMR', 'F', 'FDX', 'GD', 'GE', 'GILD', 'GLD', 'GM', 'GOOG', 'GOOGL', 'GS', 'HD', 'HON', 'IBM', 'IEF', 'INTC', 'INTU', 'ISRG', 'IWM', 'JNJ', 'JPM', 'KHC', 'KMI', 'KO', 'LIN', 'LLY', 'LMT', 'LOW', 'MA', 'MCD', 'MDLZ', 'MDT', 'MET', 'META', 'MMM', 'MO', 'MRK', 'MS', 'MSFT', 'NEE', 'NFLX', 'NKE', 'NVDA', 'ORCL', 'PEP', 'PFE', 'PG', 'PM', 'PYPL', 'QCOM', 'QQQ', 'RTX', 'SBUX', 'SCHW', 'SO', 'SPG', 'SPY', 'T', 'TGT', 'TJX', 'TMO', 'TMUS', 'TSLA', 'TXN', 'UNH', 'UNP', 'UPS', 'USB', 'V', 'VNQ', 'VZ', 'WFC', 'WMT', 'XOM']: 429 Client Error: Too Many Requests for url: https://query1.finance.yahoo.com/v7/finance/quote?symbols=AAPL%2CABBV%2CABT%2CACN%2CADBE%2CAIG%2CAMD%2CAMGN%2CAMT%2CAMZN%2CAVGO%2CAXP%2CBA%2CBAC%2CBKNG%2CBLK%2CBMY%2CBRK-B%2CC%2CCAT%2CCHTR%2CCL%2CCMCSA%2CCOF%2CCOP%2CCOST%2CCRM%2CCSCO%2CCVS%2CCVX%2CDBC%2CDE%2CDHR%2CDIS%2CDOW%2CDUK%2CEEM%2CEFA%2CEMR%2CF%2CFDX%2CGD%2CGE%2CGILD%2CGLD%2CGM%2CGOOG%2CGOOGL%2CGS%2CHD%2CHON%2CIBM%2CIEF%2CINTC%2CINTU%2CISRG%2CIWM%2CJNJ%2CJPM%2CKHC%2CKMI%2CKO%2CLIN%2CLLY%2CLMT%2CLOW%2CMA%2CMCD%2CMDLZ%2CMDT%2CMET%2CMETA%2CMMM%2CMO%2CMRK%2CMS%2CMSFT%2CNEE%2CNFLX%2CNKE%2CNVDA%2CORCL%2CPEP%2CPFE%2CPG%2CPM%2CPYPL%2CQCOM%2CQQQ%2CRTX%2CSBUX%2CSCHW%2CSO%2CSPG%2CSPY%2CT%2CTGT%2CTJX%2CTMO%2CTMUS%2CTSLA%2CTXN%2CUNH%2CUNP%2CUPS%2CUSB%2CV%2CVNQ%2CVZ%2CWFC%2CWMT%2CXOM (http_status=429, extrait_reponse='Too Many Requests\r\n')
2026-07-29 20:04:14,902 INFO bot.feeds.equities: repli yfinance pour 112/112 symbole(s) sans quote v7 (['AAPL', 'ABBV', 'ABT', 'ACN', 'ADBE', 'AIG', 'AMD', 'AMGN', 'AMT', 'AMZN', 'AVGO', 'AXP', 'BA', 'BAC', 'BKNG', 'BLK', 'BMY', 'BRK.B', 'C', 'CAT', 'CHTR', 'CL', 'CMCSA', 'COF', 'COP', 'COST', 'CRM', 'CSCO', 'CVS', 'CVX', 'DBC', 'DE', 'DHR', 'DIS', 'DOW', 'DUK', 'EEM', 'EFA', 'EMR', 'F', 'FDX', 'GD', 'GE', 'GILD', 'GLD', 'GM', 'GOOG', 'GOOGL', 'GS', 'HD', 'HON', 'IBM', 'IEF', 'INTC', 'INTU', 'ISRG', 'IWM', 'JNJ', 'JPM', 'KHC', 'KMI', 'KO', 'LIN', 'LLY', 'LMT', 'LOW', 'MA', 'MCD', 'MDLZ', 'MDT', 'MET', 'META', 'MMM', 'MO', 'MRK', 'MS', 'MSFT', 'NEE', 'NFLX', 'NKE', 'NVDA', 'ORCL', 'PEP', 'PFE', 'PG', 'PM', 'PYPL', 'QCOM', 'QQQ', 'RTX', 'SBUX', 'SCHW', 'SO', 'SPG', 'SPY', 'T', 'TGT', 'TJX', 'TMO', 'TMUS', 'TSLA', 'TXN', 'UNH', 'UNP', 'UPS', 'USB', 'V', 'VNQ', 'VZ', 'WFC', 'WMT', 'XOM'])
2026-07-29 20:04:14,904 INFO yfinance: Failed to create TzCache, reason: Error creating TzCache folder: '/home/runner/.cache/py-yfinance' reason: [Errno 17] File exists: '/home/runner/.cache/py-yfinance'. TzCache will not be used. Tip: You can direct cache to use a different location with 'set_tz_cache_location(mylocation)'
2026-07-29 20:04:27,913 INFO bot.feeds.equities: quote différée pour AAPL (328s, seuil temps réel 300s, source=yfinance_synthetic_spread) — utilisée quand même (seuil de fraîcheur actions/ETF 1500s), marquée delayed=true
2026-07-29 20:04:27,913 INFO bot.feeds.equities: quote différée pour ABBV (328s, seuil temps réel 300s, source=yfinance_synthetic_spread) — utilisée quand même (seuil de fraîcheur actions/ETF 1500s), marquée delayed=true
2026-07-29 20:04:27,913 INFO bot.feeds.equities: quote différée pour ABT (328s, seuil temps réel 300s, source=yfinance_synthetic_spread) — utilisée quand même (seuil de fraîcheur actions/ETF 1500s), marquée delayed=true
2026-07-29 20:04:27,913 INFO bot.feeds.equities: quote différée pour ACN (328s, seuil temps réel 300s, source=yfinance_synthetic_spread) — utilisée quand même (seuil de fraîcheur actions/ETF 1500s), marquée delayed=true
2026-07-29 20:04:27,913 INFO bot.feeds.equities: quote différée pour ADBE (328s, seuil temps réel 300s, source=yfinance_synthetic_spread) — utilisée quand même (seuil de fraîcheur actions/ETF 1500s), marquée delayed=true
2026-07-29 20:04:27,913 INFO bot.feeds.equities: quote différée pour AIG (328s, seuil temps réel 300s, source=yfinance_synthetic_spread) — utilisée quand même (seuil de fraîcheur actions/ETF 1500s), marquée delayed=true
2026-07-29 20:04:27,913 INFO bot.feeds.equities: quote différée pour AMD (328s, seuil temps réel 300s, source=yfinance_synthetic_spread) — utilisée quand même (seuil de fraîcheur actions/ETF 1500s), marquée delayed=true
2026-07-29 20:04:27,913 INFO bot.feeds.equities: quote différée pour AMGN (328s, seuil temps réel 300s, source=yfinance_synthetic_spread) — utilisée quand même (seuil de fraîcheur actions/ETF 1500s), marquée delayed=true
2026-07-29 20:04:27,913 INFO bot.feeds.equities: quote différée pour AMT (328s, seuil temps réel 300s, source=yfinance_synthetic_spread) — utilisée quand même (seuil de fraîcheur actions/ETF 1500s), marquée delayed=true
2026-07-29 20:04:27,914 INFO bot.feeds.equities: quote différée pour AMZN (328s, seuil temps réel 300s, source=yfinance_synthetic_spread) — utilisée quand même (seuil de fraîcheur actions/ETF 1500s), marquée delayed=true
2026-07-29 20:04:27,914 INFO bot.feeds.equities: quote différée pour AVGO (328s, seuil temps réel 300s, source=yfinance_synthetic_spread) — utilisée quand même (seuil de fraîcheur actions/ETF 1500s), marquée delayed=true
2026-07-29 20:04:27,914 INFO bot.feeds.equities: quote différée pour AXP (328s, seuil temps réel 300s, source=yfinance_synthetic_spread) — utilisée quand même (seuil de fraîcheur actions/ETF 1500s), marquée delayed=true
2026-07-29 20:04:27,914 INFO bot.feeds.equities: quote différée pour BA (328s, seuil temps réel 300s, source=yfinance_synthetic_spread) — utilisée quand même (seuil de fraîcheur actions/ETF 1500s), marquée delayed=true
2026-07-29 20:04:27,914 INFO bot.feeds.equities: quote différée pour BAC (328s, seuil temps réel 300s, source=yfinance_synthetic_spread) — utilisée quand même (seuil de fraîcheur actions/ETF 1500s), marquée delayed=true
2026-07-29 20:04:27,914 INFO bot.feeds.equities: quote différée pour BKNG (328s, seuil temps réel 300s, source=yfinance_synthetic_spread) — utilisée quand même (seuil de fraîcheur actions/ETF 1500s), marquée delayed=true
2026-07-29 20:04:27,914 INFO bot.feeds.equities: quote différée pour BLK (328s, seuil temps réel 300s, source=yfinance_synthetic_spread) — utilisée quand même (seuil de fraîcheur actions/ETF 1500s), marquée delayed=true
2026-07-29 20:04:27,914 INFO bot.feeds.equities: quote différée pour BMY (328s, seuil temps réel 300s, source=yfinance_synthetic_spread) — utilisée quand même (seuil de fraîcheur actions/ETF 1500s), marquée delayed=true
2026-07-29 20:04:27,914 INFO bot.feeds.equities: quote différée pour BRK.B (328s, seuil temps réel 300s, source=yfinance_synthetic_spread) — utilisée quand même (seuil de fraîcheur actions/ETF 1500s), marquée delayed=true
2026-07-29 20:04:27,914 INFO bot.feeds.equities: quote différée pour C (328s, seuil temps réel 300s, source=yfinance_synthetic_spread) — utilisée quand même (seuil de fraîcheur actions/ETF 1500s), marquée delayed=true
2026-07-29 20:04:27,914 INFO bot.feeds.equities: quote différée pour CAT (328s, seuil temps réel 300s, source=yfinance_synthetic_spread) — utilisée quand même (seuil de fraîcheur actions/ETF 1500s), marquée delayed=true
2026-07-29 20:04:27,914 INFO bot.feeds.equities: quote différée pour CHTR (328s, seuil temps réel 300s, source=yfinance_synthetic_spread) — utilisée quand même (seuil de fraîcheur actions/ETF 1500s), marquée delayed=true
2026-07-29 20:04:27,914 INFO bot.feeds.equities: quote différée pour CL (328s, seuil temps réel 300s, source=yfinance_synthetic_spread) — utilisée quand même (seuil de fraîcheur actions/ETF 1500s), marquée delayed=true
2026-07-29 20:04:27,914 INFO bot.feeds.equities: quote différée pour CMCSA (328s, seuil temps réel 300s, source=yfinance_synthetic_spread) — utilisée quand même (seuil de fraîcheur actions/ETF 1500s), marquée delayed=true
2026-07-29 20:04:27,914 INFO bot.feeds.equities: quote différée pour COF (328s, seuil temps réel 300s, source=yfinance_synthetic_spread) — utilisée quand même (seuil de fraîcheur actions/ETF 1500s), marquée delayed=true
2026-07-29 20:04:27,915 INFO bot.feeds.equities: quote différée pour COP (328s, seuil temps réel 300s, source=yfinance_synthetic_spread) — utilisée quand même (seuil de fraîcheur actions/ETF 1500s), marquée delayed=true
2026-07-29 20:04:27,915 INFO bot.feeds.equities: quote différée pour COST (328s, seuil temps réel 300s, source=yfinance_synthetic_spread) — utilisée quand même (seuil de fraîcheur actions/ETF 1500s), marquée delayed=true
2026-07-29 20:04:27,915 INFO bot.feeds.equities: quote différée pour CRM (328s, seuil temps réel 300s, source=yfinance_synthetic_spread) — utilisée quand même (seuil de fraîcheur actions/ETF 1500s), marquée delayed=true
2026-07-29 20:04:27,915 INFO bot.feeds.equities: quote différée pour CSCO (328s, seuil temps réel 300s, source=yfinance_synthetic_spread) — utilisée quand même (seuil de fraîcheur actions/ETF 1500s), marquée delayed=true
2026-07-29 20:04:27,915 INFO bot.feeds.equities: quote différée pour CVS (328s, seuil temps réel 300s, source=yfinance_synthetic_spread) — utilisée quand même (seuil de fraîcheur actions/ETF 1500s), marquée delayed=true
2026-07-29 20:04:27,915 INFO bot.feeds.equities: quote différée pour CVX (328s, seuil temps réel 300s, source=yfinance_synthetic_spread) — utilisée quand même (seuil de fraîcheur actions/ETF 1500s), marquée delayed=true
2026-07-29 20:04:27,915 INFO bot.feeds.equities: quote différée pour DBC (328s, seuil temps réel 300s, source=yfinance_synthetic_spread) — utilisée quand même (seuil de fraîcheur actions/ETF 1500s), marquée delayed=true
2026-07-29 20:04:27,915 INFO bot.feeds.equities: quote différée pour DE (328s, seuil temps réel 300s, source=yfinance_synthetic_spread) — utilisée quand même (seuil de fraîcheur actions/ETF 1500s), marquée delayed=true
2026-07-29 20:04:27,915 INFO bot.feeds.equities: quote différée pour DHR (328s, seuil temps réel 300s, source=yfinance_synthetic_spread) — utilisée quand même (seuil de fraîcheur actions/ETF 1500s), marquée delayed=true
2026-07-29 20:04:27,915 INFO bot.feeds.equities: quote différée pour DIS (328s, seuil temps réel 300s, source=yfinance_synthetic_spread) — utilisée quand même (seuil de fraîcheur actions/ETF 1500s), marquée delayed=true
2026-07-29 20:04:27,915 INFO bot.feeds.equities: quote différée pour DOW (328s, seuil temps réel 300s, source=yfinance_synthetic_spread) — utilisée quand même (seuil de fraîcheur actions/ETF 1500s), marquée delayed=true
2026-07-29 20:04:27,915 INFO bot.feeds.equities: quote différée pour DUK (328s, seuil temps réel 300s, source=yfinance_synthetic_spread) — utilisée quand même (seuil de fraîcheur actions/ETF 1500s), marquée delayed=true
2026-07-29 20:04:27,915 INFO bot.feeds.equities: quote différée pour EEM (328s, seuil temps réel 300s, source=yfinance_synthetic_spread) — utilisée quand même (seuil de fraîcheur actions/ETF 1500s), marquée delayed=true
2026-07-29 20:04:27,915 INFO bot.feeds.equities: quote différée pour EFA (328s, seuil temps réel 300s, source=yfinance_synthetic_spread) — utilisée quand même (seuil de fraîcheur actions/ETF 1500s), marquée delayed=true
2026-07-29 20:04:27,915 INFO bot.feeds.equities: quote différée pour EMR (328s, seuil temps réel 300s, source=yfinance_synthetic_spread) — utilisée quand même (seuil de fraîcheur actions/ETF 1500s), marquée delayed=true
2026-07-29 20:04:27,916 INFO bot.feeds.equities: quote différée pour F (328s, seuil temps réel 300s, source=yfinance_synthetic_spread) — utilisée quand même (seuil de fraîcheur actions/ETF 1500s), marquée delayed=true
2026-07-29 20:04:27,916 INFO bot.feeds.equities: quote différée pour FDX (328s, seuil temps réel 300s, source=yfinance_synthetic_spread) — utilisée quand même (seuil de fraîcheur actions/ETF 1500s), marquée delayed=true
2026-07-29 20:04:27,916 INFO bot.feeds.equities: quote différée pour GD (328s, seuil temps réel 300s, source=yfinance_synthetic_spread) — utilisée quand même (seuil de fraîcheur actions/ETF 1500s), marquée delayed=true
2026-07-29 20:04:27,916 INFO bot.feeds.equities: quote différée pour GE (328s, seuil temps réel 300s, source=yfinance_synthetic_spread) — utilisée quand même (seuil de fraîcheur actions/ETF 1500s), marquée delayed=true
2026-07-29 20:04:27,916 INFO bot.feeds.equities: quote différée pour GILD (328s, seuil temps réel 300s, source=yfinance_synthetic_spread) — utilisée quand même (seuil de fraîcheur actions/ETF 1500s), marquée delayed=true
2026-07-29 20:04:27,916 INFO bot.feeds.equities: quote différée pour GLD (328s, seuil temps réel 300s, source=yfinance_synthetic_spread) — utilisée quand même (seuil de fraîcheur actions/ETF 1500s), marquée delayed=true
2026-07-29 20:04:27,916 INFO bot.feeds.equities: quote différée pour GM (328s, seuil temps réel 300s, source=yfinance_synthetic_spread) — utilisée quand même (seuil de fraîcheur actions/ETF 1500s), marquée delayed=true
2026-07-29 20:04:27,916 INFO bot.feeds.equities: quote différée pour GOOG (328s, seuil temps réel 300s, source=yfinance_synthetic_spread) — utilisée quand même (seuil de fraîcheur actions/ETF 1500s), marquée delayed=true
2026-07-29 20:04:27,916 INFO bot.feeds.equities: quote différée pour GOOGL (328s, seuil temps réel 300s, source=yfinance_synthetic_spread) — utilisée quand même (seuil de fraîcheur actions/ETF 1500s), marquée delayed=true
2026-07-29 20:04:27,916 INFO bot.feeds.equities: quote différée pour GS (328s, seuil temps réel 300s, source=yfinance_synthetic_spread) — utilisée quand même (seuil de fraîcheur actions/ETF 1500s), marquée delayed=true
2026-07-29 20:04:27,916 INFO bot.feeds.equities: quote différée pour HD (328s, seuil temps réel 300s, source=yfinance_synthetic_spread) — utilisée quand même (seuil de fraîcheur actions/ETF 1500s), marquée delayed=true
2026-07-29 20:04:27,916 INFO bot.feeds.equities: quote différée pour HON (328s, seuil temps réel 300s, source=yfinance_synthetic_spread) — utilisée quand même (seuil de fraîcheur actions/ETF 1500s), marquée delayed=true
2026-07-29 20:04:27,916 INFO bot.feeds.equities: quote différée pour IBM (328s, seuil temps réel 300s, source=yfinance_synthetic_spread) — utilisée quand même (seuil de fraîcheur actions/ETF 1500s), marquée delayed=true
2026-07-29 20:04:27,916 INFO bot.feeds.equities: quote différée pour IEF (328s, seuil temps réel 300s, source=yfinance_synthetic_spread) — utilisée quand même (seuil de fraîcheur actions/ETF 1500s), marquée delayed=true
2026-07-29 20:04:27,916 INFO bot.feeds.equities: quote différée pour INTC (328s, seuil temps réel 300s, source=yfinance_synthetic_spread) — utilisée quand même (seuil de fraîcheur actions/ETF 1500s), marquée delayed=true
2026-07-29 20:04:27,917 INFO bot.feeds.equities: quote différée pour INTU (328s, seuil temps réel 300s, source=yfinance_synthetic_spread) — utilisée quand même (seuil de fraîcheur actions/ETF 1500s), marquée delayed=true
2026-07-29 20:04:27,917 INFO bot.feeds.equities: quote différée pour ISRG (328s, seuil temps réel 300s, source=yfinance_synthetic_spread) — utilisée quand même (seuil de fraîcheur actions/ETF 1500s), marquée delayed=true
2026-07-29 20:04:27,917 INFO bot.feeds.equities: quote différée pour IWM (328s, seuil temps réel 300s, source=yfinance_synthetic_spread) — utilisée quand même (seuil de fraîcheur actions/ETF 1500s), marquée delayed=true
2026-07-29 20:04:27,917 INFO bot.feeds.equities: quote différée pour JNJ (328s, seuil temps réel 300s, source=yfinance_synthetic_spread) — utilisée quand même (seuil de fraîcheur actions/ETF 1500s), marquée delayed=true
2026-07-29 20:04:27,917 INFO bot.feeds.equities: quote différée pour JPM (328s, seuil temps réel 300s, source=yfinance_synthetic_spread) — utilisée quand même (seuil de fraîcheur actions/ETF 1500s), marquée delayed=true
2026-07-29 20:04:27,917 INFO bot.feeds.equities: quote différée pour KHC (328s, seuil temps réel 300s, source=yfinance_synthetic_spread) — utilisée quand même (seuil de fraîcheur actions/ETF 1500s), marquée delayed=true
2026-07-29 20:04:27,917 INFO bot.feeds.equities: quote différée pour KMI (328s, seuil temps réel 300s, source=yfinance_synthetic_spread) — utilisée quand même (seuil de fraîcheur actions/ETF 1500s), marquée delayed=true
2026-07-29 20:04:27,917 INFO bot.feeds.equities: quote différée pour KO (328s, seuil temps réel 300s, source=yfinance_synthetic_spread) — utilisée quand même (seuil de fraîcheur actions/ETF 1500s), marquée delayed=true
2026-07-29 20:04:27,917 INFO bot.feeds.equities: quote différée pour LIN (328s, seuil temps réel 300s, source=yfinance_synthetic_spread) — utilisée quand même (seuil de fraîcheur actions/ETF 1500s), marquée delayed=true
2026-07-29 20:04:27,917 INFO bot.feeds.equities: quote différée pour LLY (328s, seuil temps réel 300s, source=yfinance_synthetic_spread) — utilisée quand même (seuil de fraîcheur actions/ETF 1500s), marquée delayed=true
2026-07-29 20:04:27,917 INFO bot.feeds.equities: quote différée pour LMT (328s, seuil temps réel 300s, source=yfinance_synthetic_spread) — utilisée quand même (seuil de fraîcheur actions/ETF 1500s), marquée delayed=true
2026-07-29 20:04:27,917 INFO bot.feeds.equities: quote différée pour LOW (328s, seuil temps réel 300s, source=yfinance_synthetic_spread) — utilisée quand même (seuil de fraîcheur actions/ETF 1500s), marquée delayed=true
2026-07-29 20:04:27,917 INFO bot.feeds.equities: quote différée pour MA (328s, seuil temps réel 300s, source=yfinance_synthetic_spread) — utilisée quand même (seuil de fraîcheur actions/ETF 1500s), marquée delayed=true
2026-07-29 20:04:27,917 INFO bot.feeds.equities: quote différée pour MCD (328s, seuil temps réel 300s, source=yfinance_synthetic_spread) — utilisée quand même (seuil de fraîcheur actions/ETF 1500s), marquée delayed=true
2026-07-29 20:04:27,917 INFO bot.feeds.equities: quote différée pour MDLZ (328s, seuil temps réel 300s, source=yfinance_synthetic_spread) — utilisée quand même (seuil de fraîcheur actions/ETF 1500s), marquée delayed=true
2026-07-29 20:04:27,917 INFO bot.feeds.equities: quote différée pour MDT (328s, seuil temps réel 300s, source=yfinance_synthetic_spread) — utilisée quand même (seuil de fraîcheur actions/ETF 1500s), marquée delayed=true
2026-07-29 20:04:27,918 INFO bot.feeds.equities: quote différée pour MET (328s, seuil temps réel 300s, source=yfinance_synthetic_spread) — utilisée quand même (seuil de fraîcheur actions/ETF 1500s), marquée delayed=true
2026-07-29 20:04:27,918 INFO bot.feeds.equities: quote différée pour META (328s, seuil temps réel 300s, source=yfinance_synthetic_spread) — utilisée quand même (seuil de fraîcheur actions/ETF 1500s), marquée delayed=true
2026-07-29 20:04:27,918 INFO bot.feeds.equities: quote différée pour MMM (328s, seuil temps réel 300s, source=yfinance_synthetic_spread) — utilisée quand même (seuil de fraîcheur actions/ETF 1500s), marquée delayed=true
2026-07-29 20:04:27,918 INFO bot.feeds.equities: quote différée pour MO (328s, seuil temps réel 300s, source=yfinance_synthetic_spread) — utilisée quand même (seuil de fraîcheur actions/ETF 1500s), marquée delayed=true
2026-07-29 20:04:27,918 INFO bot.feeds.equities: quote différée pour MRK (328s, seuil temps réel 300s, source=yfinance_synthetic_spread) — utilisée quand même (seuil de fraîcheur actions/ETF 1500s), marquée delayed=true
2026-07-29 20:04:27,918 INFO bot.feeds.equities: quote différée pour MS (328s, seuil temps réel 300s, source=yfinance_synthetic_spread) — utilisée quand même (seuil de fraîcheur actions/ETF 1500s), marquée delayed=true
2026-07-29 20:04:27,918 INFO bot.feeds.equities: quote différée pour MSFT (328s, seuil temps réel 300s, source=yfinance_synthetic_spread) — utilisée quand même (seuil de fraîcheur actions/ETF 1500s), marquée delayed=true
2026-07-29 20:04:27,918 INFO bot.feeds.equities: quote différée pour NEE (328s, seuil temps réel 300s, source=yfinance_synthetic_spread) — utilisée quand même (seuil de fraîcheur actions/ETF 1500s), marquée delayed=true
2026-07-29 20:04:27,918 INFO bot.feeds.equities: quote différée pour NFLX (328s, seuil temps réel 300s, source=yfinance_synthetic_spread) — utilisée quand même (seuil de fraîcheur actions/ETF 1500s), marquée delayed=true
2026-07-29 20:04:27,918 INFO bot.feeds.equities: quote différée pour NKE (328s, seuil temps réel 300s, source=yfinance_synthetic_spread) — utilisée quand même (seuil de fraîcheur actions/ETF 1500s), marquée delayed=true
2026-07-29 20:04:27,918 INFO bot.feeds.equities: quote différée pour NVDA (328s, seuil temps réel 300s, source=yfinance_synthetic_spread) — utilisée quand même (seuil de fraîcheur actions/ETF 1500s), marquée delayed=true
2026-07-29 20:04:27,918 INFO bot.feeds.equities: quote différée pour ORCL (328s, seuil temps réel 300s, source=yfinance_synthetic_spread) — utilisée quand même (seuil de fraîcheur actions/ETF 1500s), marquée delayed=true
2026-07-29 20:04:27,918 INFO bot.feeds.equities: quote différée pour PEP (328s, seuil temps réel 300s, source=yfinance_synthetic_spread) — utilisée quand même (seuil de fraîcheur actions/ETF 1500s), marquée delayed=true
2026-07-29 20:04:27,918 INFO bot.feeds.equities: quote différée pour PFE (328s, seuil temps réel 300s, source=yfinance_synthetic_spread) — utilisée quand même (seuil de fraîcheur actions/ETF 1500s), marquée delayed=true
2026-07-29 20:04:27,918 INFO bot.feeds.equities: quote différée pour PG (328s, seuil temps réel 300s, source=yfinance_synthetic_spread) — utilisée quand même (seuil de fraîcheur actions/ETF 1500s), marquée delayed=true
2026-07-29 20:04:27,918 INFO bot.feeds.equities: quote différée pour PM (328s, seuil temps réel 300s, source=yfinance_synthetic_spread) — utilisée quand même (seuil de fraîcheur actions/ETF 1500s), marquée delayed=true
2026-07-29 20:04:27,919 INFO bot.feeds.equities: quote différée pour PYPL (328s, seuil temps réel 300s, source=yfinance_synthetic_spread) — utilisée quand même (seuil de fraîcheur actions/ETF 1500s), marquée delayed=true
2026-07-29 20:04:27,919 INFO bot.feeds.equities: quote différée pour QCOM (328s, seuil temps réel 300s, source=yfinance_synthetic_spread) — utilisée quand même (seuil de fraîcheur actions/ETF 1500s), marquée delayed=true
2026-07-29 20:04:27,919 INFO bot.feeds.equities: quote différée pour QQQ (328s, seuil temps réel 300s, source=yfinance_synthetic_spread) — utilisée quand même (seuil de fraîcheur actions/ETF 1500s), marquée delayed=true
2026-07-29 20:04:27,919 INFO bot.feeds.equities: quote différée pour RTX (328s, seuil temps réel 300s, source=yfinance_synthetic_spread) — utilisée quand même (seuil de fraîcheur actions/ETF 1500s), marquée delayed=true
2026-07-29 20:04:27,919 INFO bot.feeds.equities: quote différée pour SBUX (328s, seuil temps réel 300s, source=yfinance_synthetic_spread) — utilisée quand même (seuil de fraîcheur actions/ETF 1500s), marquée delayed=true
2026-07-29 20:04:27,919 INFO bot.feeds.equities: quote différée pour SCHW (328s, seuil temps réel 300s, source=yfinance_synthetic_spread) — utilisée quand même (seuil de fraîcheur actions/ETF 1500s), marquée delayed=true
2026-07-29 20:04:27,919 INFO bot.feeds.equities: quote différée pour SO (328s, seuil temps réel 300s, source=yfinance_synthetic_spread) — utilisée quand même (seuil de fraîcheur actions/ETF 1500s), marquée delayed=true
2026-07-29 20:04:27,919 INFO bot.feeds.equities: quote différée pour SPG (328s, seuil temps réel 300s, source=yfinance_synthetic_spread) — utilisée quand même (seuil de fraîcheur actions/ETF 1500s), marquée delayed=true
2026-07-29 20:04:27,919 INFO bot.feeds.equities: quote différée pour SPY (328s, seuil temps réel 300s, source=yfinance_synthetic_spread) — utilisée quand même (seuil de fraîcheur actions/ETF 1500s), marquée delayed=true
2026-07-29 20:04:27,919 INFO bot.feeds.equities: quote différée pour T (328s, seuil temps réel 300s, source=yfinance_synthetic_spread) — utilisée quand même (seuil de fraîcheur actions/ETF 1500s), marquée delayed=true
2026-07-29 20:04:27,919 INFO bot.feeds.equities: quote différée pour TGT (328s, seuil temps réel 300s, source=yfinance_synthetic_spread) — utilisée quand même (seuil de fraîcheur actions/ETF 1500s), marquée delayed=true
2026-07-29 20:04:27,919 INFO bot.feeds.equities: quote différée pour TJX (328s, seuil temps réel 300s, source=yfinance_synthetic_spread) — utilisée quand même (seuil de fraîcheur actions/ETF 1500s), marquée delayed=true
2026-07-29 20:04:27,919 INFO bot.feeds.equities: quote différée pour TMO (328s, seuil temps réel 300s, source=yfinance_synthetic_spread) — utilisée quand même (seuil de fraîcheur actions/ETF 1500s), marquée delayed=true
2026-07-29 20:04:27,919 INFO bot.feeds.equities: quote différée pour TMUS (328s, seuil temps réel 300s, source=yfinance_synthetic_spread) — utilisée quand même (seuil de fraîcheur actions/ETF 1500s), marquée delayed=true
2026-07-29 20:04:27,919 INFO bot.feeds.equities: quote différée pour TSLA (328s, seuil temps réel 300s, source=yfinance_synthetic_spread) — utilisée quand même (seuil de fraîcheur actions/ETF 1500s), marquée delayed=true
2026-07-29 20:04:27,920 INFO bot.feeds.equities: quote différée pour TXN (328s, seuil temps réel 300s, source=yfinance_synthetic_spread) — utilisée quand même (seuil de fraîcheur actions/ETF 1500s), marquée delayed=true
2026-07-29 20:04:27,920 INFO bot.feeds.equities: quote différée pour UNH (328s, seuil temps réel 300s, source=yfinance_synthetic_spread) — utilisée quand même (seuil de fraîcheur actions/ETF 1500s), marquée delayed=true
2026-07-29 20:04:27,920 INFO bot.feeds.equities: quote différée pour UNP (328s, seuil temps réel 300s, source=yfinance_synthetic_spread) — utilisée quand même (seuil de fraîcheur actions/ETF 1500s), marquée delayed=true
2026-07-29 20:04:27,920 INFO bot.feeds.equities: quote différée pour UPS (328s, seuil temps réel 300s, source=yfinance_synthetic_spread) — utilisée quand même (seuil de fraîcheur actions/ETF 1500s), marquée delayed=true
2026-07-29 20:04:27,920 INFO bot.feeds.equities: quote différée pour USB (328s, seuil temps réel 300s, source=yfinance_synthetic_spread) — utilisée quand même (seuil de fraîcheur actions/ETF 1500s), marquée delayed=true
2026-07-29 20:04:27,920 INFO bot.feeds.equities: quote différée pour V (328s, seuil temps réel 300s, source=yfinance_synthetic_spread) — utilisée quand même (seuil de fraîcheur actions/ETF 1500s), marquée delayed=true
2026-07-29 20:04:27,920 INFO bot.feeds.equities: quote différée pour VNQ (328s, seuil temps réel 300s, source=yfinance_synthetic_spread) — utilisée quand même (seuil de fraîcheur actions/ETF 1500s), marquée delayed=true
2026-07-29 20:04:27,920 INFO bot.feeds.equities: quote différée pour VZ (328s, seuil temps réel 300s, source=yfinance_synthetic_spread) — utilisée quand même (seuil de fraîcheur actions/ETF 1500s), marquée delayed=true
2026-07-29 20:04:27,920 INFO bot.feeds.equities: quote différée pour WFC (328s, seuil temps réel 300s, source=yfinance_synthetic_spread) — utilisée quand même (seuil de fraîcheur actions/ETF 1500s), marquée delayed=true
2026-07-29 20:04:27,920 INFO bot.feeds.equities: quote différée pour WMT (328s, seuil temps réel 300s, source=yfinance_synthetic_spread) — utilisée quand même (seuil de fraîcheur actions/ETF 1500s), marquée delayed=true
2026-07-29 20:04:27,920 INFO bot.feeds.equities: quote différée pour XOM (328s, seuil temps réel 300s, source=yfinance_synthetic_spread) — utilisée quand même (seuil de fraîcheur actions/ETF 1500s), marquée delayed=true
2026-07-29 20:04:27,993 WARNING bot.feeds.crypto: binance klines échec pour AVAXUSDT: 451 Client Error:  for url: https://api.binance.com/api/v3/klines?symbol=AVAXUSDT&interval=1h&limit=305
2026-07-29 20:04:28,163 WARNING bot.feeds.crypto: binance klines échec pour BNBUSDT: 451 Client Error:  for url: https://api.binance.com/api/v3/klines?symbol=BNBUSDT&interval=1h&limit=305
2026-07-29 20:04:28,457 WARNING bot.runner: historique indisponible pour BNB: crypto BNB: seulement 300/4848 bougies obtenues (réseau plafonné à 300h + repli cache disque journalier épuisés)
2026-07-29 20:04:28,462 WARNING bot.feeds.crypto: binance klines échec pour BTCUSDT: 451 Client Error:  for url: https://api.binance.com/api/v3/klines?symbol=BTCUSDT&interval=1h&limit=305
2026-07-29 20:04:28,530 WARNING bot.feeds.crypto: binance klines échec pour DOGEUSDT: 451 Client Error:  for url: https://api.binance.com/api/v3/klines?symbol=DOGEUSDT&interval=1h&limit=305
2026-07-29 20:04:28,611 WARNING bot.feeds.crypto: binance klines échec pour ETHUSDT: 451 Client Error:  for url: https://api.binance.com/api/v3/klines?symbol=ETHUSDT&interval=1h&limit=305
2026-07-29 20:04:28,723 WARNING bot.feeds.crypto: binance klines échec pour FILUSDT: 451 Client Error:  for url: https://api.binance.com/api/v3/klines?symbol=FILUSDT&interval=1h&limit=305
2026-07-29 20:04:28,880 WARNING bot.feeds.crypto: binance klines échec pour HBARUSDT: 451 Client Error:  for url: https://api.binance.com/api/v3/klines?symbol=HBARUSDT&interval=1h&limit=305
2026-07-29 20:04:29,161 WARNING bot.feeds.crypto: binance klines échec pour ICPUSDT: 451 Client Error:  for url: https://api.binance.com/api/v3/klines?symbol=ICPUSDT&interval=1h&limit=305
2026-07-29 20:04:29,504 WARNING bot.feeds.crypto: binance klines échec pour LINKUSDT: 451 Client Error:  for url: https://api.binance.com/api/v3/klines?symbol=LINKUSDT&interval=1h&limit=305
2026-07-29 20:04:29,653 WARNING bot.feeds.crypto: binance klines échec pour OPUSDT: 451 Client Error:  for url: https://api.binance.com/api/v3/klines?symbol=OPUSDT&interval=1h&limit=305
2026-07-29 20:04:29,925 WARNING bot.feeds.crypto: binance klines échec pour SOLUSDT: 451 Client Error:  for url: https://api.binance.com/api/v3/klines?symbol=SOLUSDT&interval=1h&limit=305
2026-07-29 20:04:30,004 WARNING bot.feeds.crypto: binance klines échec pour UNIUSDT: 451 Client Error:  for url: https://api.binance.com/api/v3/klines?symbol=UNIUSDT&interval=1h&limit=305
2026-07-29 20:04:30,386 WARNING bot.feeds.crypto: binance klines échec pour XLMUSDT: 451 Client Error:  for url: https://api.binance.com/api/v3/klines?symbol=XLMUSDT&interval=1h&limit=305
2026-07-29 20:04:30,430 WARNING bot.feeds.crypto: binance klines échec pour XRPUSDT: 451 Client Error:  for url: https://api.binance.com/api/v3/klines?symbol=XRPUSDT&interval=1h&limit=305
2026-07-29 20:04:30,486 INFO bot.runner: TIMING phase=feeds_crypto durée=16.4s
2026-07-29 20:04:31,149 INFO bot.feeds.daily: cache disque data-cache (généré=2026-07-28T22:34:23.494695+00:00) : 112/112 symbole(s) servis sans appel réseau
2026-07-29 20:04:31,162 INFO bot.runner: TIMING phase=feeds_equities durée=0.7s
2026-07-29 20:04:31,606 INFO bot.runner: TIMING phase=strategies_execution durée=0.2s
2026-07-29 20:04:34,222 INFO bot.runner: TIMING phase=git_sync durée=2.6s
2026-07-29 20:04:34,222 INFO bot.runner: TIMING résumé cycle : feeds_crypto=16.4s feeds_equities=0.7s strategies_execution=0.2s git_sync=2.6s total=20.7s
2026-07-29 20:04:34,222 INFO bot.runner: git_sync SUCCESS — cycle 2026-07-29T20 terminé (🛡️ 983€ | ⚖️ 980€ | 🔥 978€ | 🧪 1001€).
