== Cycle bot (job.status=success) ==
date_utc: 2026-09-03T20:08:39+00:00
run_id_attendu: 2026-09-03T20
sha_main: 4117934cad65853b0a47c3368e6248a2af74ba8b
github_run_id: 33800349165
github_run_attempt: 1
github_run_number: 881
workflow: Bot cycle
event: schedule
==========================
2026-09-03 20:08:10,656 INFO bot.runner: Démarrage du cycle multi-wallets run_id=2026-09-03T20 (['prudent', 'equilibre', 'agressif', 'labo'])
2026-09-03 20:08:10,676 WARNING bot.runner: trou(s) détecté(s) dans equity.jsonl (tous wallets) sur les dernières 24h : ['2026-09-02T20', '2026-09-02T21', '2026-09-02T23', '2026-09-03T01', '2026-09-03T02', '2026-09-03T03', '2026-09-03T04', '2026-09-03T06', '2026-09-03T07', '2026-09-03T08', '2026-09-03T10', '2026-09-03T11', '2026-09-03T12', '2026-09-03T14', '2026-09-03T15', '2026-09-03T16', '2026-09-03T18', '2026-09-03T19']
2026-09-03 20:08:11,120 WARNING bot.feeds.equities: yahoo v7 quote échec pour ['AAPL', 'ABBV', 'ABT', 'ACN', 'ADBE', 'AIG', 'AMD', 'AMGN', 'AMT', 'AMZN', 'AVGO', 'AXP', 'BA', 'BAC', 'BKNG', 'BLK', 'BMY', 'BRK.B', 'C', 'CAT', 'CHTR', 'CL', 'CMCSA', 'COF', 'COP', 'COST', 'CRM', 'CSCO', 'CVS', 'CVX', 'DBC', 'DE', 'DHR', 'DIS', 'DOW', 'DUK', 'EEM', 'EFA', 'EMR', 'F', 'FDX', 'GD', 'GE', 'GILD', 'GLD', 'GM', 'GOOG', 'GOOGL', 'GS', 'HD', 'HON', 'IBM', 'IEF', 'INTC', 'INTU', 'ISRG', 'IWM', 'JNJ', 'JPM', 'KHC', 'KMI', 'KO', 'LIN', 'LLY', 'LMT', 'LOW', 'MA', 'MCD', 'MDLZ', 'MDT', 'MET', 'META', 'MMM', 'MO', 'MRK', 'MS', 'MSFT', 'NEE', 'NFLX', 'NKE', 'NVDA', 'ORCL', 'PEP', 'PFE', 'PG', 'PM', 'PYPL', 'QCOM', 'QQQ', 'RTX', 'SBUX', 'SCHW', 'SO', 'SPG', 'SPY', 'T', 'TGT', 'TJX', 'TMO', 'TMUS', 'TSLA', 'TXN', 'UNH', 'UNP', 'UPS', 'USB', 'V', 'VNQ', 'VZ', 'WFC', 'WMT', 'XOM']: 429 Client Error: Too Many Requests for url: https://query1.finance.yahoo.com/v7/finance/quote?symbols=AAPL%2CABBV%2CABT%2CACN%2CADBE%2CAIG%2CAMD%2CAMGN%2CAMT%2CAMZN%2CAVGO%2CAXP%2CBA%2CBAC%2CBKNG%2CBLK%2CBMY%2CBRK-B%2CC%2CCAT%2CCHTR%2CCL%2CCMCSA%2CCOF%2CCOP%2CCOST%2CCRM%2CCSCO%2CCVS%2CCVX%2CDBC%2CDE%2CDHR%2CDIS%2CDOW%2CDUK%2CEEM%2CEFA%2CEMR%2CF%2CFDX%2CGD%2CGE%2CGILD%2CGLD%2CGM%2CGOOG%2CGOOGL%2CGS%2CHD%2CHON%2CIBM%2CIEF%2CINTC%2CINTU%2CISRG%2CIWM%2CJNJ%2CJPM%2CKHC%2CKMI%2CKO%2CLIN%2CLLY%2CLMT%2CLOW%2CMA%2CMCD%2CMDLZ%2CMDT%2CMET%2CMETA%2CMMM%2CMO%2CMRK%2CMS%2CMSFT%2CNEE%2CNFLX%2CNKE%2CNVDA%2CORCL%2CPEP%2CPFE%2CPG%2CPM%2CPYPL%2CQCOM%2CQQQ%2CRTX%2CSBUX%2CSCHW%2CSO%2CSPG%2CSPY%2CT%2CTGT%2CTJX%2CTMO%2CTMUS%2CTSLA%2CTXN%2CUNH%2CUNP%2CUPS%2CUSB%2CV%2CVNQ%2CVZ%2CWFC%2CWMT%2CXOM (http_status=429, extrait_reponse='Too Many Requests\r\n')
2026-09-03 20:08:11,120 INFO bot.feeds.equities: repli yfinance pour 112/112 symbole(s) sans quote v7 (['AAPL', 'ABBV', 'ABT', 'ACN', 'ADBE', 'AIG', 'AMD', 'AMGN', 'AMT', 'AMZN', 'AVGO', 'AXP', 'BA', 'BAC', 'BKNG', 'BLK', 'BMY', 'BRK.B', 'C', 'CAT', 'CHTR', 'CL', 'CMCSA', 'COF', 'COP', 'COST', 'CRM', 'CSCO', 'CVS', 'CVX', 'DBC', 'DE', 'DHR', 'DIS', 'DOW', 'DUK', 'EEM', 'EFA', 'EMR', 'F', 'FDX', 'GD', 'GE', 'GILD', 'GLD', 'GM', 'GOOG', 'GOOGL', 'GS', 'HD', 'HON', 'IBM', 'IEF', 'INTC', 'INTU', 'ISRG', 'IWM', 'JNJ', 'JPM', 'KHC', 'KMI', 'KO', 'LIN', 'LLY', 'LMT', 'LOW', 'MA', 'MCD', 'MDLZ', 'MDT', 'MET', 'META', 'MMM', 'MO', 'MRK', 'MS', 'MSFT', 'NEE', 'NFLX', 'NKE', 'NVDA', 'ORCL', 'PEP', 'PFE', 'PG', 'PM', 'PYPL', 'QCOM', 'QQQ', 'RTX', 'SBUX', 'SCHW', 'SO', 'SPG', 'SPY', 'T', 'TGT', 'TJX', 'TMO', 'TMUS', 'TSLA', 'TXN', 'UNH', 'UNP', 'UPS', 'USB', 'V', 'VNQ', 'VZ', 'WFC', 'WMT', 'XOM'])
2026-09-03 20:08:12,295 ERROR yfinance: 
1 Failed download:
2026-09-03 20:08:12,295 ERROR yfinance: ['ABBV']: OperationalError('database is locked')
2026-09-03 20:08:26,746 INFO bot.feeds.equities: quote différée pour AAPL (567s, seuil temps réel 300s, source=yfinance_synthetic_spread) — utilisée quand même (seuil de fraîcheur actions/ETF 1500s), marquée delayed=true
2026-09-03 20:08:26,746 INFO bot.feeds.equities: quote différée pour ABT (567s, seuil temps réel 300s, source=yfinance_synthetic_spread) — utilisée quand même (seuil de fraîcheur actions/ETF 1500s), marquée delayed=true
2026-09-03 20:08:26,746 INFO bot.feeds.equities: quote différée pour ACN (567s, seuil temps réel 300s, source=yfinance_synthetic_spread) — utilisée quand même (seuil de fraîcheur actions/ETF 1500s), marquée delayed=true
2026-09-03 20:08:26,746 INFO bot.feeds.equities: quote différée pour ADBE (567s, seuil temps réel 300s, source=yfinance_synthetic_spread) — utilisée quand même (seuil de fraîcheur actions/ETF 1500s), marquée delayed=true
2026-09-03 20:08:26,746 INFO bot.feeds.equities: quote différée pour AIG (567s, seuil temps réel 300s, source=yfinance_synthetic_spread) — utilisée quand même (seuil de fraîcheur actions/ETF 1500s), marquée delayed=true
2026-09-03 20:08:26,746 INFO bot.feeds.equities: quote différée pour AMD (567s, seuil temps réel 300s, source=yfinance_synthetic_spread) — utilisée quand même (seuil de fraîcheur actions/ETF 1500s), marquée delayed=true
2026-09-03 20:08:26,746 INFO bot.feeds.equities: quote différée pour AMGN (567s, seuil temps réel 300s, source=yfinance_synthetic_spread) — utilisée quand même (seuil de fraîcheur actions/ETF 1500s), marquée delayed=true
2026-09-03 20:08:26,746 INFO bot.feeds.equities: quote différée pour AMT (567s, seuil temps réel 300s, source=yfinance_synthetic_spread) — utilisée quand même (seuil de fraîcheur actions/ETF 1500s), marquée delayed=true
2026-09-03 20:08:26,746 INFO bot.feeds.equities: quote différée pour AMZN (567s, seuil temps réel 300s, source=yfinance_synthetic_spread) — utilisée quand même (seuil de fraîcheur actions/ETF 1500s), marquée delayed=true
2026-09-03 20:08:26,746 INFO bot.feeds.equities: quote différée pour AVGO (567s, seuil temps réel 300s, source=yfinance_synthetic_spread) — utilisée quand même (seuil de fraîcheur actions/ETF 1500s), marquée delayed=true
2026-09-03 20:08:26,746 INFO bot.feeds.equities: quote différée pour AXP (567s, seuil temps réel 300s, source=yfinance_synthetic_spread) — utilisée quand même (seuil de fraîcheur actions/ETF 1500s), marquée delayed=true
2026-09-03 20:08:26,746 INFO bot.feeds.equities: quote différée pour BA (567s, seuil temps réel 300s, source=yfinance_synthetic_spread) — utilisée quand même (seuil de fraîcheur actions/ETF 1500s), marquée delayed=true
2026-09-03 20:08:26,746 INFO bot.feeds.equities: quote différée pour BAC (567s, seuil temps réel 300s, source=yfinance_synthetic_spread) — utilisée quand même (seuil de fraîcheur actions/ETF 1500s), marquée delayed=true
2026-09-03 20:08:26,746 INFO bot.feeds.equities: quote différée pour BKNG (567s, seuil temps réel 300s, source=yfinance_synthetic_spread) — utilisée quand même (seuil de fraîcheur actions/ETF 1500s), marquée delayed=true
2026-09-03 20:08:26,746 INFO bot.feeds.equities: quote différée pour BLK (567s, seuil temps réel 300s, source=yfinance_synthetic_spread) — utilisée quand même (seuil de fraîcheur actions/ETF 1500s), marquée delayed=true
2026-09-03 20:08:26,746 INFO bot.feeds.equities: quote différée pour BMY (567s, seuil temps réel 300s, source=yfinance_synthetic_spread) — utilisée quand même (seuil de fraîcheur actions/ETF 1500s), marquée delayed=true
2026-09-03 20:08:26,746 INFO bot.feeds.equities: quote différée pour BRK.B (567s, seuil temps réel 300s, source=yfinance_synthetic_spread) — utilisée quand même (seuil de fraîcheur actions/ETF 1500s), marquée delayed=true
2026-09-03 20:08:26,747 INFO bot.feeds.equities: quote différée pour C (567s, seuil temps réel 300s, source=yfinance_synthetic_spread) — utilisée quand même (seuil de fraîcheur actions/ETF 1500s), marquée delayed=true
2026-09-03 20:08:26,747 INFO bot.feeds.equities: quote différée pour CAT (567s, seuil temps réel 300s, source=yfinance_synthetic_spread) — utilisée quand même (seuil de fraîcheur actions/ETF 1500s), marquée delayed=true
2026-09-03 20:08:26,747 INFO bot.feeds.equities: quote différée pour CHTR (567s, seuil temps réel 300s, source=yfinance_synthetic_spread) — utilisée quand même (seuil de fraîcheur actions/ETF 1500s), marquée delayed=true
2026-09-03 20:08:26,747 INFO bot.feeds.equities: quote différée pour CL (567s, seuil temps réel 300s, source=yfinance_synthetic_spread) — utilisée quand même (seuil de fraîcheur actions/ETF 1500s), marquée delayed=true
2026-09-03 20:08:26,747 INFO bot.feeds.equities: quote différée pour CMCSA (567s, seuil temps réel 300s, source=yfinance_synthetic_spread) — utilisée quand même (seuil de fraîcheur actions/ETF 1500s), marquée delayed=true
2026-09-03 20:08:26,747 INFO bot.feeds.equities: quote différée pour COF (567s, seuil temps réel 300s, source=yfinance_synthetic_spread) — utilisée quand même (seuil de fraîcheur actions/ETF 1500s), marquée delayed=true
2026-09-03 20:08:26,747 INFO bot.feeds.equities: quote différée pour COP (567s, seuil temps réel 300s, source=yfinance_synthetic_spread) — utilisée quand même (seuil de fraîcheur actions/ETF 1500s), marquée delayed=true
2026-09-03 20:08:26,747 INFO bot.feeds.equities: quote différée pour COST (567s, seuil temps réel 300s, source=yfinance_synthetic_spread) — utilisée quand même (seuil de fraîcheur actions/ETF 1500s), marquée delayed=true
2026-09-03 20:08:26,747 INFO bot.feeds.equities: quote différée pour CRM (567s, seuil temps réel 300s, source=yfinance_synthetic_spread) — utilisée quand même (seuil de fraîcheur actions/ETF 1500s), marquée delayed=true
2026-09-03 20:08:26,747 INFO bot.feeds.equities: quote différée pour CSCO (567s, seuil temps réel 300s, source=yfinance_synthetic_spread) — utilisée quand même (seuil de fraîcheur actions/ETF 1500s), marquée delayed=true
2026-09-03 20:08:26,747 INFO bot.feeds.equities: quote différée pour CVS (567s, seuil temps réel 300s, source=yfinance_synthetic_spread) — utilisée quand même (seuil de fraîcheur actions/ETF 1500s), marquée delayed=true
2026-09-03 20:08:26,747 INFO bot.feeds.equities: quote différée pour CVX (567s, seuil temps réel 300s, source=yfinance_synthetic_spread) — utilisée quand même (seuil de fraîcheur actions/ETF 1500s), marquée delayed=true
2026-09-03 20:08:26,747 INFO bot.feeds.equities: quote différée pour DBC (567s, seuil temps réel 300s, source=yfinance_synthetic_spread) — utilisée quand même (seuil de fraîcheur actions/ETF 1500s), marquée delayed=true
2026-09-03 20:08:26,747 INFO bot.feeds.equities: quote différée pour DE (567s, seuil temps réel 300s, source=yfinance_synthetic_spread) — utilisée quand même (seuil de fraîcheur actions/ETF 1500s), marquée delayed=true
2026-09-03 20:08:26,747 INFO bot.feeds.equities: quote différée pour DHR (567s, seuil temps réel 300s, source=yfinance_synthetic_spread) — utilisée quand même (seuil de fraîcheur actions/ETF 1500s), marquée delayed=true
2026-09-03 20:08:26,747 INFO bot.feeds.equities: quote différée pour DIS (567s, seuil temps réel 300s, source=yfinance_synthetic_spread) — utilisée quand même (seuil de fraîcheur actions/ETF 1500s), marquée delayed=true
2026-09-03 20:08:26,747 INFO bot.feeds.equities: quote différée pour DOW (567s, seuil temps réel 300s, source=yfinance_synthetic_spread) — utilisée quand même (seuil de fraîcheur actions/ETF 1500s), marquée delayed=true
2026-09-03 20:08:26,747 INFO bot.feeds.equities: quote différée pour DUK (567s, seuil temps réel 300s, source=yfinance_synthetic_spread) — utilisée quand même (seuil de fraîcheur actions/ETF 1500s), marquée delayed=true
2026-09-03 20:08:26,747 INFO bot.feeds.equities: quote différée pour EEM (567s, seuil temps réel 300s, source=yfinance_synthetic_spread) — utilisée quand même (seuil de fraîcheur actions/ETF 1500s), marquée delayed=true
2026-09-03 20:08:26,747 INFO bot.feeds.equities: quote différée pour EFA (567s, seuil temps réel 300s, source=yfinance_synthetic_spread) — utilisée quand même (seuil de fraîcheur actions/ETF 1500s), marquée delayed=true
2026-09-03 20:08:26,747 INFO bot.feeds.equities: quote différée pour EMR (567s, seuil temps réel 300s, source=yfinance_synthetic_spread) — utilisée quand même (seuil de fraîcheur actions/ETF 1500s), marquée delayed=true
2026-09-03 20:08:26,747 INFO bot.feeds.equities: quote différée pour F (567s, seuil temps réel 300s, source=yfinance_synthetic_spread) — utilisée quand même (seuil de fraîcheur actions/ETF 1500s), marquée delayed=true
2026-09-03 20:08:26,747 INFO bot.feeds.equities: quote différée pour FDX (567s, seuil temps réel 300s, source=yfinance_synthetic_spread) — utilisée quand même (seuil de fraîcheur actions/ETF 1500s), marquée delayed=true
2026-09-03 20:08:26,747 INFO bot.feeds.equities: quote différée pour GD (567s, seuil temps réel 300s, source=yfinance_synthetic_spread) — utilisée quand même (seuil de fraîcheur actions/ETF 1500s), marquée delayed=true
2026-09-03 20:08:26,747 INFO bot.feeds.equities: quote différée pour GE (567s, seuil temps réel 300s, source=yfinance_synthetic_spread) — utilisée quand même (seuil de fraîcheur actions/ETF 1500s), marquée delayed=true
2026-09-03 20:08:26,747 INFO bot.feeds.equities: quote différée pour GILD (567s, seuil temps réel 300s, source=yfinance_synthetic_spread) — utilisée quand même (seuil de fraîcheur actions/ETF 1500s), marquée delayed=true
2026-09-03 20:08:26,747 INFO bot.feeds.equities: quote différée pour GLD (567s, seuil temps réel 300s, source=yfinance_synthetic_spread) — utilisée quand même (seuil de fraîcheur actions/ETF 1500s), marquée delayed=true
2026-09-03 20:08:26,747 INFO bot.feeds.equities: quote différée pour GM (567s, seuil temps réel 300s, source=yfinance_synthetic_spread) — utilisée quand même (seuil de fraîcheur actions/ETF 1500s), marquée delayed=true
2026-09-03 20:08:26,747 INFO bot.feeds.equities: quote différée pour GOOG (567s, seuil temps réel 300s, source=yfinance_synthetic_spread) — utilisée quand même (seuil de fraîcheur actions/ETF 1500s), marquée delayed=true
2026-09-03 20:08:26,747 INFO bot.feeds.equities: quote différée pour GOOGL (567s, seuil temps réel 300s, source=yfinance_synthetic_spread) — utilisée quand même (seuil de fraîcheur actions/ETF 1500s), marquée delayed=true
2026-09-03 20:08:26,748 INFO bot.feeds.equities: quote différée pour GS (567s, seuil temps réel 300s, source=yfinance_synthetic_spread) — utilisée quand même (seuil de fraîcheur actions/ETF 1500s), marquée delayed=true
2026-09-03 20:08:26,748 INFO bot.feeds.equities: quote différée pour HD (567s, seuil temps réel 300s, source=yfinance_synthetic_spread) — utilisée quand même (seuil de fraîcheur actions/ETF 1500s), marquée delayed=true
2026-09-03 20:08:26,748 INFO bot.feeds.equities: quote différée pour HON (567s, seuil temps réel 300s, source=yfinance_synthetic_spread) — utilisée quand même (seuil de fraîcheur actions/ETF 1500s), marquée delayed=true
2026-09-03 20:08:26,748 INFO bot.feeds.equities: quote différée pour IBM (567s, seuil temps réel 300s, source=yfinance_synthetic_spread) — utilisée quand même (seuil de fraîcheur actions/ETF 1500s), marquée delayed=true
2026-09-03 20:08:26,748 INFO bot.feeds.equities: quote différée pour IEF (567s, seuil temps réel 300s, source=yfinance_synthetic_spread) — utilisée quand même (seuil de fraîcheur actions/ETF 1500s), marquée delayed=true
2026-09-03 20:08:26,748 INFO bot.feeds.equities: quote différée pour INTC (567s, seuil temps réel 300s, source=yfinance_synthetic_spread) — utilisée quand même (seuil de fraîcheur actions/ETF 1500s), marquée delayed=true
2026-09-03 20:08:26,748 INFO bot.feeds.equities: quote différée pour INTU (567s, seuil temps réel 300s, source=yfinance_synthetic_spread) — utilisée quand même (seuil de fraîcheur actions/ETF 1500s), marquée delayed=true
2026-09-03 20:08:26,748 INFO bot.feeds.equities: quote différée pour ISRG (567s, seuil temps réel 300s, source=yfinance_synthetic_spread) — utilisée quand même (seuil de fraîcheur actions/ETF 1500s), marquée delayed=true
2026-09-03 20:08:26,748 INFO bot.feeds.equities: quote différée pour IWM (567s, seuil temps réel 300s, source=yfinance_synthetic_spread) — utilisée quand même (seuil de fraîcheur actions/ETF 1500s), marquée delayed=true
2026-09-03 20:08:26,748 INFO bot.feeds.equities: quote différée pour JNJ (567s, seuil temps réel 300s, source=yfinance_synthetic_spread) — utilisée quand même (seuil de fraîcheur actions/ETF 1500s), marquée delayed=true
2026-09-03 20:08:26,748 INFO bot.feeds.equities: quote différée pour JPM (567s, seuil temps réel 300s, source=yfinance_synthetic_spread) — utilisée quand même (seuil de fraîcheur actions/ETF 1500s), marquée delayed=true
2026-09-03 20:08:26,748 INFO bot.feeds.equities: quote différée pour KHC (567s, seuil temps réel 300s, source=yfinance_synthetic_spread) — utilisée quand même (seuil de fraîcheur actions/ETF 1500s), marquée delayed=true
2026-09-03 20:08:26,748 INFO bot.feeds.equities: quote différée pour KMI (567s, seuil temps réel 300s, source=yfinance_synthetic_spread) — utilisée quand même (seuil de fraîcheur actions/ETF 1500s), marquée delayed=true
2026-09-03 20:08:26,748 INFO bot.feeds.equities: quote différée pour KO (567s, seuil temps réel 300s, source=yfinance_synthetic_spread) — utilisée quand même (seuil de fraîcheur actions/ETF 1500s), marquée delayed=true
2026-09-03 20:08:26,748 INFO bot.feeds.equities: quote différée pour LIN (567s, seuil temps réel 300s, source=yfinance_synthetic_spread) — utilisée quand même (seuil de fraîcheur actions/ETF 1500s), marquée delayed=true
2026-09-03 20:08:26,748 INFO bot.feeds.equities: quote différée pour LLY (567s, seuil temps réel 300s, source=yfinance_synthetic_spread) — utilisée quand même (seuil de fraîcheur actions/ETF 1500s), marquée delayed=true
2026-09-03 20:08:26,748 INFO bot.feeds.equities: quote différée pour LMT (567s, seuil temps réel 300s, source=yfinance_synthetic_spread) — utilisée quand même (seuil de fraîcheur actions/ETF 1500s), marquée delayed=true
2026-09-03 20:08:26,748 INFO bot.feeds.equities: quote différée pour LOW (567s, seuil temps réel 300s, source=yfinance_synthetic_spread) — utilisée quand même (seuil de fraîcheur actions/ETF 1500s), marquée delayed=true
2026-09-03 20:08:26,748 INFO bot.feeds.equities: quote différée pour MA (567s, seuil temps réel 300s, source=yfinance_synthetic_spread) — utilisée quand même (seuil de fraîcheur actions/ETF 1500s), marquée delayed=true
2026-09-03 20:08:26,748 INFO bot.feeds.equities: quote différée pour MCD (567s, seuil temps réel 300s, source=yfinance_synthetic_spread) — utilisée quand même (seuil de fraîcheur actions/ETF 1500s), marquée delayed=true
2026-09-03 20:08:26,748 INFO bot.feeds.equities: quote différée pour MDLZ (567s, seuil temps réel 300s, source=yfinance_synthetic_spread) — utilisée quand même (seuil de fraîcheur actions/ETF 1500s), marquée delayed=true
2026-09-03 20:08:26,748 INFO bot.feeds.equities: quote différée pour MDT (567s, seuil temps réel 300s, source=yfinance_synthetic_spread) — utilisée quand même (seuil de fraîcheur actions/ETF 1500s), marquée delayed=true
2026-09-03 20:08:26,748 INFO bot.feeds.equities: quote différée pour MET (567s, seuil temps réel 300s, source=yfinance_synthetic_spread) — utilisée quand même (seuil de fraîcheur actions/ETF 1500s), marquée delayed=true
2026-09-03 20:08:26,748 INFO bot.feeds.equities: quote différée pour META (567s, seuil temps réel 300s, source=yfinance_synthetic_spread) — utilisée quand même (seuil de fraîcheur actions/ETF 1500s), marquée delayed=true
2026-09-03 20:08:26,748 INFO bot.feeds.equities: quote différée pour MMM (567s, seuil temps réel 300s, source=yfinance_synthetic_spread) — utilisée quand même (seuil de fraîcheur actions/ETF 1500s), marquée delayed=true
2026-09-03 20:08:26,748 INFO bot.feeds.equities: quote différée pour MO (567s, seuil temps réel 300s, source=yfinance_synthetic_spread) — utilisée quand même (seuil de fraîcheur actions/ETF 1500s), marquée delayed=true
2026-09-03 20:08:26,748 INFO bot.feeds.equities: quote différée pour MRK (567s, seuil temps réel 300s, source=yfinance_synthetic_spread) — utilisée quand même (seuil de fraîcheur actions/ETF 1500s), marquée delayed=true
2026-09-03 20:08:26,748 INFO bot.feeds.equities: quote différée pour MS (567s, seuil temps réel 300s, source=yfinance_synthetic_spread) — utilisée quand même (seuil de fraîcheur actions/ETF 1500s), marquée delayed=true
2026-09-03 20:08:26,748 INFO bot.feeds.equities: quote différée pour MSFT (567s, seuil temps réel 300s, source=yfinance_synthetic_spread) — utilisée quand même (seuil de fraîcheur actions/ETF 1500s), marquée delayed=true
2026-09-03 20:08:26,748 INFO bot.feeds.equities: quote différée pour NEE (567s, seuil temps réel 300s, source=yfinance_synthetic_spread) — utilisée quand même (seuil de fraîcheur actions/ETF 1500s), marquée delayed=true
2026-09-03 20:08:26,748 INFO bot.feeds.equities: quote différée pour NFLX (567s, seuil temps réel 300s, source=yfinance_synthetic_spread) — utilisée quand même (seuil de fraîcheur actions/ETF 1500s), marquée delayed=true
2026-09-03 20:08:26,748 INFO bot.feeds.equities: quote différée pour NKE (567s, seuil temps réel 300s, source=yfinance_synthetic_spread) — utilisée quand même (seuil de fraîcheur actions/ETF 1500s), marquée delayed=true
2026-09-03 20:08:26,748 INFO bot.feeds.equities: quote différée pour NVDA (567s, seuil temps réel 300s, source=yfinance_synthetic_spread) — utilisée quand même (seuil de fraîcheur actions/ETF 1500s), marquée delayed=true
2026-09-03 20:08:26,748 INFO bot.feeds.equities: quote différée pour ORCL (567s, seuil temps réel 300s, source=yfinance_synthetic_spread) — utilisée quand même (seuil de fraîcheur actions/ETF 1500s), marquée delayed=true
2026-09-03 20:08:26,748 INFO bot.feeds.equities: quote différée pour PEP (567s, seuil temps réel 300s, source=yfinance_synthetic_spread) — utilisée quand même (seuil de fraîcheur actions/ETF 1500s), marquée delayed=true
2026-09-03 20:08:26,748 INFO bot.feeds.equities: quote différée pour PFE (567s, seuil temps réel 300s, source=yfinance_synthetic_spread) — utilisée quand même (seuil de fraîcheur actions/ETF 1500s), marquée delayed=true
2026-09-03 20:08:26,748 INFO bot.feeds.equities: quote différée pour PG (567s, seuil temps réel 300s, source=yfinance_synthetic_spread) — utilisée quand même (seuil de fraîcheur actions/ETF 1500s), marquée delayed=true
2026-09-03 20:08:26,748 INFO bot.feeds.equities: quote différée pour PM (567s, seuil temps réel 300s, source=yfinance_synthetic_spread) — utilisée quand même (seuil de fraîcheur actions/ETF 1500s), marquée delayed=true
2026-09-03 20:08:26,748 INFO bot.feeds.equities: quote différée pour PYPL (567s, seuil temps réel 300s, source=yfinance_synthetic_spread) — utilisée quand même (seuil de fraîcheur actions/ETF 1500s), marquée delayed=true
2026-09-03 20:08:26,748 INFO bot.feeds.equities: quote différée pour QCOM (567s, seuil temps réel 300s, source=yfinance_synthetic_spread) — utilisée quand même (seuil de fraîcheur actions/ETF 1500s), marquée delayed=true
2026-09-03 20:08:26,748 INFO bot.feeds.equities: quote différée pour QQQ (567s, seuil temps réel 300s, source=yfinance_synthetic_spread) — utilisée quand même (seuil de fraîcheur actions/ETF 1500s), marquée delayed=true
2026-09-03 20:08:26,748 INFO bot.feeds.equities: quote différée pour RTX (567s, seuil temps réel 300s, source=yfinance_synthetic_spread) — utilisée quand même (seuil de fraîcheur actions/ETF 1500s), marquée delayed=true
2026-09-03 20:08:26,748 INFO bot.feeds.equities: quote différée pour SBUX (567s, seuil temps réel 300s, source=yfinance_synthetic_spread) — utilisée quand même (seuil de fraîcheur actions/ETF 1500s), marquée delayed=true
2026-09-03 20:08:26,748 INFO bot.feeds.equities: quote différée pour SCHW (567s, seuil temps réel 300s, source=yfinance_synthetic_spread) — utilisée quand même (seuil de fraîcheur actions/ETF 1500s), marquée delayed=true
2026-09-03 20:08:26,748 INFO bot.feeds.equities: quote différée pour SO (567s, seuil temps réel 300s, source=yfinance_synthetic_spread) — utilisée quand même (seuil de fraîcheur actions/ETF 1500s), marquée delayed=true
2026-09-03 20:08:26,748 INFO bot.feeds.equities: quote différée pour SPG (567s, seuil temps réel 300s, source=yfinance_synthetic_spread) — utilisée quand même (seuil de fraîcheur actions/ETF 1500s), marquée delayed=true
2026-09-03 20:08:26,748 INFO bot.feeds.equities: quote différée pour SPY (567s, seuil temps réel 300s, source=yfinance_synthetic_spread) — utilisée quand même (seuil de fraîcheur actions/ETF 1500s), marquée delayed=true
2026-09-03 20:08:26,749 INFO bot.feeds.equities: quote différée pour T (567s, seuil temps réel 300s, source=yfinance_synthetic_spread) — utilisée quand même (seuil de fraîcheur actions/ETF 1500s), marquée delayed=true
2026-09-03 20:08:26,749 INFO bot.feeds.equities: quote différée pour TGT (567s, seuil temps réel 300s, source=yfinance_synthetic_spread) — utilisée quand même (seuil de fraîcheur actions/ETF 1500s), marquée delayed=true
2026-09-03 20:08:26,749 INFO bot.feeds.equities: quote différée pour TJX (567s, seuil temps réel 300s, source=yfinance_synthetic_spread) — utilisée quand même (seuil de fraîcheur actions/ETF 1500s), marquée delayed=true
2026-09-03 20:08:26,749 INFO bot.feeds.equities: quote différée pour TMO (567s, seuil temps réel 300s, source=yfinance_synthetic_spread) — utilisée quand même (seuil de fraîcheur actions/ETF 1500s), marquée delayed=true
2026-09-03 20:08:26,749 INFO bot.feeds.equities: quote différée pour TMUS (567s, seuil temps réel 300s, source=yfinance_synthetic_spread) — utilisée quand même (seuil de fraîcheur actions/ETF 1500s), marquée delayed=true
2026-09-03 20:08:26,749 INFO bot.feeds.equities: quote différée pour TSLA (567s, seuil temps réel 300s, source=yfinance_synthetic_spread) — utilisée quand même (seuil de fraîcheur actions/ETF 1500s), marquée delayed=true
2026-09-03 20:08:26,749 INFO bot.feeds.equities: quote différée pour TXN (567s, seuil temps réel 300s, source=yfinance_synthetic_spread) — utilisée quand même (seuil de fraîcheur actions/ETF 1500s), marquée delayed=true
2026-09-03 20:08:26,749 INFO bot.feeds.equities: quote différée pour UNH (567s, seuil temps réel 300s, source=yfinance_synthetic_spread) — utilisée quand même (seuil de fraîcheur actions/ETF 1500s), marquée delayed=true
2026-09-03 20:08:26,749 INFO bot.feeds.equities: quote différée pour UNP (567s, seuil temps réel 300s, source=yfinance_synthetic_spread) — utilisée quand même (seuil de fraîcheur actions/ETF 1500s), marquée delayed=true
2026-09-03 20:08:26,749 INFO bot.feeds.equities: quote différée pour UPS (567s, seuil temps réel 300s, source=yfinance_synthetic_spread) — utilisée quand même (seuil de fraîcheur actions/ETF 1500s), marquée delayed=true
2026-09-03 20:08:26,749 INFO bot.feeds.equities: quote différée pour USB (567s, seuil temps réel 300s, source=yfinance_synthetic_spread) — utilisée quand même (seuil de fraîcheur actions/ETF 1500s), marquée delayed=true
2026-09-03 20:08:26,749 INFO bot.feeds.equities: quote différée pour V (567s, seuil temps réel 300s, source=yfinance_synthetic_spread) — utilisée quand même (seuil de fraîcheur actions/ETF 1500s), marquée delayed=true
2026-09-03 20:08:26,749 INFO bot.feeds.equities: quote différée pour VNQ (567s, seuil temps réel 300s, source=yfinance_synthetic_spread) — utilisée quand même (seuil de fraîcheur actions/ETF 1500s), marquée delayed=true
2026-09-03 20:08:26,749 INFO bot.feeds.equities: quote différée pour VZ (567s, seuil temps réel 300s, source=yfinance_synthetic_spread) — utilisée quand même (seuil de fraîcheur actions/ETF 1500s), marquée delayed=true
2026-09-03 20:08:26,749 INFO bot.feeds.equities: quote différée pour WFC (567s, seuil temps réel 300s, source=yfinance_synthetic_spread) — utilisée quand même (seuil de fraîcheur actions/ETF 1500s), marquée delayed=true
2026-09-03 20:08:26,749 INFO bot.feeds.equities: quote différée pour WMT (567s, seuil temps réel 300s, source=yfinance_synthetic_spread) — utilisée quand même (seuil de fraîcheur actions/ETF 1500s), marquée delayed=true
2026-09-03 20:08:26,749 INFO bot.feeds.equities: quote différée pour XOM (567s, seuil temps réel 300s, source=yfinance_synthetic_spread) — utilisée quand même (seuil de fraîcheur actions/ETF 1500s), marquée delayed=true
2026-09-03 20:08:26,958 WARNING bot.feeds.crypto: binance klines échec pour AVAXUSDT: 451 Client Error:  for url: https://api.binance.com/api/v3/klines?symbol=AVAXUSDT&interval=1h&limit=305
2026-09-03 20:08:27,088 WARNING bot.feeds.crypto: binance klines échec pour BNBUSDT: 451 Client Error:  for url: https://api.binance.com/api/v3/klines?symbol=BNBUSDT&interval=1h&limit=305
2026-09-03 20:08:27,161 WARNING bot.runner: historique indisponible pour BNB: crypto BNB: seulement 300/4848 bougies obtenues (réseau plafonné à 300h + repli cache disque journalier épuisés)
2026-09-03 20:08:27,165 WARNING bot.feeds.crypto: binance klines échec pour BTCUSDT: 451 Client Error:  for url: https://api.binance.com/api/v3/klines?symbol=BTCUSDT&interval=1h&limit=305
2026-09-03 20:08:27,205 WARNING bot.feeds.crypto: binance klines échec pour DOGEUSDT: 451 Client Error:  for url: https://api.binance.com/api/v3/klines?symbol=DOGEUSDT&interval=1h&limit=305
2026-09-03 20:08:27,264 WARNING bot.feeds.crypto: binance klines échec pour ETHUSDT: 451 Client Error:  for url: https://api.binance.com/api/v3/klines?symbol=ETHUSDT&interval=1h&limit=305
2026-09-03 20:08:27,422 WARNING bot.feeds.crypto: binance klines échec pour FILUSDT: 451 Client Error:  for url: https://api.binance.com/api/v3/klines?symbol=FILUSDT&interval=1h&limit=305
2026-09-03 20:08:27,538 WARNING bot.feeds.crypto: binance klines échec pour HBARUSDT: 451 Client Error:  for url: https://api.binance.com/api/v3/klines?symbol=HBARUSDT&interval=1h&limit=305
2026-09-03 20:08:27,667 WARNING bot.feeds.crypto: binance klines échec pour ICPUSDT: 451 Client Error:  for url: https://api.binance.com/api/v3/klines?symbol=ICPUSDT&interval=1h&limit=305
2026-09-03 20:08:27,786 WARNING bot.feeds.crypto: binance klines échec pour LINKUSDT: 451 Client Error:  for url: https://api.binance.com/api/v3/klines?symbol=LINKUSDT&interval=1h&limit=305
2026-09-03 20:08:27,903 WARNING bot.feeds.crypto: binance klines échec pour OPUSDT: 451 Client Error:  for url: https://api.binance.com/api/v3/klines?symbol=OPUSDT&interval=1h&limit=305
2026-09-03 20:08:28,030 WARNING bot.feeds.crypto: binance klines échec pour SOLUSDT: 451 Client Error:  for url: https://api.binance.com/api/v3/klines?symbol=SOLUSDT&interval=1h&limit=305
2026-09-03 20:08:28,100 WARNING bot.feeds.crypto: binance klines échec pour UNIUSDT: 451 Client Error:  for url: https://api.binance.com/api/v3/klines?symbol=UNIUSDT&interval=1h&limit=305
2026-09-03 20:08:28,227 WARNING bot.feeds.crypto: binance klines échec pour XLMUSDT: 451 Client Error:  for url: https://api.binance.com/api/v3/klines?symbol=XLMUSDT&interval=1h&limit=305
2026-09-03 20:08:28,318 WARNING bot.feeds.crypto: binance klines échec pour XRPUSDT: 451 Client Error:  for url: https://api.binance.com/api/v3/klines?symbol=XRPUSDT&interval=1h&limit=305
2026-09-03 20:08:28,372 INFO bot.runner: TIMING phase=feeds_crypto durée=17.7s
2026-09-03 20:08:28,834 INFO bot.feeds.daily: cache disque data-cache (généré=2026-09-02T23:30:49.602649+00:00) : 112/112 symbole(s) servis sans appel réseau
2026-09-03 20:08:28,842 INFO bot.runner: TIMING phase=feeds_equities durée=0.5s
2026-09-03 20:08:29,202 INFO bot.runner: TIMING phase=strategies_execution durée=0.1s
2026-09-03 20:08:39,112 INFO bot.runner: TIMING phase=git_sync durée=9.9s
2026-09-03 20:08:39,112 INFO bot.runner: TIMING résumé cycle : feeds_crypto=17.7s feeds_equities=0.5s strategies_execution=0.1s git_sync=9.9s total=30.1s
2026-09-03 20:08:39,112 INFO bot.runner: git_sync SUCCESS — cycle 2026-09-03T20 terminé (🛡️ 1027€ | ⚖️ 1021€ | 🔥 988€ | 🧪 981€).
