== Cycle bot (job.status=success) ==
date_utc: 2026-07-27T11:36:58+00:00
run_id_attendu: 2026-07-27T11
sha_main: a797e926c18ff92d075961fc8fda43d17c863e79
github_run_id: 30262561112
github_run_attempt: 1
github_run_number: 61
workflow: Bot cycle
event: push
==========================
2026-07-27 11:36:35,516 INFO bot.runner: Démarrage du cycle multi-wallets run_id=2026-07-27T11 (['prudent', 'equilibre', 'agressif', 'labo'])
2026-07-27 11:36:35,517 WARNING bot.runner: trou(s) détecté(s) dans equity.jsonl (tous wallets) sur les dernières 24h : ['2026-07-26T11', '2026-07-26T13', '2026-07-26T20', '2026-07-27T00', '2026-07-27T02', '2026-07-27T03', '2026-07-27T05', '2026-07-27T06', '2026-07-27T07', '2026-07-27T09', '2026-07-27T10']
2026-07-27 11:36:35,769 WARNING bot.feeds.crypto: binance bookTicker échec pour AVAXUSDT: 451 Client Error:  for url: https://api.binance.com/api/v3/ticker/bookTicker?symbol=AVAXUSDT
2026-07-27 11:36:35,859 WARNING bot.feeds.crypto: binance bookTicker échec pour BNBUSDT: 451 Client Error:  for url: https://api.binance.com/api/v3/ticker/bookTicker?symbol=BNBUSDT
2026-07-27 11:36:35,904 WARNING bot.feeds.crypto: binance bookTicker échec pour BTCUSDT: 451 Client Error:  for url: https://api.binance.com/api/v3/ticker/bookTicker?symbol=BTCUSDT
2026-07-27 11:36:35,925 WARNING bot.feeds.crypto: binance bookTicker échec pour DOGEUSDT: 451 Client Error:  for url: https://api.binance.com/api/v3/ticker/bookTicker?symbol=DOGEUSDT
2026-07-27 11:36:35,949 WARNING bot.feeds.crypto: binance bookTicker échec pour ETHUSDT: 451 Client Error:  for url: https://api.binance.com/api/v3/ticker/bookTicker?symbol=ETHUSDT
2026-07-27 11:36:35,981 WARNING bot.feeds.crypto: binance bookTicker échec pour FILUSDT: 451 Client Error:  for url: https://api.binance.com/api/v3/ticker/bookTicker?symbol=FILUSDT
2026-07-27 11:36:36,025 WARNING bot.feeds.crypto: binance bookTicker échec pour HBARUSDT: 451 Client Error:  for url: https://api.binance.com/api/v3/ticker/bookTicker?symbol=HBARUSDT
2026-07-27 11:36:36,049 WARNING bot.feeds.crypto: binance bookTicker échec pour ICPUSDT: 451 Client Error:  for url: https://api.binance.com/api/v3/ticker/bookTicker?symbol=ICPUSDT
2026-07-27 11:36:36,084 WARNING bot.feeds.crypto: coinbase ticker périmé pour ICP
2026-07-27 11:36:36,093 WARNING bot.feeds.crypto: binance bookTicker échec pour LINKUSDT: 451 Client Error:  for url: https://api.binance.com/api/v3/ticker/bookTicker?symbol=LINKUSDT
2026-07-27 11:36:36,116 WARNING bot.feeds.crypto: binance bookTicker échec pour OPUSDT: 451 Client Error:  for url: https://api.binance.com/api/v3/ticker/bookTicker?symbol=OPUSDT
2026-07-27 11:36:36,154 WARNING bot.feeds.crypto: coinbase ticker périmé pour OP
2026-07-27 11:36:36,164 WARNING bot.feeds.crypto: binance bookTicker échec pour SOLUSDT: 451 Client Error:  for url: https://api.binance.com/api/v3/ticker/bookTicker?symbol=SOLUSDT
2026-07-27 11:36:36,187 WARNING bot.feeds.crypto: binance bookTicker échec pour UNIUSDT: 451 Client Error:  for url: https://api.binance.com/api/v3/ticker/bookTicker?symbol=UNIUSDT
2026-07-27 11:36:36,209 WARNING bot.feeds.crypto: binance bookTicker échec pour XLMUSDT: 451 Client Error:  for url: https://api.binance.com/api/v3/ticker/bookTicker?symbol=XLMUSDT
2026-07-27 11:36:36,234 WARNING bot.feeds.crypto: binance bookTicker échec pour XRPUSDT: 451 Client Error:  for url: https://api.binance.com/api/v3/ticker/bookTicker?symbol=XRPUSDT
2026-07-27 11:36:36,314 WARNING bot.feeds.equities: yahoo v7 quote échec pour ['AAPL', 'ABBV', 'ABT', 'ACN', 'ADBE', 'AIG', 'AMD', 'AMGN', 'AMT', 'AMZN', 'AVGO', 'AXP', 'BA', 'BAC', 'BKNG', 'BLK', 'BMY', 'BRK.B', 'C', 'CAT', 'CHTR', 'CL', 'CMCSA', 'COF', 'COP', 'COST', 'CRM', 'CSCO', 'CVS', 'CVX', 'DBC', 'DE', 'DHR', 'DIS', 'DOW', 'DUK', 'EEM', 'EFA', 'EMR', 'F', 'FDX', 'GD', 'GE', 'GILD', 'GLD', 'GM', 'GOOG', 'GOOGL', 'GS', 'HD', 'HON', 'IBM', 'IEF', 'INTC', 'INTU', 'ISRG', 'IWM', 'JNJ', 'JPM', 'KHC', 'KMI', 'KO', 'LIN', 'LLY', 'LMT', 'LOW', 'MA', 'MCD', 'MDLZ', 'MDT', 'MET', 'META', 'MMM', 'MO', 'MRK', 'MS', 'MSFT', 'NEE', 'NFLX', 'NKE', 'NVDA', 'ORCL', 'PEP', 'PFE', 'PG', 'PM', 'PYPL', 'QCOM', 'QQQ', 'RTX', 'SBUX', 'SCHW', 'SO', 'SPG', 'SPY', 'T', 'TGT', 'TJX', 'TMO', 'TMUS', 'TSLA', 'TXN', 'UNH', 'UNP', 'UPS', 'USB', 'V', 'VNQ', 'VZ', 'WFC', 'WMT', 'XOM']: 429 Client Error: Too Many Requests for url: https://query1.finance.yahoo.com/v7/finance/quote?symbols=AAPL%2CABBV%2CABT%2CACN%2CADBE%2CAIG%2CAMD%2CAMGN%2CAMT%2CAMZN%2CAVGO%2CAXP%2CBA%2CBAC%2CBKNG%2CBLK%2CBMY%2CBRK-B%2CC%2CCAT%2CCHTR%2CCL%2CCMCSA%2CCOF%2CCOP%2CCOST%2CCRM%2CCSCO%2CCVS%2CCVX%2CDBC%2CDE%2CDHR%2CDIS%2CDOW%2CDUK%2CEEM%2CEFA%2CEMR%2CF%2CFDX%2CGD%2CGE%2CGILD%2CGLD%2CGM%2CGOOG%2CGOOGL%2CGS%2CHD%2CHON%2CIBM%2CIEF%2CINTC%2CINTU%2CISRG%2CIWM%2CJNJ%2CJPM%2CKHC%2CKMI%2CKO%2CLIN%2CLLY%2CLMT%2CLOW%2CMA%2CMCD%2CMDLZ%2CMDT%2CMET%2CMETA%2CMMM%2CMO%2CMRK%2CMS%2CMSFT%2CNEE%2CNFLX%2CNKE%2CNVDA%2CORCL%2CPEP%2CPFE%2CPG%2CPM%2CPYPL%2CQCOM%2CQQQ%2CRTX%2CSBUX%2CSCHW%2CSO%2CSPG%2CSPY%2CT%2CTGT%2CTJX%2CTMO%2CTMUS%2CTSLA%2CTXN%2CUNH%2CUNP%2CUPS%2CUSB%2CV%2CVNQ%2CVZ%2CWFC%2CWMT%2CXOM (http_status=429, extrait_reponse='Too Many Requests\r\n')
2026-07-27 11:36:36,315 INFO bot.feeds.equities: repli yfinance pour 112/112 symbole(s) sans quote v7 (['AAPL', 'ABBV', 'ABT', 'ACN', 'ADBE', 'AIG', 'AMD', 'AMGN', 'AMT', 'AMZN', 'AVGO', 'AXP', 'BA', 'BAC', 'BKNG', 'BLK', 'BMY', 'BRK.B', 'C', 'CAT', 'CHTR', 'CL', 'CMCSA', 'COF', 'COP', 'COST', 'CRM', 'CSCO', 'CVS', 'CVX', 'DBC', 'DE', 'DHR', 'DIS', 'DOW', 'DUK', 'EEM', 'EFA', 'EMR', 'F', 'FDX', 'GD', 'GE', 'GILD', 'GLD', 'GM', 'GOOG', 'GOOGL', 'GS', 'HD', 'HON', 'IBM', 'IEF', 'INTC', 'INTU', 'ISRG', 'IWM', 'JNJ', 'JPM', 'KHC', 'KMI', 'KO', 'LIN', 'LLY', 'LMT', 'LOW', 'MA', 'MCD', 'MDLZ', 'MDT', 'MET', 'META', 'MMM', 'MO', 'MRK', 'MS', 'MSFT', 'NEE', 'NFLX', 'NKE', 'NVDA', 'ORCL', 'PEP', 'PFE', 'PG', 'PM', 'PYPL', 'QCOM', 'QQQ', 'RTX', 'SBUX', 'SCHW', 'SO', 'SPG', 'SPY', 'T', 'TGT', 'TJX', 'TMO', 'TMUS', 'TSLA', 'TXN', 'UNH', 'UNP', 'UPS', 'USB', 'V', 'VNQ', 'VZ', 'WFC', 'WMT', 'XOM'])
2026-07-27 11:36:48,856 WARNING bot.feeds.equities: quote périmée pour AAPL (source=yfinance_synthetic_spread)
2026-07-27 11:36:48,856 WARNING bot.feeds.equities: quote périmée pour ABBV (source=yfinance_synthetic_spread)
2026-07-27 11:36:48,856 WARNING bot.feeds.equities: quote périmée pour ABT (source=yfinance_synthetic_spread)
2026-07-27 11:36:48,857 WARNING bot.feeds.equities: quote périmée pour ACN (source=yfinance_synthetic_spread)
2026-07-27 11:36:48,857 WARNING bot.feeds.equities: quote périmée pour ADBE (source=yfinance_synthetic_spread)
2026-07-27 11:36:48,857 WARNING bot.feeds.equities: quote périmée pour AIG (source=yfinance_synthetic_spread)
2026-07-27 11:36:48,857 WARNING bot.feeds.equities: quote périmée pour AMD (source=yfinance_synthetic_spread)
2026-07-27 11:36:48,857 WARNING bot.feeds.equities: quote périmée pour AMGN (source=yfinance_synthetic_spread)
2026-07-27 11:36:48,857 WARNING bot.feeds.equities: quote périmée pour AMT (source=yfinance_synthetic_spread)
2026-07-27 11:36:48,857 WARNING bot.feeds.equities: quote périmée pour AMZN (source=yfinance_synthetic_spread)
2026-07-27 11:36:48,857 WARNING bot.feeds.equities: quote périmée pour AVGO (source=yfinance_synthetic_spread)
2026-07-27 11:36:48,857 WARNING bot.feeds.equities: quote périmée pour AXP (source=yfinance_synthetic_spread)
2026-07-27 11:36:48,857 WARNING bot.feeds.equities: quote périmée pour BA (source=yfinance_synthetic_spread)
2026-07-27 11:36:48,857 WARNING bot.feeds.equities: quote périmée pour BAC (source=yfinance_synthetic_spread)
2026-07-27 11:36:48,857 WARNING bot.feeds.equities: quote périmée pour BKNG (source=yfinance_synthetic_spread)
2026-07-27 11:36:48,857 WARNING bot.feeds.equities: quote périmée pour BLK (source=yfinance_synthetic_spread)
2026-07-27 11:36:48,857 WARNING bot.feeds.equities: quote périmée pour BMY (source=yfinance_synthetic_spread)
2026-07-27 11:36:48,857 WARNING bot.feeds.equities: quote périmée pour BRK.B (source=yfinance_synthetic_spread)
2026-07-27 11:36:48,857 WARNING bot.feeds.equities: quote périmée pour C (source=yfinance_synthetic_spread)
2026-07-27 11:36:48,857 WARNING bot.feeds.equities: quote périmée pour CAT (source=yfinance_synthetic_spread)
2026-07-27 11:36:48,857 WARNING bot.feeds.equities: quote périmée pour CHTR (source=yfinance_synthetic_spread)
2026-07-27 11:36:48,857 WARNING bot.feeds.equities: quote périmée pour CL (source=yfinance_synthetic_spread)
2026-07-27 11:36:48,857 WARNING bot.feeds.equities: quote périmée pour CMCSA (source=yfinance_synthetic_spread)
2026-07-27 11:36:48,857 WARNING bot.feeds.equities: quote périmée pour COF (source=yfinance_synthetic_spread)
2026-07-27 11:36:48,857 WARNING bot.feeds.equities: quote périmée pour COP (source=yfinance_synthetic_spread)
2026-07-27 11:36:48,857 WARNING bot.feeds.equities: quote périmée pour COST (source=yfinance_synthetic_spread)
2026-07-27 11:36:48,857 WARNING bot.feeds.equities: quote périmée pour CRM (source=yfinance_synthetic_spread)
2026-07-27 11:36:48,857 WARNING bot.feeds.equities: quote périmée pour CSCO (source=yfinance_synthetic_spread)
2026-07-27 11:36:48,857 WARNING bot.feeds.equities: quote périmée pour CVS (source=yfinance_synthetic_spread)
2026-07-27 11:36:48,858 WARNING bot.feeds.equities: quote périmée pour CVX (source=yfinance_synthetic_spread)
2026-07-27 11:36:48,858 WARNING bot.feeds.equities: quote périmée pour DBC (source=yfinance_synthetic_spread)
2026-07-27 11:36:48,858 WARNING bot.feeds.equities: quote périmée pour DE (source=yfinance_synthetic_spread)
2026-07-27 11:36:48,858 WARNING bot.feeds.equities: quote périmée pour DHR (source=yfinance_synthetic_spread)
2026-07-27 11:36:48,858 WARNING bot.feeds.equities: quote périmée pour DIS (source=yfinance_synthetic_spread)
2026-07-27 11:36:48,858 WARNING bot.feeds.equities: quote périmée pour DOW (source=yfinance_synthetic_spread)
2026-07-27 11:36:48,858 WARNING bot.feeds.equities: quote périmée pour DUK (source=yfinance_synthetic_spread)
2026-07-27 11:36:48,858 WARNING bot.feeds.equities: quote périmée pour EEM (source=yfinance_synthetic_spread)
2026-07-27 11:36:48,858 WARNING bot.feeds.equities: quote périmée pour EFA (source=yfinance_synthetic_spread)
2026-07-27 11:36:48,858 WARNING bot.feeds.equities: quote périmée pour EMR (source=yfinance_synthetic_spread)
2026-07-27 11:36:48,858 WARNING bot.feeds.equities: quote périmée pour F (source=yfinance_synthetic_spread)
2026-07-27 11:36:48,858 WARNING bot.feeds.equities: quote périmée pour FDX (source=yfinance_synthetic_spread)
2026-07-27 11:36:48,858 WARNING bot.feeds.equities: quote périmée pour GD (source=yfinance_synthetic_spread)
2026-07-27 11:36:48,858 WARNING bot.feeds.equities: quote périmée pour GE (source=yfinance_synthetic_spread)
2026-07-27 11:36:48,858 WARNING bot.feeds.equities: quote périmée pour GILD (source=yfinance_synthetic_spread)
2026-07-27 11:36:48,858 WARNING bot.feeds.equities: quote périmée pour GLD (source=yfinance_synthetic_spread)
2026-07-27 11:36:48,858 WARNING bot.feeds.equities: quote périmée pour GM (source=yfinance_synthetic_spread)
2026-07-27 11:36:48,858 WARNING bot.feeds.equities: quote périmée pour GOOG (source=yfinance_synthetic_spread)
2026-07-27 11:36:48,858 WARNING bot.feeds.equities: quote périmée pour GOOGL (source=yfinance_synthetic_spread)
2026-07-27 11:36:48,858 WARNING bot.feeds.equities: quote périmée pour GS (source=yfinance_synthetic_spread)
2026-07-27 11:36:48,858 WARNING bot.feeds.equities: quote périmée pour HD (source=yfinance_synthetic_spread)
2026-07-27 11:36:48,858 WARNING bot.feeds.equities: quote périmée pour HON (source=yfinance_synthetic_spread)
2026-07-27 11:36:48,858 WARNING bot.feeds.equities: quote périmée pour IBM (source=yfinance_synthetic_spread)
2026-07-27 11:36:48,858 WARNING bot.feeds.equities: quote périmée pour IEF (source=yfinance_synthetic_spread)
2026-07-27 11:36:48,858 WARNING bot.feeds.equities: quote périmée pour INTC (source=yfinance_synthetic_spread)
2026-07-27 11:36:48,859 WARNING bot.feeds.equities: quote périmée pour INTU (source=yfinance_synthetic_spread)
2026-07-27 11:36:48,859 WARNING bot.feeds.equities: quote périmée pour ISRG (source=yfinance_synthetic_spread)
2026-07-27 11:36:48,859 WARNING bot.feeds.equities: quote périmée pour IWM (source=yfinance_synthetic_spread)
2026-07-27 11:36:48,859 WARNING bot.feeds.equities: quote périmée pour JNJ (source=yfinance_synthetic_spread)
2026-07-27 11:36:48,859 WARNING bot.feeds.equities: quote périmée pour JPM (source=yfinance_synthetic_spread)
2026-07-27 11:36:48,859 WARNING bot.feeds.equities: quote périmée pour KHC (source=yfinance_synthetic_spread)
2026-07-27 11:36:48,859 WARNING bot.feeds.equities: quote périmée pour KMI (source=yfinance_synthetic_spread)
2026-07-27 11:36:48,859 WARNING bot.feeds.equities: quote périmée pour KO (source=yfinance_synthetic_spread)
2026-07-27 11:36:48,859 WARNING bot.feeds.equities: quote périmée pour LIN (source=yfinance_synthetic_spread)
2026-07-27 11:36:48,859 WARNING bot.feeds.equities: quote périmée pour LLY (source=yfinance_synthetic_spread)
2026-07-27 11:36:48,859 WARNING bot.feeds.equities: quote périmée pour LMT (source=yfinance_synthetic_spread)
2026-07-27 11:36:48,859 WARNING bot.feeds.equities: quote périmée pour LOW (source=yfinance_synthetic_spread)
2026-07-27 11:36:48,859 WARNING bot.feeds.equities: quote périmée pour MA (source=yfinance_synthetic_spread)
2026-07-27 11:36:48,859 WARNING bot.feeds.equities: quote périmée pour MCD (source=yfinance_synthetic_spread)
2026-07-27 11:36:48,859 WARNING bot.feeds.equities: quote périmée pour MDLZ (source=yfinance_synthetic_spread)
2026-07-27 11:36:48,859 WARNING bot.feeds.equities: quote périmée pour MDT (source=yfinance_synthetic_spread)
2026-07-27 11:36:48,859 WARNING bot.feeds.equities: quote périmée pour MET (source=yfinance_synthetic_spread)
2026-07-27 11:36:48,859 WARNING bot.feeds.equities: quote périmée pour META (source=yfinance_synthetic_spread)
2026-07-27 11:36:48,859 WARNING bot.feeds.equities: quote périmée pour MMM (source=yfinance_synthetic_spread)
2026-07-27 11:36:48,859 WARNING bot.feeds.equities: quote périmée pour MO (source=yfinance_synthetic_spread)
2026-07-27 11:36:48,859 WARNING bot.feeds.equities: quote périmée pour MRK (source=yfinance_synthetic_spread)
2026-07-27 11:36:48,859 WARNING bot.feeds.equities: quote périmée pour MS (source=yfinance_synthetic_spread)
2026-07-27 11:36:48,859 WARNING bot.feeds.equities: quote périmée pour MSFT (source=yfinance_synthetic_spread)
2026-07-27 11:36:48,859 WARNING bot.feeds.equities: quote périmée pour NEE (source=yfinance_synthetic_spread)
2026-07-27 11:36:48,859 WARNING bot.feeds.equities: quote périmée pour NFLX (source=yfinance_synthetic_spread)
2026-07-27 11:36:48,859 WARNING bot.feeds.equities: quote périmée pour NKE (source=yfinance_synthetic_spread)
2026-07-27 11:36:48,859 WARNING bot.feeds.equities: quote périmée pour NVDA (source=yfinance_synthetic_spread)
2026-07-27 11:36:48,859 WARNING bot.feeds.equities: quote périmée pour ORCL (source=yfinance_synthetic_spread)
2026-07-27 11:36:48,859 WARNING bot.feeds.equities: quote périmée pour PEP (source=yfinance_synthetic_spread)
2026-07-27 11:36:48,859 WARNING bot.feeds.equities: quote périmée pour PFE (source=yfinance_synthetic_spread)
2026-07-27 11:36:48,859 WARNING bot.feeds.equities: quote périmée pour PG (source=yfinance_synthetic_spread)
2026-07-27 11:36:48,859 WARNING bot.feeds.equities: quote périmée pour PM (source=yfinance_synthetic_spread)
2026-07-27 11:36:48,859 WARNING bot.feeds.equities: quote périmée pour PYPL (source=yfinance_synthetic_spread)
2026-07-27 11:36:48,859 WARNING bot.feeds.equities: quote périmée pour QCOM (source=yfinance_synthetic_spread)
2026-07-27 11:36:48,859 WARNING bot.feeds.equities: quote périmée pour QQQ (source=yfinance_synthetic_spread)
2026-07-27 11:36:48,859 WARNING bot.feeds.equities: quote périmée pour RTX (source=yfinance_synthetic_spread)
2026-07-27 11:36:48,860 WARNING bot.feeds.equities: quote périmée pour SBUX (source=yfinance_synthetic_spread)
2026-07-27 11:36:48,860 WARNING bot.feeds.equities: quote périmée pour SCHW (source=yfinance_synthetic_spread)
2026-07-27 11:36:48,860 WARNING bot.feeds.equities: quote périmée pour SO (source=yfinance_synthetic_spread)
2026-07-27 11:36:48,860 WARNING bot.feeds.equities: quote périmée pour SPG (source=yfinance_synthetic_spread)
2026-07-27 11:36:48,860 WARNING bot.feeds.equities: quote périmée pour SPY (source=yfinance_synthetic_spread)
2026-07-27 11:36:48,860 WARNING bot.feeds.equities: quote périmée pour T (source=yfinance_synthetic_spread)
2026-07-27 11:36:48,860 WARNING bot.feeds.equities: quote périmée pour TGT (source=yfinance_synthetic_spread)
2026-07-27 11:36:48,860 WARNING bot.feeds.equities: quote périmée pour TJX (source=yfinance_synthetic_spread)
2026-07-27 11:36:48,860 WARNING bot.feeds.equities: quote périmée pour TMO (source=yfinance_synthetic_spread)
2026-07-27 11:36:48,860 WARNING bot.feeds.equities: quote périmée pour TMUS (source=yfinance_synthetic_spread)
2026-07-27 11:36:48,860 WARNING bot.feeds.equities: quote périmée pour TSLA (source=yfinance_synthetic_spread)
2026-07-27 11:36:48,860 WARNING bot.feeds.equities: quote périmée pour TXN (source=yfinance_synthetic_spread)
2026-07-27 11:36:48,860 WARNING bot.feeds.equities: quote périmée pour UNH (source=yfinance_synthetic_spread)
2026-07-27 11:36:48,860 WARNING bot.feeds.equities: quote périmée pour UNP (source=yfinance_synthetic_spread)
2026-07-27 11:36:48,860 WARNING bot.feeds.equities: quote périmée pour UPS (source=yfinance_synthetic_spread)
2026-07-27 11:36:48,860 WARNING bot.feeds.equities: quote périmée pour USB (source=yfinance_synthetic_spread)
2026-07-27 11:36:48,860 WARNING bot.feeds.equities: quote périmée pour V (source=yfinance_synthetic_spread)
2026-07-27 11:36:48,860 WARNING bot.feeds.equities: quote périmée pour VNQ (source=yfinance_synthetic_spread)
2026-07-27 11:36:48,860 WARNING bot.feeds.equities: quote périmée pour VZ (source=yfinance_synthetic_spread)
2026-07-27 11:36:48,860 WARNING bot.feeds.equities: quote périmée pour WFC (source=yfinance_synthetic_spread)
2026-07-27 11:36:48,860 WARNING bot.feeds.equities: quote périmée pour WMT (source=yfinance_synthetic_spread)
2026-07-27 11:36:48,860 WARNING bot.feeds.equities: quote périmée pour XOM (source=yfinance_synthetic_spread)
2026-07-27 11:36:48,869 WARNING bot.feeds.crypto: binance klines échec pour AVAXUSDT: 451 Client Error:  for url: https://api.binance.com/api/v3/klines?symbol=AVAXUSDT&interval=1h&limit=1000
2026-07-27 11:36:49,920 WARNING bot.feeds.crypto: binance klines échec pour BNBUSDT: 451 Client Error:  for url: https://api.binance.com/api/v3/klines?symbol=BNBUSDT&interval=1h&limit=1000
2026-07-27 11:36:51,028 WARNING bot.feeds.crypto: binance klines échec pour BTCUSDT: 451 Client Error:  for url: https://api.binance.com/api/v3/klines?symbol=BTCUSDT&interval=1h&limit=1000
2026-07-27 11:36:51,320 WARNING bot.feeds.crypto: binance klines échec pour DOGEUSDT: 451 Client Error:  for url: https://api.binance.com/api/v3/klines?symbol=DOGEUSDT&interval=1h&limit=1000
2026-07-27 11:36:52,630 WARNING bot.feeds.crypto: binance klines échec pour ETHUSDT: 451 Client Error:  for url: https://api.binance.com/api/v3/klines?symbol=ETHUSDT&interval=1h&limit=1000
2026-07-27 11:36:53,495 WARNING bot.feeds.crypto: coinbase candles échec pour ETH-USD: 429 Client Error: Too Many Requests for url: https://api.exchange.coinbase.com/products/ETH-USD/candles?granularity=3600&start=2026-02-14T23%3A00%3A00%2B00%3A00&end=2026-02-27T11%3A00%3A00%2B00%3A00
2026-07-27 11:36:53,503 WARNING bot.runner: historique indisponible pour ETH: crypto ETH: seulement 3595/4848 bougies clôturées obtenues (Binance + fallback Coinbase épuisés)
2026-07-27 11:36:53,512 WARNING bot.feeds.crypto: binance klines échec pour FILUSDT: 451 Client Error:  for url: https://api.binance.com/api/v3/klines?symbol=FILUSDT&interval=1h&limit=1000
2026-07-27 11:36:53,764 WARNING bot.feeds.crypto: coinbase candles échec pour FIL-USD: 429 Client Error: Too Many Requests for url: https://api.exchange.coinbase.com/products/FIL-USD/candles?granularity=3600&start=2026-06-07T11%3A00%3A00%2B00%3A00&end=2026-06-19T23%3A00%3A00%2B00%3A00
2026-07-27 11:36:53,768 WARNING bot.runner: historique indisponible pour FIL: crypto FIL: seulement 900/4848 bougies clôturées obtenues (Binance + fallback Coinbase épuisés)
2026-07-27 11:36:53,777 WARNING bot.feeds.crypto: binance klines échec pour HBARUSDT: 451 Client Error:  for url: https://api.binance.com/api/v3/klines?symbol=HBARUSDT&interval=1h&limit=1000
2026-07-27 11:36:53,975 WARNING bot.feeds.crypto: coinbase candles échec pour HBAR-USD: 429 Client Error: Too Many Requests for url: https://api.exchange.coinbase.com/products/HBAR-USD/candles?granularity=3600&start=2026-06-19T23%3A00%3A00%2B00%3A00&end=2026-07-02T11%3A00%3A00%2B00%3A00
2026-07-27 11:36:53,978 WARNING bot.runner: historique indisponible pour HBAR: crypto HBAR: seulement 600/4848 bougies clôturées obtenues (Binance + fallback Coinbase épuisés)
2026-07-27 11:36:53,986 WARNING bot.feeds.crypto: binance klines échec pour LINKUSDT: 451 Client Error:  for url: https://api.binance.com/api/v3/klines?symbol=LINKUSDT&interval=1h&limit=1000
2026-07-27 11:36:54,179 WARNING bot.feeds.crypto: coinbase candles échec pour LINK-USD: 429 Client Error: Too Many Requests for url: https://api.exchange.coinbase.com/products/LINK-USD/candles?granularity=3600&start=2026-06-07T11%3A00%3A00%2B00%3A00&end=2026-06-19T23%3A00%3A00%2B00%3A00
2026-07-27 11:36:54,182 WARNING bot.runner: historique indisponible pour LINK: crypto LINK: seulement 900/4848 bougies clôturées obtenues (Binance + fallback Coinbase épuisés)
2026-07-27 11:36:54,191 WARNING bot.feeds.crypto: binance klines échec pour SOLUSDT: 451 Client Error:  for url: https://api.binance.com/api/v3/klines?symbol=SOLUSDT&interval=1h&limit=1000
2026-07-27 11:36:54,391 WARNING bot.feeds.crypto: coinbase candles échec pour SOL-USD: 429 Client Error: Too Many Requests for url: https://api.exchange.coinbase.com/products/SOL-USD/candles?granularity=3600&start=2026-06-07T11%3A00%3A00%2B00%3A00&end=2026-06-19T23%3A00%3A00%2B00%3A00
2026-07-27 11:36:54,395 WARNING bot.runner: historique indisponible pour SOL: crypto SOL: seulement 900/4848 bougies clôturées obtenues (Binance + fallback Coinbase épuisés)
2026-07-27 11:36:54,403 WARNING bot.feeds.crypto: binance klines échec pour UNIUSDT: 451 Client Error:  for url: https://api.binance.com/api/v3/klines?symbol=UNIUSDT&interval=1h&limit=1000
2026-07-27 11:36:54,467 WARNING bot.feeds.crypto: coinbase candles échec pour UNI-USD: 429 Client Error: Too Many Requests for url: https://api.exchange.coinbase.com/products/UNI-USD/candles?granularity=3600&start=2026-07-02T11%3A00%3A00%2B00%3A00&end=2026-07-14T23%3A00%3A00%2B00%3A00
2026-07-27 11:36:54,469 WARNING bot.runner: historique indisponible pour UNI: crypto UNI: seulement 300/4848 bougies clôturées obtenues (Binance + fallback Coinbase épuisés)
2026-07-27 11:36:54,477 WARNING bot.feeds.crypto: binance klines échec pour XLMUSDT: 451 Client Error:  for url: https://api.binance.com/api/v3/klines?symbol=XLMUSDT&interval=1h&limit=1000
2026-07-27 11:36:54,992 WARNING bot.feeds.crypto: coinbase candles échec pour XLM-USD: 429 Client Error: Too Many Requests for url: https://api.exchange.coinbase.com/products/XLM-USD/candles?granularity=3600&start=2026-05-13T11%3A00%3A00%2B00%3A00&end=2026-05-25T23%3A00%3A00%2B00%3A00
2026-07-27 11:36:54,996 WARNING bot.runner: historique indisponible pour XLM: crypto XLM: seulement 1500/4848 bougies clôturées obtenues (Binance + fallback Coinbase épuisés)
2026-07-27 11:36:55,005 WARNING bot.feeds.crypto: binance klines échec pour XRPUSDT: 451 Client Error:  for url: https://api.binance.com/api/v3/klines?symbol=XRPUSDT&interval=1h&limit=1000
2026-07-27 11:36:55,560 WARNING bot.feeds.crypto: coinbase candles échec pour XRP-USD: 429 Client Error: Too Many Requests for url: https://api.exchange.coinbase.com/products/XRP-USD/candles?granularity=3600&start=2026-04-18T11%3A00%3A00%2B00%3A00&end=2026-04-30T23%3A00%3A00%2B00%3A00
2026-07-27 11:36:55,566 WARNING bot.runner: historique indisponible pour XRP: crypto XRP: seulement 2095/4848 bougies clôturées obtenues (Binance + fallback Coinbase épuisés)
2026-07-27 11:36:55,566 INFO bot.runner: TIMING phase=feeds_crypto durée=20.0s
2026-07-27 11:36:56,146 INFO bot.feeds.daily: cache disque data-cache (généré=2026-07-26T22:30:20.550360+00:00) : 112/112 symbole(s) servis sans appel réseau
2026-07-27 11:36:56,156 INFO bot.runner: TIMING phase=feeds_equities durée=0.6s
2026-07-27 11:36:56,551 INFO bot.runner: TIMING phase=strategies_execution durée=0.1s
2026-07-27 11:36:58,491 INFO bot.runner: TIMING phase=git_sync durée=1.9s
2026-07-27 11:36:58,491 INFO bot.runner: TIMING résumé cycle : feeds_crypto=20.0s feeds_equities=0.6s strategies_execution=0.1s git_sync=1.9s total=23.4s
2026-07-27 11:36:58,492 INFO bot.runner: git_sync SUCCESS — cycle 2026-07-27T11 terminé (🛡️ 1003€ | ⚖️ 1003€ | 🔥 999€ | 🧪 1001€).
