== Cycle bot (job.status=success) ==
date_utc: 2026-08-21T20:10:43+00:00
run_id_attendu: 2026-08-21T20
sha_main: 3040a301441483c2ac684e4c4295d4f4df5369ab
github_run_id: 32522109048
github_run_attempt: 1
github_run_number: 654
workflow: Bot cycle
event: schedule
==========================
2026-08-21 20:10:11,585 INFO bot.runner: Démarrage du cycle multi-wallets run_id=2026-08-21T20 (['prudent', 'equilibre', 'agressif', 'labo'])
2026-08-21 20:10:11,600 WARNING bot.runner: trou(s) détecté(s) dans equity.jsonl (tous wallets) sur les dernières 24h : ['2026-08-21T00']
2026-08-21 20:10:12,477 WARNING bot.feeds.equities: yahoo v7 quote échec pour ['AAPL', 'ABBV', 'ABT', 'ACN', 'ADBE', 'AIG', 'AMD', 'AMGN', 'AMT', 'AMZN', 'AVGO', 'AXP', 'BA', 'BAC', 'BKNG', 'BLK', 'BMY', 'BRK.B', 'C', 'CAT', 'CHTR', 'CL', 'CMCSA', 'COF', 'COP', 'COST', 'CRM', 'CSCO', 'CVS', 'CVX', 'DBC', 'DE', 'DHR', 'DIS', 'DOW', 'DUK', 'EEM', 'EFA', 'EMR', 'F', 'FDX', 'GD', 'GE', 'GILD', 'GLD', 'GM', 'GOOG', 'GOOGL', 'GS', 'HD', 'HON', 'IBM', 'IEF', 'INTC', 'INTU', 'ISRG', 'IWM', 'JNJ', 'JPM', 'KHC', 'KMI', 'KO', 'LIN', 'LLY', 'LMT', 'LOW', 'MA', 'MCD', 'MDLZ', 'MDT', 'MET', 'META', 'MMM', 'MO', 'MRK', 'MS', 'MSFT', 'NEE', 'NFLX', 'NKE', 'NVDA', 'ORCL', 'PEP', 'PFE', 'PG', 'PM', 'PYPL', 'QCOM', 'QQQ', 'RTX', 'SBUX', 'SCHW', 'SO', 'SPG', 'SPY', 'T', 'TGT', 'TJX', 'TMO', 'TMUS', 'TSLA', 'TXN', 'UNH', 'UNP', 'UPS', 'USB', 'V', 'VNQ', 'VZ', 'WFC', 'WMT', 'XOM']: 429 Client Error: Too Many Requests for url: https://query1.finance.yahoo.com/v7/finance/quote?symbols=AAPL%2CABBV%2CABT%2CACN%2CADBE%2CAIG%2CAMD%2CAMGN%2CAMT%2CAMZN%2CAVGO%2CAXP%2CBA%2CBAC%2CBKNG%2CBLK%2CBMY%2CBRK-B%2CC%2CCAT%2CCHTR%2CCL%2CCMCSA%2CCOF%2CCOP%2CCOST%2CCRM%2CCSCO%2CCVS%2CCVX%2CDBC%2CDE%2CDHR%2CDIS%2CDOW%2CDUK%2CEEM%2CEFA%2CEMR%2CF%2CFDX%2CGD%2CGE%2CGILD%2CGLD%2CGM%2CGOOG%2CGOOGL%2CGS%2CHD%2CHON%2CIBM%2CIEF%2CINTC%2CINTU%2CISRG%2CIWM%2CJNJ%2CJPM%2CKHC%2CKMI%2CKO%2CLIN%2CLLY%2CLMT%2CLOW%2CMA%2CMCD%2CMDLZ%2CMDT%2CMET%2CMETA%2CMMM%2CMO%2CMRK%2CMS%2CMSFT%2CNEE%2CNFLX%2CNKE%2CNVDA%2CORCL%2CPEP%2CPFE%2CPG%2CPM%2CPYPL%2CQCOM%2CQQQ%2CRTX%2CSBUX%2CSCHW%2CSO%2CSPG%2CSPY%2CT%2CTGT%2CTJX%2CTMO%2CTMUS%2CTSLA%2CTXN%2CUNH%2CUNP%2CUPS%2CUSB%2CV%2CVNQ%2CVZ%2CWFC%2CWMT%2CXOM (http_status=429, extrait_reponse='Too Many Requests\r\n')
2026-08-21 20:10:12,477 INFO bot.feeds.equities: repli yfinance pour 112/112 symbole(s) sans quote v7 (['AAPL', 'ABBV', 'ABT', 'ACN', 'ADBE', 'AIG', 'AMD', 'AMGN', 'AMT', 'AMZN', 'AVGO', 'AXP', 'BA', 'BAC', 'BKNG', 'BLK', 'BMY', 'BRK.B', 'C', 'CAT', 'CHTR', 'CL', 'CMCSA', 'COF', 'COP', 'COST', 'CRM', 'CSCO', 'CVS', 'CVX', 'DBC', 'DE', 'DHR', 'DIS', 'DOW', 'DUK', 'EEM', 'EFA', 'EMR', 'F', 'FDX', 'GD', 'GE', 'GILD', 'GLD', 'GM', 'GOOG', 'GOOGL', 'GS', 'HD', 'HON', 'IBM', 'IEF', 'INTC', 'INTU', 'ISRG', 'IWM', 'JNJ', 'JPM', 'KHC', 'KMI', 'KO', 'LIN', 'LLY', 'LMT', 'LOW', 'MA', 'MCD', 'MDLZ', 'MDT', 'MET', 'META', 'MMM', 'MO', 'MRK', 'MS', 'MSFT', 'NEE', 'NFLX', 'NKE', 'NVDA', 'ORCL', 'PEP', 'PFE', 'PG', 'PM', 'PYPL', 'QCOM', 'QQQ', 'RTX', 'SBUX', 'SCHW', 'SO', 'SPG', 'SPY', 'T', 'TGT', 'TJX', 'TMO', 'TMUS', 'TSLA', 'TXN', 'UNH', 'UNP', 'UPS', 'USB', 'V', 'VNQ', 'VZ', 'WFC', 'WMT', 'XOM'])
2026-08-21 20:10:12,479 INFO yfinance: Failed to create TzCache, reason: Error creating TzCache folder: '/home/runner/.cache/py-yfinance' reason: [Errno 17] File exists: '/home/runner/.cache/py-yfinance'. TzCache will not be used. Tip: You can direct cache to use a different location with 'set_tz_cache_location(mylocation)'
2026-08-21 20:10:13,789 ERROR yfinance: 
1 Failed download:
2026-08-21 20:10:13,789 ERROR yfinance: ['AMGN']: OperationalError('database is locked')
2026-08-21 20:10:28,306 INFO bot.feeds.equities: quote différée pour AAPL (688s, seuil temps réel 300s, source=yfinance_synthetic_spread) — utilisée quand même (seuil de fraîcheur actions/ETF 1500s), marquée delayed=true
2026-08-21 20:10:28,306 INFO bot.feeds.equities: quote différée pour ABBV (688s, seuil temps réel 300s, source=yfinance_synthetic_spread) — utilisée quand même (seuil de fraîcheur actions/ETF 1500s), marquée delayed=true
2026-08-21 20:10:28,306 INFO bot.feeds.equities: quote différée pour ABT (688s, seuil temps réel 300s, source=yfinance_synthetic_spread) — utilisée quand même (seuil de fraîcheur actions/ETF 1500s), marquée delayed=true
2026-08-21 20:10:28,306 INFO bot.feeds.equities: quote différée pour ACN (688s, seuil temps réel 300s, source=yfinance_synthetic_spread) — utilisée quand même (seuil de fraîcheur actions/ETF 1500s), marquée delayed=true
2026-08-21 20:10:28,306 INFO bot.feeds.equities: quote différée pour ADBE (688s, seuil temps réel 300s, source=yfinance_synthetic_spread) — utilisée quand même (seuil de fraîcheur actions/ETF 1500s), marquée delayed=true
2026-08-21 20:10:28,307 INFO bot.feeds.equities: quote différée pour AIG (688s, seuil temps réel 300s, source=yfinance_synthetic_spread) — utilisée quand même (seuil de fraîcheur actions/ETF 1500s), marquée delayed=true
2026-08-21 20:10:28,307 INFO bot.feeds.equities: quote différée pour AMD (688s, seuil temps réel 300s, source=yfinance_synthetic_spread) — utilisée quand même (seuil de fraîcheur actions/ETF 1500s), marquée delayed=true
2026-08-21 20:10:28,307 INFO bot.feeds.equities: quote différée pour AMT (688s, seuil temps réel 300s, source=yfinance_synthetic_spread) — utilisée quand même (seuil de fraîcheur actions/ETF 1500s), marquée delayed=true
2026-08-21 20:10:28,307 INFO bot.feeds.equities: quote différée pour AMZN (688s, seuil temps réel 300s, source=yfinance_synthetic_spread) — utilisée quand même (seuil de fraîcheur actions/ETF 1500s), marquée delayed=true
2026-08-21 20:10:28,307 INFO bot.feeds.equities: quote différée pour AVGO (688s, seuil temps réel 300s, source=yfinance_synthetic_spread) — utilisée quand même (seuil de fraîcheur actions/ETF 1500s), marquée delayed=true
2026-08-21 20:10:28,307 INFO bot.feeds.equities: quote différée pour AXP (688s, seuil temps réel 300s, source=yfinance_synthetic_spread) — utilisée quand même (seuil de fraîcheur actions/ETF 1500s), marquée delayed=true
2026-08-21 20:10:28,307 INFO bot.feeds.equities: quote différée pour BA (688s, seuil temps réel 300s, source=yfinance_synthetic_spread) — utilisée quand même (seuil de fraîcheur actions/ETF 1500s), marquée delayed=true
2026-08-21 20:10:28,307 INFO bot.feeds.equities: quote différée pour BAC (688s, seuil temps réel 300s, source=yfinance_synthetic_spread) — utilisée quand même (seuil de fraîcheur actions/ETF 1500s), marquée delayed=true
2026-08-21 20:10:28,307 INFO bot.feeds.equities: quote différée pour BKNG (688s, seuil temps réel 300s, source=yfinance_synthetic_spread) — utilisée quand même (seuil de fraîcheur actions/ETF 1500s), marquée delayed=true
2026-08-21 20:10:28,307 INFO bot.feeds.equities: quote différée pour BLK (688s, seuil temps réel 300s, source=yfinance_synthetic_spread) — utilisée quand même (seuil de fraîcheur actions/ETF 1500s), marquée delayed=true
2026-08-21 20:10:28,307 INFO bot.feeds.equities: quote différée pour BMY (688s, seuil temps réel 300s, source=yfinance_synthetic_spread) — utilisée quand même (seuil de fraîcheur actions/ETF 1500s), marquée delayed=true
2026-08-21 20:10:28,307 INFO bot.feeds.equities: quote différée pour BRK.B (688s, seuil temps réel 300s, source=yfinance_synthetic_spread) — utilisée quand même (seuil de fraîcheur actions/ETF 1500s), marquée delayed=true
2026-08-21 20:10:28,307 INFO bot.feeds.equities: quote différée pour C (688s, seuil temps réel 300s, source=yfinance_synthetic_spread) — utilisée quand même (seuil de fraîcheur actions/ETF 1500s), marquée delayed=true
2026-08-21 20:10:28,307 INFO bot.feeds.equities: quote différée pour CAT (688s, seuil temps réel 300s, source=yfinance_synthetic_spread) — utilisée quand même (seuil de fraîcheur actions/ETF 1500s), marquée delayed=true
2026-08-21 20:10:28,307 INFO bot.feeds.equities: quote différée pour CHTR (688s, seuil temps réel 300s, source=yfinance_synthetic_spread) — utilisée quand même (seuil de fraîcheur actions/ETF 1500s), marquée delayed=true
2026-08-21 20:10:28,307 INFO bot.feeds.equities: quote différée pour CL (688s, seuil temps réel 300s, source=yfinance_synthetic_spread) — utilisée quand même (seuil de fraîcheur actions/ETF 1500s), marquée delayed=true
2026-08-21 20:10:28,307 INFO bot.feeds.equities: quote différée pour CMCSA (688s, seuil temps réel 300s, source=yfinance_synthetic_spread) — utilisée quand même (seuil de fraîcheur actions/ETF 1500s), marquée delayed=true
2026-08-21 20:10:28,307 INFO bot.feeds.equities: quote différée pour COF (688s, seuil temps réel 300s, source=yfinance_synthetic_spread) — utilisée quand même (seuil de fraîcheur actions/ETF 1500s), marquée delayed=true
2026-08-21 20:10:28,307 INFO bot.feeds.equities: quote différée pour COP (688s, seuil temps réel 300s, source=yfinance_synthetic_spread) — utilisée quand même (seuil de fraîcheur actions/ETF 1500s), marquée delayed=true
2026-08-21 20:10:28,307 INFO bot.feeds.equities: quote différée pour COST (688s, seuil temps réel 300s, source=yfinance_synthetic_spread) — utilisée quand même (seuil de fraîcheur actions/ETF 1500s), marquée delayed=true
2026-08-21 20:10:28,307 INFO bot.feeds.equities: quote différée pour CRM (688s, seuil temps réel 300s, source=yfinance_synthetic_spread) — utilisée quand même (seuil de fraîcheur actions/ETF 1500s), marquée delayed=true
2026-08-21 20:10:28,307 INFO bot.feeds.equities: quote différée pour CSCO (688s, seuil temps réel 300s, source=yfinance_synthetic_spread) — utilisée quand même (seuil de fraîcheur actions/ETF 1500s), marquée delayed=true
2026-08-21 20:10:28,307 INFO bot.feeds.equities: quote différée pour CVS (688s, seuil temps réel 300s, source=yfinance_synthetic_spread) — utilisée quand même (seuil de fraîcheur actions/ETF 1500s), marquée delayed=true
2026-08-21 20:10:28,307 INFO bot.feeds.equities: quote différée pour CVX (688s, seuil temps réel 300s, source=yfinance_synthetic_spread) — utilisée quand même (seuil de fraîcheur actions/ETF 1500s), marquée delayed=true
2026-08-21 20:10:28,307 INFO bot.feeds.equities: quote différée pour DBC (688s, seuil temps réel 300s, source=yfinance_synthetic_spread) — utilisée quand même (seuil de fraîcheur actions/ETF 1500s), marquée delayed=true
2026-08-21 20:10:28,307 INFO bot.feeds.equities: quote différée pour DE (688s, seuil temps réel 300s, source=yfinance_synthetic_spread) — utilisée quand même (seuil de fraîcheur actions/ETF 1500s), marquée delayed=true
2026-08-21 20:10:28,307 INFO bot.feeds.equities: quote différée pour DHR (688s, seuil temps réel 300s, source=yfinance_synthetic_spread) — utilisée quand même (seuil de fraîcheur actions/ETF 1500s), marquée delayed=true
2026-08-21 20:10:28,307 INFO bot.feeds.equities: quote différée pour DIS (688s, seuil temps réel 300s, source=yfinance_synthetic_spread) — utilisée quand même (seuil de fraîcheur actions/ETF 1500s), marquée delayed=true
2026-08-21 20:10:28,307 INFO bot.feeds.equities: quote différée pour DOW (688s, seuil temps réel 300s, source=yfinance_synthetic_spread) — utilisée quand même (seuil de fraîcheur actions/ETF 1500s), marquée delayed=true
2026-08-21 20:10:28,307 INFO bot.feeds.equities: quote différée pour DUK (688s, seuil temps réel 300s, source=yfinance_synthetic_spread) — utilisée quand même (seuil de fraîcheur actions/ETF 1500s), marquée delayed=true
2026-08-21 20:10:28,307 INFO bot.feeds.equities: quote différée pour EEM (688s, seuil temps réel 300s, source=yfinance_synthetic_spread) — utilisée quand même (seuil de fraîcheur actions/ETF 1500s), marquée delayed=true
2026-08-21 20:10:28,307 INFO bot.feeds.equities: quote différée pour EFA (688s, seuil temps réel 300s, source=yfinance_synthetic_spread) — utilisée quand même (seuil de fraîcheur actions/ETF 1500s), marquée delayed=true
2026-08-21 20:10:28,307 INFO bot.feeds.equities: quote différée pour EMR (688s, seuil temps réel 300s, source=yfinance_synthetic_spread) — utilisée quand même (seuil de fraîcheur actions/ETF 1500s), marquée delayed=true
2026-08-21 20:10:28,307 INFO bot.feeds.equities: quote différée pour F (688s, seuil temps réel 300s, source=yfinance_synthetic_spread) — utilisée quand même (seuil de fraîcheur actions/ETF 1500s), marquée delayed=true
2026-08-21 20:10:28,307 INFO bot.feeds.equities: quote différée pour FDX (688s, seuil temps réel 300s, source=yfinance_synthetic_spread) — utilisée quand même (seuil de fraîcheur actions/ETF 1500s), marquée delayed=true
2026-08-21 20:10:28,307 INFO bot.feeds.equities: quote différée pour GD (688s, seuil temps réel 300s, source=yfinance_synthetic_spread) — utilisée quand même (seuil de fraîcheur actions/ETF 1500s), marquée delayed=true
2026-08-21 20:10:28,307 INFO bot.feeds.equities: quote différée pour GE (688s, seuil temps réel 300s, source=yfinance_synthetic_spread) — utilisée quand même (seuil de fraîcheur actions/ETF 1500s), marquée delayed=true
2026-08-21 20:10:28,307 INFO bot.feeds.equities: quote différée pour GILD (688s, seuil temps réel 300s, source=yfinance_synthetic_spread) — utilisée quand même (seuil de fraîcheur actions/ETF 1500s), marquée delayed=true
2026-08-21 20:10:28,307 INFO bot.feeds.equities: quote différée pour GLD (688s, seuil temps réel 300s, source=yfinance_synthetic_spread) — utilisée quand même (seuil de fraîcheur actions/ETF 1500s), marquée delayed=true
2026-08-21 20:10:28,307 INFO bot.feeds.equities: quote différée pour GM (688s, seuil temps réel 300s, source=yfinance_synthetic_spread) — utilisée quand même (seuil de fraîcheur actions/ETF 1500s), marquée delayed=true
2026-08-21 20:10:28,307 INFO bot.feeds.equities: quote différée pour GOOG (688s, seuil temps réel 300s, source=yfinance_synthetic_spread) — utilisée quand même (seuil de fraîcheur actions/ETF 1500s), marquée delayed=true
2026-08-21 20:10:28,307 INFO bot.feeds.equities: quote différée pour GOOGL (688s, seuil temps réel 300s, source=yfinance_synthetic_spread) — utilisée quand même (seuil de fraîcheur actions/ETF 1500s), marquée delayed=true
2026-08-21 20:10:28,307 INFO bot.feeds.equities: quote différée pour GS (688s, seuil temps réel 300s, source=yfinance_synthetic_spread) — utilisée quand même (seuil de fraîcheur actions/ETF 1500s), marquée delayed=true
2026-08-21 20:10:28,307 INFO bot.feeds.equities: quote différée pour HD (688s, seuil temps réel 300s, source=yfinance_synthetic_spread) — utilisée quand même (seuil de fraîcheur actions/ETF 1500s), marquée delayed=true
2026-08-21 20:10:28,307 INFO bot.feeds.equities: quote différée pour HON (688s, seuil temps réel 300s, source=yfinance_synthetic_spread) — utilisée quand même (seuil de fraîcheur actions/ETF 1500s), marquée delayed=true
2026-08-21 20:10:28,308 INFO bot.feeds.equities: quote différée pour IBM (688s, seuil temps réel 300s, source=yfinance_synthetic_spread) — utilisée quand même (seuil de fraîcheur actions/ETF 1500s), marquée delayed=true
2026-08-21 20:10:28,308 INFO bot.feeds.equities: quote différée pour IEF (688s, seuil temps réel 300s, source=yfinance_synthetic_spread) — utilisée quand même (seuil de fraîcheur actions/ETF 1500s), marquée delayed=true
2026-08-21 20:10:28,308 INFO bot.feeds.equities: quote différée pour INTC (688s, seuil temps réel 300s, source=yfinance_synthetic_spread) — utilisée quand même (seuil de fraîcheur actions/ETF 1500s), marquée delayed=true
2026-08-21 20:10:28,308 INFO bot.feeds.equities: quote différée pour INTU (688s, seuil temps réel 300s, source=yfinance_synthetic_spread) — utilisée quand même (seuil de fraîcheur actions/ETF 1500s), marquée delayed=true
2026-08-21 20:10:28,308 INFO bot.feeds.equities: quote différée pour ISRG (688s, seuil temps réel 300s, source=yfinance_synthetic_spread) — utilisée quand même (seuil de fraîcheur actions/ETF 1500s), marquée delayed=true
2026-08-21 20:10:28,308 INFO bot.feeds.equities: quote différée pour IWM (688s, seuil temps réel 300s, source=yfinance_synthetic_spread) — utilisée quand même (seuil de fraîcheur actions/ETF 1500s), marquée delayed=true
2026-08-21 20:10:28,308 INFO bot.feeds.equities: quote différée pour JNJ (688s, seuil temps réel 300s, source=yfinance_synthetic_spread) — utilisée quand même (seuil de fraîcheur actions/ETF 1500s), marquée delayed=true
2026-08-21 20:10:28,308 INFO bot.feeds.equities: quote différée pour JPM (688s, seuil temps réel 300s, source=yfinance_synthetic_spread) — utilisée quand même (seuil de fraîcheur actions/ETF 1500s), marquée delayed=true
2026-08-21 20:10:28,308 INFO bot.feeds.equities: quote différée pour KHC (688s, seuil temps réel 300s, source=yfinance_synthetic_spread) — utilisée quand même (seuil de fraîcheur actions/ETF 1500s), marquée delayed=true
2026-08-21 20:10:28,308 INFO bot.feeds.equities: quote différée pour KMI (688s, seuil temps réel 300s, source=yfinance_synthetic_spread) — utilisée quand même (seuil de fraîcheur actions/ETF 1500s), marquée delayed=true
2026-08-21 20:10:28,308 INFO bot.feeds.equities: quote différée pour KO (688s, seuil temps réel 300s, source=yfinance_synthetic_spread) — utilisée quand même (seuil de fraîcheur actions/ETF 1500s), marquée delayed=true
2026-08-21 20:10:28,308 INFO bot.feeds.equities: quote différée pour LIN (688s, seuil temps réel 300s, source=yfinance_synthetic_spread) — utilisée quand même (seuil de fraîcheur actions/ETF 1500s), marquée delayed=true
2026-08-21 20:10:28,308 INFO bot.feeds.equities: quote différée pour LLY (688s, seuil temps réel 300s, source=yfinance_synthetic_spread) — utilisée quand même (seuil de fraîcheur actions/ETF 1500s), marquée delayed=true
2026-08-21 20:10:28,308 INFO bot.feeds.equities: quote différée pour LMT (688s, seuil temps réel 300s, source=yfinance_synthetic_spread) — utilisée quand même (seuil de fraîcheur actions/ETF 1500s), marquée delayed=true
2026-08-21 20:10:28,308 INFO bot.feeds.equities: quote différée pour LOW (688s, seuil temps réel 300s, source=yfinance_synthetic_spread) — utilisée quand même (seuil de fraîcheur actions/ETF 1500s), marquée delayed=true
2026-08-21 20:10:28,308 INFO bot.feeds.equities: quote différée pour MA (688s, seuil temps réel 300s, source=yfinance_synthetic_spread) — utilisée quand même (seuil de fraîcheur actions/ETF 1500s), marquée delayed=true
2026-08-21 20:10:28,308 INFO bot.feeds.equities: quote différée pour MCD (688s, seuil temps réel 300s, source=yfinance_synthetic_spread) — utilisée quand même (seuil de fraîcheur actions/ETF 1500s), marquée delayed=true
2026-08-21 20:10:28,308 INFO bot.feeds.equities: quote différée pour MDLZ (688s, seuil temps réel 300s, source=yfinance_synthetic_spread) — utilisée quand même (seuil de fraîcheur actions/ETF 1500s), marquée delayed=true
2026-08-21 20:10:28,308 INFO bot.feeds.equities: quote différée pour MDT (688s, seuil temps réel 300s, source=yfinance_synthetic_spread) — utilisée quand même (seuil de fraîcheur actions/ETF 1500s), marquée delayed=true
2026-08-21 20:10:28,308 INFO bot.feeds.equities: quote différée pour MET (688s, seuil temps réel 300s, source=yfinance_synthetic_spread) — utilisée quand même (seuil de fraîcheur actions/ETF 1500s), marquée delayed=true
2026-08-21 20:10:28,308 INFO bot.feeds.equities: quote différée pour META (688s, seuil temps réel 300s, source=yfinance_synthetic_spread) — utilisée quand même (seuil de fraîcheur actions/ETF 1500s), marquée delayed=true
2026-08-21 20:10:28,308 INFO bot.feeds.equities: quote différée pour MMM (688s, seuil temps réel 300s, source=yfinance_synthetic_spread) — utilisée quand même (seuil de fraîcheur actions/ETF 1500s), marquée delayed=true
2026-08-21 20:10:28,308 INFO bot.feeds.equities: quote différée pour MO (688s, seuil temps réel 300s, source=yfinance_synthetic_spread) — utilisée quand même (seuil de fraîcheur actions/ETF 1500s), marquée delayed=true
2026-08-21 20:10:28,308 INFO bot.feeds.equities: quote différée pour MRK (688s, seuil temps réel 300s, source=yfinance_synthetic_spread) — utilisée quand même (seuil de fraîcheur actions/ETF 1500s), marquée delayed=true
2026-08-21 20:10:28,308 INFO bot.feeds.equities: quote différée pour MS (688s, seuil temps réel 300s, source=yfinance_synthetic_spread) — utilisée quand même (seuil de fraîcheur actions/ETF 1500s), marquée delayed=true
2026-08-21 20:10:28,308 INFO bot.feeds.equities: quote différée pour MSFT (688s, seuil temps réel 300s, source=yfinance_synthetic_spread) — utilisée quand même (seuil de fraîcheur actions/ETF 1500s), marquée delayed=true
2026-08-21 20:10:28,308 INFO bot.feeds.equities: quote différée pour NEE (688s, seuil temps réel 300s, source=yfinance_synthetic_spread) — utilisée quand même (seuil de fraîcheur actions/ETF 1500s), marquée delayed=true
2026-08-21 20:10:28,308 INFO bot.feeds.equities: quote différée pour NFLX (688s, seuil temps réel 300s, source=yfinance_synthetic_spread) — utilisée quand même (seuil de fraîcheur actions/ETF 1500s), marquée delayed=true
2026-08-21 20:10:28,308 INFO bot.feeds.equities: quote différée pour NKE (688s, seuil temps réel 300s, source=yfinance_synthetic_spread) — utilisée quand même (seuil de fraîcheur actions/ETF 1500s), marquée delayed=true
2026-08-21 20:10:28,308 INFO bot.feeds.equities: quote différée pour NVDA (688s, seuil temps réel 300s, source=yfinance_synthetic_spread) — utilisée quand même (seuil de fraîcheur actions/ETF 1500s), marquée delayed=true
2026-08-21 20:10:28,308 INFO bot.feeds.equities: quote différée pour ORCL (688s, seuil temps réel 300s, source=yfinance_synthetic_spread) — utilisée quand même (seuil de fraîcheur actions/ETF 1500s), marquée delayed=true
2026-08-21 20:10:28,308 INFO bot.feeds.equities: quote différée pour PEP (688s, seuil temps réel 300s, source=yfinance_synthetic_spread) — utilisée quand même (seuil de fraîcheur actions/ETF 1500s), marquée delayed=true
2026-08-21 20:10:28,308 INFO bot.feeds.equities: quote différée pour PFE (688s, seuil temps réel 300s, source=yfinance_synthetic_spread) — utilisée quand même (seuil de fraîcheur actions/ETF 1500s), marquée delayed=true
2026-08-21 20:10:28,308 INFO bot.feeds.equities: quote différée pour PG (688s, seuil temps réel 300s, source=yfinance_synthetic_spread) — utilisée quand même (seuil de fraîcheur actions/ETF 1500s), marquée delayed=true
2026-08-21 20:10:28,308 INFO bot.feeds.equities: quote différée pour PM (688s, seuil temps réel 300s, source=yfinance_synthetic_spread) — utilisée quand même (seuil de fraîcheur actions/ETF 1500s), marquée delayed=true
2026-08-21 20:10:28,308 INFO bot.feeds.equities: quote différée pour PYPL (688s, seuil temps réel 300s, source=yfinance_synthetic_spread) — utilisée quand même (seuil de fraîcheur actions/ETF 1500s), marquée delayed=true
2026-08-21 20:10:28,308 INFO bot.feeds.equities: quote différée pour QCOM (688s, seuil temps réel 300s, source=yfinance_synthetic_spread) — utilisée quand même (seuil de fraîcheur actions/ETF 1500s), marquée delayed=true
2026-08-21 20:10:28,308 INFO bot.feeds.equities: quote différée pour QQQ (688s, seuil temps réel 300s, source=yfinance_synthetic_spread) — utilisée quand même (seuil de fraîcheur actions/ETF 1500s), marquée delayed=true
2026-08-21 20:10:28,308 INFO bot.feeds.equities: quote différée pour RTX (688s, seuil temps réel 300s, source=yfinance_synthetic_spread) — utilisée quand même (seuil de fraîcheur actions/ETF 1500s), marquée delayed=true
2026-08-21 20:10:28,308 INFO bot.feeds.equities: quote différée pour SBUX (688s, seuil temps réel 300s, source=yfinance_synthetic_spread) — utilisée quand même (seuil de fraîcheur actions/ETF 1500s), marquée delayed=true
2026-08-21 20:10:28,308 INFO bot.feeds.equities: quote différée pour SCHW (688s, seuil temps réel 300s, source=yfinance_synthetic_spread) — utilisée quand même (seuil de fraîcheur actions/ETF 1500s), marquée delayed=true
2026-08-21 20:10:28,308 INFO bot.feeds.equities: quote différée pour SO (688s, seuil temps réel 300s, source=yfinance_synthetic_spread) — utilisée quand même (seuil de fraîcheur actions/ETF 1500s), marquée delayed=true
2026-08-21 20:10:28,308 INFO bot.feeds.equities: quote différée pour SPG (688s, seuil temps réel 300s, source=yfinance_synthetic_spread) — utilisée quand même (seuil de fraîcheur actions/ETF 1500s), marquée delayed=true
2026-08-21 20:10:28,308 INFO bot.feeds.equities: quote différée pour SPY (688s, seuil temps réel 300s, source=yfinance_synthetic_spread) — utilisée quand même (seuil de fraîcheur actions/ETF 1500s), marquée delayed=true
2026-08-21 20:10:28,308 INFO bot.feeds.equities: quote différée pour T (688s, seuil temps réel 300s, source=yfinance_synthetic_spread) — utilisée quand même (seuil de fraîcheur actions/ETF 1500s), marquée delayed=true
2026-08-21 20:10:28,308 INFO bot.feeds.equities: quote différée pour TGT (688s, seuil temps réel 300s, source=yfinance_synthetic_spread) — utilisée quand même (seuil de fraîcheur actions/ETF 1500s), marquée delayed=true
2026-08-21 20:10:28,308 INFO bot.feeds.equities: quote différée pour TJX (688s, seuil temps réel 300s, source=yfinance_synthetic_spread) — utilisée quand même (seuil de fraîcheur actions/ETF 1500s), marquée delayed=true
2026-08-21 20:10:28,308 INFO bot.feeds.equities: quote différée pour TMO (688s, seuil temps réel 300s, source=yfinance_synthetic_spread) — utilisée quand même (seuil de fraîcheur actions/ETF 1500s), marquée delayed=true
2026-08-21 20:10:28,308 INFO bot.feeds.equities: quote différée pour TMUS (688s, seuil temps réel 300s, source=yfinance_synthetic_spread) — utilisée quand même (seuil de fraîcheur actions/ETF 1500s), marquée delayed=true
2026-08-21 20:10:28,308 INFO bot.feeds.equities: quote différée pour TSLA (688s, seuil temps réel 300s, source=yfinance_synthetic_spread) — utilisée quand même (seuil de fraîcheur actions/ETF 1500s), marquée delayed=true
2026-08-21 20:10:28,308 INFO bot.feeds.equities: quote différée pour TXN (688s, seuil temps réel 300s, source=yfinance_synthetic_spread) — utilisée quand même (seuil de fraîcheur actions/ETF 1500s), marquée delayed=true
2026-08-21 20:10:28,308 INFO bot.feeds.equities: quote différée pour UNH (688s, seuil temps réel 300s, source=yfinance_synthetic_spread) — utilisée quand même (seuil de fraîcheur actions/ETF 1500s), marquée delayed=true
2026-08-21 20:10:28,308 INFO bot.feeds.equities: quote différée pour UNP (688s, seuil temps réel 300s, source=yfinance_synthetic_spread) — utilisée quand même (seuil de fraîcheur actions/ETF 1500s), marquée delayed=true
2026-08-21 20:10:28,309 INFO bot.feeds.equities: quote différée pour UPS (688s, seuil temps réel 300s, source=yfinance_synthetic_spread) — utilisée quand même (seuil de fraîcheur actions/ETF 1500s), marquée delayed=true
2026-08-21 20:10:28,309 INFO bot.feeds.equities: quote différée pour USB (688s, seuil temps réel 300s, source=yfinance_synthetic_spread) — utilisée quand même (seuil de fraîcheur actions/ETF 1500s), marquée delayed=true
2026-08-21 20:10:28,309 INFO bot.feeds.equities: quote différée pour V (688s, seuil temps réel 300s, source=yfinance_synthetic_spread) — utilisée quand même (seuil de fraîcheur actions/ETF 1500s), marquée delayed=true
2026-08-21 20:10:28,309 INFO bot.feeds.equities: quote différée pour VNQ (688s, seuil temps réel 300s, source=yfinance_synthetic_spread) — utilisée quand même (seuil de fraîcheur actions/ETF 1500s), marquée delayed=true
2026-08-21 20:10:28,309 INFO bot.feeds.equities: quote différée pour VZ (688s, seuil temps réel 300s, source=yfinance_synthetic_spread) — utilisée quand même (seuil de fraîcheur actions/ETF 1500s), marquée delayed=true
2026-08-21 20:10:28,309 INFO bot.feeds.equities: quote différée pour WFC (688s, seuil temps réel 300s, source=yfinance_synthetic_spread) — utilisée quand même (seuil de fraîcheur actions/ETF 1500s), marquée delayed=true
2026-08-21 20:10:28,309 INFO bot.feeds.equities: quote différée pour WMT (688s, seuil temps réel 300s, source=yfinance_synthetic_spread) — utilisée quand même (seuil de fraîcheur actions/ETF 1500s), marquée delayed=true
2026-08-21 20:10:28,309 INFO bot.feeds.equities: quote différée pour XOM (688s, seuil temps réel 300s, source=yfinance_synthetic_spread) — utilisée quand même (seuil de fraîcheur actions/ETF 1500s), marquée delayed=true
2026-08-21 20:10:28,384 WARNING bot.feeds.crypto: binance klines échec pour AVAXUSDT: 451 Client Error:  for url: https://api.binance.com/api/v3/klines?symbol=AVAXUSDT&interval=1h&limit=305
2026-08-21 20:10:28,533 WARNING bot.feeds.crypto: binance klines échec pour BNBUSDT: 451 Client Error:  for url: https://api.binance.com/api/v3/klines?symbol=BNBUSDT&interval=1h&limit=305
2026-08-21 20:10:28,851 WARNING bot.runner: historique indisponible pour BNB: crypto BNB: seulement 300/4848 bougies obtenues (réseau plafonné à 300h + repli cache disque journalier épuisés)
2026-08-21 20:10:28,854 WARNING bot.feeds.crypto: binance klines échec pour BTCUSDT: 451 Client Error:  for url: https://api.binance.com/api/v3/klines?symbol=BTCUSDT&interval=1h&limit=305
2026-08-21 20:10:28,897 WARNING bot.feeds.crypto: binance klines échec pour DOGEUSDT: 451 Client Error:  for url: https://api.binance.com/api/v3/klines?symbol=DOGEUSDT&interval=1h&limit=305
2026-08-21 20:10:29,223 WARNING bot.feeds.crypto: binance klines échec pour ETHUSDT: 451 Client Error:  for url: https://api.binance.com/api/v3/klines?symbol=ETHUSDT&interval=1h&limit=305
2026-08-21 20:10:29,266 WARNING bot.feeds.crypto: binance klines échec pour FILUSDT: 451 Client Error:  for url: https://api.binance.com/api/v3/klines?symbol=FILUSDT&interval=1h&limit=305
2026-08-21 20:10:29,598 WARNING bot.feeds.crypto: binance klines échec pour HBARUSDT: 451 Client Error:  for url: https://api.binance.com/api/v3/klines?symbol=HBARUSDT&interval=1h&limit=305
2026-08-21 20:10:30,116 WARNING bot.feeds.crypto: binance klines échec pour ICPUSDT: 451 Client Error:  for url: https://api.binance.com/api/v3/klines?symbol=ICPUSDT&interval=1h&limit=305
2026-08-21 20:10:30,546 WARNING bot.feeds.crypto: binance klines échec pour LINKUSDT: 451 Client Error:  for url: https://api.binance.com/api/v3/klines?symbol=LINKUSDT&interval=1h&limit=305
2026-08-21 20:10:30,982 WARNING bot.feeds.crypto: binance klines échec pour OPUSDT: 451 Client Error:  for url: https://api.binance.com/api/v3/klines?symbol=OPUSDT&interval=1h&limit=305
2026-08-21 20:10:31,287 WARNING bot.feeds.crypto: binance klines échec pour SOLUSDT: 451 Client Error:  for url: https://api.binance.com/api/v3/klines?symbol=SOLUSDT&interval=1h&limit=305
2026-08-21 20:10:31,671 WARNING bot.feeds.crypto: binance klines échec pour UNIUSDT: 451 Client Error:  for url: https://api.binance.com/api/v3/klines?symbol=UNIUSDT&interval=1h&limit=305
2026-08-21 20:10:31,893 WARNING bot.feeds.crypto: binance klines échec pour XLMUSDT: 451 Client Error:  for url: https://api.binance.com/api/v3/klines?symbol=XLMUSDT&interval=1h&limit=305
2026-08-21 20:10:32,491 WARNING bot.feeds.crypto: binance klines échec pour XRPUSDT: 451 Client Error:  for url: https://api.binance.com/api/v3/klines?symbol=XRPUSDT&interval=1h&limit=305
2026-08-21 20:10:32,881 INFO bot.runner: TIMING phase=feeds_crypto durée=21.3s
2026-08-21 20:10:33,328 INFO bot.feeds.daily: cache disque data-cache (généré=2026-08-20T21:54:06.513170+00:00) : 112/112 symbole(s) servis sans appel réseau
2026-08-21 20:10:33,335 INFO bot.runner: TIMING phase=feeds_equities durée=0.5s
2026-08-21 20:10:33,822 INFO bot.runner: TIMING phase=strategies_execution durée=0.1s
2026-08-21 20:10:43,222 INFO bot.runner: TIMING phase=git_sync durée=9.3s
2026-08-21 20:10:43,222 INFO bot.runner: TIMING résumé cycle : feeds_crypto=21.3s feeds_equities=0.5s strategies_execution=0.1s git_sync=9.3s total=33.1s
2026-08-21 20:10:43,222 INFO bot.runner: git_sync SUCCESS — cycle 2026-08-21T20 terminé (🛡️ 1015€ | ⚖️ 1006€ | 🔥 960€ | 🧪 974€).
