== Cycle bot (job.status=success) ==
date_utc: 2026-08-04T20:17:09+00:00
run_id_attendu: 2026-08-04T20
sha_main: d5066f7b82663d7ceaf097e6eeffa4a9fe6ea2d8
github_run_id: 30946956701
github_run_attempt: 1
github_run_number: 170
workflow: Bot cycle
event: schedule
==========================
2026-08-04 20:16:45,258 INFO bot.runner: Démarrage du cycle multi-wallets run_id=2026-08-04T20 (['prudent', 'equilibre', 'agressif', 'labo'])
2026-08-04 20:16:45,264 WARNING bot.runner: trou(s) détecté(s) dans equity.jsonl (tous wallets) sur les dernières 24h : ['2026-08-04T00', '2026-08-04T02', '2026-08-04T03', '2026-08-04T05', '2026-08-04T06', '2026-08-04T08', '2026-08-04T09', '2026-08-04T11', '2026-08-04T13', '2026-08-04T14', '2026-08-04T16', '2026-08-04T19']
2026-08-04 20:16:45,527 WARNING bot.feeds.crypto: coinbase ticker périmé pour OP
2026-08-04 20:16:45,798 WARNING bot.feeds.equities: yahoo v7 quote échec pour ['AAPL', 'ABBV', 'ABT', 'ACN', 'ADBE', 'AIG', 'AMD', 'AMGN', 'AMT', 'AMZN', 'AVGO', 'AXP', 'BA', 'BAC', 'BKNG', 'BLK', 'BMY', 'BRK.B', 'C', 'CAT', 'CHTR', 'CL', 'CMCSA', 'COF', 'COP', 'COST', 'CRM', 'CSCO', 'CVS', 'CVX', 'DBC', 'DE', 'DHR', 'DIS', 'DOW', 'DUK', 'EEM', 'EFA', 'EMR', 'F', 'FDX', 'GD', 'GE', 'GILD', 'GLD', 'GM', 'GOOG', 'GOOGL', 'GS', 'HD', 'HON', 'IBM', 'IEF', 'INTC', 'INTU', 'ISRG', 'IWM', 'JNJ', 'JPM', 'KHC', 'KMI', 'KO', 'LIN', 'LLY', 'LMT', 'LOW', 'MA', 'MCD', 'MDLZ', 'MDT', 'MET', 'META', 'MMM', 'MO', 'MRK', 'MS', 'MSFT', 'NEE', 'NFLX', 'NKE', 'NVDA', 'ORCL', 'PEP', 'PFE', 'PG', 'PM', 'PYPL', 'QCOM', 'QQQ', 'RTX', 'SBUX', 'SCHW', 'SO', 'SPG', 'SPY', 'T', 'TGT', 'TJX', 'TMO', 'TMUS', 'TSLA', 'TXN', 'UNH', 'UNP', 'UPS', 'USB', 'V', 'VNQ', 'VZ', 'WFC', 'WMT', 'XOM']: 429 Client Error: Too Many Requests for url: https://query1.finance.yahoo.com/v7/finance/quote?symbols=AAPL%2CABBV%2CABT%2CACN%2CADBE%2CAIG%2CAMD%2CAMGN%2CAMT%2CAMZN%2CAVGO%2CAXP%2CBA%2CBAC%2CBKNG%2CBLK%2CBMY%2CBRK-B%2CC%2CCAT%2CCHTR%2CCL%2CCMCSA%2CCOF%2CCOP%2CCOST%2CCRM%2CCSCO%2CCVS%2CCVX%2CDBC%2CDE%2CDHR%2CDIS%2CDOW%2CDUK%2CEEM%2CEFA%2CEMR%2CF%2CFDX%2CGD%2CGE%2CGILD%2CGLD%2CGM%2CGOOG%2CGOOGL%2CGS%2CHD%2CHON%2CIBM%2CIEF%2CINTC%2CINTU%2CISRG%2CIWM%2CJNJ%2CJPM%2CKHC%2CKMI%2CKO%2CLIN%2CLLY%2CLMT%2CLOW%2CMA%2CMCD%2CMDLZ%2CMDT%2CMET%2CMETA%2CMMM%2CMO%2CMRK%2CMS%2CMSFT%2CNEE%2CNFLX%2CNKE%2CNVDA%2CORCL%2CPEP%2CPFE%2CPG%2CPM%2CPYPL%2CQCOM%2CQQQ%2CRTX%2CSBUX%2CSCHW%2CSO%2CSPG%2CSPY%2CT%2CTGT%2CTJX%2CTMO%2CTMUS%2CTSLA%2CTXN%2CUNH%2CUNP%2CUPS%2CUSB%2CV%2CVNQ%2CVZ%2CWFC%2CWMT%2CXOM (http_status=429, extrait_reponse='Too Many Requests\r\n')
2026-08-04 20:16:45,798 INFO bot.feeds.equities: repli yfinance pour 112/112 symbole(s) sans quote v7 (['AAPL', 'ABBV', 'ABT', 'ACN', 'ADBE', 'AIG', 'AMD', 'AMGN', 'AMT', 'AMZN', 'AVGO', 'AXP', 'BA', 'BAC', 'BKNG', 'BLK', 'BMY', 'BRK.B', 'C', 'CAT', 'CHTR', 'CL', 'CMCSA', 'COF', 'COP', 'COST', 'CRM', 'CSCO', 'CVS', 'CVX', 'DBC', 'DE', 'DHR', 'DIS', 'DOW', 'DUK', 'EEM', 'EFA', 'EMR', 'F', 'FDX', 'GD', 'GE', 'GILD', 'GLD', 'GM', 'GOOG', 'GOOGL', 'GS', 'HD', 'HON', 'IBM', 'IEF', 'INTC', 'INTU', 'ISRG', 'IWM', 'JNJ', 'JPM', 'KHC', 'KMI', 'KO', 'LIN', 'LLY', 'LMT', 'LOW', 'MA', 'MCD', 'MDLZ', 'MDT', 'MET', 'META', 'MMM', 'MO', 'MRK', 'MS', 'MSFT', 'NEE', 'NFLX', 'NKE', 'NVDA', 'ORCL', 'PEP', 'PFE', 'PG', 'PM', 'PYPL', 'QCOM', 'QQQ', 'RTX', 'SBUX', 'SCHW', 'SO', 'SPG', 'SPY', 'T', 'TGT', 'TJX', 'TMO', 'TMUS', 'TSLA', 'TXN', 'UNH', 'UNP', 'UPS', 'USB', 'V', 'VNQ', 'VZ', 'WFC', 'WMT', 'XOM'])
2026-08-04 20:16:59,647 INFO bot.feeds.equities: quote différée pour AAPL (1080s, seuil temps réel 300s, source=yfinance_synthetic_spread) — utilisée quand même (seuil de fraîcheur actions/ETF 1500s), marquée delayed=true
2026-08-04 20:16:59,647 INFO bot.feeds.equities: quote différée pour ABBV (1080s, seuil temps réel 300s, source=yfinance_synthetic_spread) — utilisée quand même (seuil de fraîcheur actions/ETF 1500s), marquée delayed=true
2026-08-04 20:16:59,647 INFO bot.feeds.equities: quote différée pour ABT (1080s, seuil temps réel 300s, source=yfinance_synthetic_spread) — utilisée quand même (seuil de fraîcheur actions/ETF 1500s), marquée delayed=true
2026-08-04 20:16:59,647 INFO bot.feeds.equities: quote différée pour ACN (1080s, seuil temps réel 300s, source=yfinance_synthetic_spread) — utilisée quand même (seuil de fraîcheur actions/ETF 1500s), marquée delayed=true
2026-08-04 20:16:59,647 INFO bot.feeds.equities: quote différée pour ADBE (1080s, seuil temps réel 300s, source=yfinance_synthetic_spread) — utilisée quand même (seuil de fraîcheur actions/ETF 1500s), marquée delayed=true
2026-08-04 20:16:59,647 INFO bot.feeds.equities: quote différée pour AIG (1080s, seuil temps réel 300s, source=yfinance_synthetic_spread) — utilisée quand même (seuil de fraîcheur actions/ETF 1500s), marquée delayed=true
2026-08-04 20:16:59,647 INFO bot.feeds.equities: quote différée pour AMD (1080s, seuil temps réel 300s, source=yfinance_synthetic_spread) — utilisée quand même (seuil de fraîcheur actions/ETF 1500s), marquée delayed=true
2026-08-04 20:16:59,647 INFO bot.feeds.equities: quote différée pour AMGN (1080s, seuil temps réel 300s, source=yfinance_synthetic_spread) — utilisée quand même (seuil de fraîcheur actions/ETF 1500s), marquée delayed=true
2026-08-04 20:16:59,647 INFO bot.feeds.equities: quote différée pour AMT (1080s, seuil temps réel 300s, source=yfinance_synthetic_spread) — utilisée quand même (seuil de fraîcheur actions/ETF 1500s), marquée delayed=true
2026-08-04 20:16:59,647 INFO bot.feeds.equities: quote différée pour AMZN (1080s, seuil temps réel 300s, source=yfinance_synthetic_spread) — utilisée quand même (seuil de fraîcheur actions/ETF 1500s), marquée delayed=true
2026-08-04 20:16:59,648 INFO bot.feeds.equities: quote différée pour AVGO (1080s, seuil temps réel 300s, source=yfinance_synthetic_spread) — utilisée quand même (seuil de fraîcheur actions/ETF 1500s), marquée delayed=true
2026-08-04 20:16:59,648 INFO bot.feeds.equities: quote différée pour AXP (1080s, seuil temps réel 300s, source=yfinance_synthetic_spread) — utilisée quand même (seuil de fraîcheur actions/ETF 1500s), marquée delayed=true
2026-08-04 20:16:59,648 INFO bot.feeds.equities: quote différée pour BA (1080s, seuil temps réel 300s, source=yfinance_synthetic_spread) — utilisée quand même (seuil de fraîcheur actions/ETF 1500s), marquée delayed=true
2026-08-04 20:16:59,648 INFO bot.feeds.equities: quote différée pour BAC (1080s, seuil temps réel 300s, source=yfinance_synthetic_spread) — utilisée quand même (seuil de fraîcheur actions/ETF 1500s), marquée delayed=true
2026-08-04 20:16:59,648 INFO bot.feeds.equities: quote différée pour BKNG (1080s, seuil temps réel 300s, source=yfinance_synthetic_spread) — utilisée quand même (seuil de fraîcheur actions/ETF 1500s), marquée delayed=true
2026-08-04 20:16:59,648 INFO bot.feeds.equities: quote différée pour BLK (1080s, seuil temps réel 300s, source=yfinance_synthetic_spread) — utilisée quand même (seuil de fraîcheur actions/ETF 1500s), marquée delayed=true
2026-08-04 20:16:59,648 INFO bot.feeds.equities: quote différée pour BMY (1080s, seuil temps réel 300s, source=yfinance_synthetic_spread) — utilisée quand même (seuil de fraîcheur actions/ETF 1500s), marquée delayed=true
2026-08-04 20:16:59,648 INFO bot.feeds.equities: quote différée pour BRK.B (1080s, seuil temps réel 300s, source=yfinance_synthetic_spread) — utilisée quand même (seuil de fraîcheur actions/ETF 1500s), marquée delayed=true
2026-08-04 20:16:59,648 INFO bot.feeds.equities: quote différée pour C (1080s, seuil temps réel 300s, source=yfinance_synthetic_spread) — utilisée quand même (seuil de fraîcheur actions/ETF 1500s), marquée delayed=true
2026-08-04 20:16:59,648 INFO bot.feeds.equities: quote différée pour CAT (1080s, seuil temps réel 300s, source=yfinance_synthetic_spread) — utilisée quand même (seuil de fraîcheur actions/ETF 1500s), marquée delayed=true
2026-08-04 20:16:59,648 INFO bot.feeds.equities: quote différée pour CHTR (1080s, seuil temps réel 300s, source=yfinance_synthetic_spread) — utilisée quand même (seuil de fraîcheur actions/ETF 1500s), marquée delayed=true
2026-08-04 20:16:59,648 INFO bot.feeds.equities: quote différée pour CL (1080s, seuil temps réel 300s, source=yfinance_synthetic_spread) — utilisée quand même (seuil de fraîcheur actions/ETF 1500s), marquée delayed=true
2026-08-04 20:16:59,648 INFO bot.feeds.equities: quote différée pour CMCSA (1080s, seuil temps réel 300s, source=yfinance_synthetic_spread) — utilisée quand même (seuil de fraîcheur actions/ETF 1500s), marquée delayed=true
2026-08-04 20:16:59,649 INFO bot.feeds.equities: quote différée pour COF (1080s, seuil temps réel 300s, source=yfinance_synthetic_spread) — utilisée quand même (seuil de fraîcheur actions/ETF 1500s), marquée delayed=true
2026-08-04 20:16:59,649 INFO bot.feeds.equities: quote différée pour COP (1080s, seuil temps réel 300s, source=yfinance_synthetic_spread) — utilisée quand même (seuil de fraîcheur actions/ETF 1500s), marquée delayed=true
2026-08-04 20:16:59,649 INFO bot.feeds.equities: quote différée pour COST (1080s, seuil temps réel 300s, source=yfinance_synthetic_spread) — utilisée quand même (seuil de fraîcheur actions/ETF 1500s), marquée delayed=true
2026-08-04 20:16:59,649 INFO bot.feeds.equities: quote différée pour CRM (1080s, seuil temps réel 300s, source=yfinance_synthetic_spread) — utilisée quand même (seuil de fraîcheur actions/ETF 1500s), marquée delayed=true
2026-08-04 20:16:59,649 INFO bot.feeds.equities: quote différée pour CSCO (1080s, seuil temps réel 300s, source=yfinance_synthetic_spread) — utilisée quand même (seuil de fraîcheur actions/ETF 1500s), marquée delayed=true
2026-08-04 20:16:59,649 INFO bot.feeds.equities: quote différée pour CVS (1080s, seuil temps réel 300s, source=yfinance_synthetic_spread) — utilisée quand même (seuil de fraîcheur actions/ETF 1500s), marquée delayed=true
2026-08-04 20:16:59,649 INFO bot.feeds.equities: quote différée pour CVX (1080s, seuil temps réel 300s, source=yfinance_synthetic_spread) — utilisée quand même (seuil de fraîcheur actions/ETF 1500s), marquée delayed=true
2026-08-04 20:16:59,649 INFO bot.feeds.equities: quote différée pour DBC (1080s, seuil temps réel 300s, source=yfinance_synthetic_spread) — utilisée quand même (seuil de fraîcheur actions/ETF 1500s), marquée delayed=true
2026-08-04 20:16:59,649 INFO bot.feeds.equities: quote différée pour DE (1080s, seuil temps réel 300s, source=yfinance_synthetic_spread) — utilisée quand même (seuil de fraîcheur actions/ETF 1500s), marquée delayed=true
2026-08-04 20:16:59,649 INFO bot.feeds.equities: quote différée pour DHR (1080s, seuil temps réel 300s, source=yfinance_synthetic_spread) — utilisée quand même (seuil de fraîcheur actions/ETF 1500s), marquée delayed=true
2026-08-04 20:16:59,649 INFO bot.feeds.equities: quote différée pour DIS (1080s, seuil temps réel 300s, source=yfinance_synthetic_spread) — utilisée quand même (seuil de fraîcheur actions/ETF 1500s), marquée delayed=true
2026-08-04 20:16:59,649 INFO bot.feeds.equities: quote différée pour DOW (1080s, seuil temps réel 300s, source=yfinance_synthetic_spread) — utilisée quand même (seuil de fraîcheur actions/ETF 1500s), marquée delayed=true
2026-08-04 20:16:59,649 INFO bot.feeds.equities: quote différée pour DUK (1080s, seuil temps réel 300s, source=yfinance_synthetic_spread) — utilisée quand même (seuil de fraîcheur actions/ETF 1500s), marquée delayed=true
2026-08-04 20:16:59,650 INFO bot.feeds.equities: quote différée pour EEM (1080s, seuil temps réel 300s, source=yfinance_synthetic_spread) — utilisée quand même (seuil de fraîcheur actions/ETF 1500s), marquée delayed=true
2026-08-04 20:16:59,650 INFO bot.feeds.equities: quote différée pour EFA (1080s, seuil temps réel 300s, source=yfinance_synthetic_spread) — utilisée quand même (seuil de fraîcheur actions/ETF 1500s), marquée delayed=true
2026-08-04 20:16:59,650 INFO bot.feeds.equities: quote différée pour EMR (1080s, seuil temps réel 300s, source=yfinance_synthetic_spread) — utilisée quand même (seuil de fraîcheur actions/ETF 1500s), marquée delayed=true
2026-08-04 20:16:59,650 INFO bot.feeds.equities: quote différée pour F (1080s, seuil temps réel 300s, source=yfinance_synthetic_spread) — utilisée quand même (seuil de fraîcheur actions/ETF 1500s), marquée delayed=true
2026-08-04 20:16:59,650 INFO bot.feeds.equities: quote différée pour FDX (1080s, seuil temps réel 300s, source=yfinance_synthetic_spread) — utilisée quand même (seuil de fraîcheur actions/ETF 1500s), marquée delayed=true
2026-08-04 20:16:59,650 INFO bot.feeds.equities: quote différée pour GD (1080s, seuil temps réel 300s, source=yfinance_synthetic_spread) — utilisée quand même (seuil de fraîcheur actions/ETF 1500s), marquée delayed=true
2026-08-04 20:16:59,650 INFO bot.feeds.equities: quote différée pour GE (1080s, seuil temps réel 300s, source=yfinance_synthetic_spread) — utilisée quand même (seuil de fraîcheur actions/ETF 1500s), marquée delayed=true
2026-08-04 20:16:59,650 INFO bot.feeds.equities: quote différée pour GILD (1080s, seuil temps réel 300s, source=yfinance_synthetic_spread) — utilisée quand même (seuil de fraîcheur actions/ETF 1500s), marquée delayed=true
2026-08-04 20:16:59,650 INFO bot.feeds.equities: quote différée pour GLD (1080s, seuil temps réel 300s, source=yfinance_synthetic_spread) — utilisée quand même (seuil de fraîcheur actions/ETF 1500s), marquée delayed=true
2026-08-04 20:16:59,650 INFO bot.feeds.equities: quote différée pour GM (1080s, seuil temps réel 300s, source=yfinance_synthetic_spread) — utilisée quand même (seuil de fraîcheur actions/ETF 1500s), marquée delayed=true
2026-08-04 20:16:59,650 INFO bot.feeds.equities: quote différée pour GOOG (1080s, seuil temps réel 300s, source=yfinance_synthetic_spread) — utilisée quand même (seuil de fraîcheur actions/ETF 1500s), marquée delayed=true
2026-08-04 20:16:59,650 INFO bot.feeds.equities: quote différée pour GOOGL (1080s, seuil temps réel 300s, source=yfinance_synthetic_spread) — utilisée quand même (seuil de fraîcheur actions/ETF 1500s), marquée delayed=true
2026-08-04 20:16:59,650 INFO bot.feeds.equities: quote différée pour GS (1080s, seuil temps réel 300s, source=yfinance_synthetic_spread) — utilisée quand même (seuil de fraîcheur actions/ETF 1500s), marquée delayed=true
2026-08-04 20:16:59,651 INFO bot.feeds.equities: quote différée pour HD (1080s, seuil temps réel 300s, source=yfinance_synthetic_spread) — utilisée quand même (seuil de fraîcheur actions/ETF 1500s), marquée delayed=true
2026-08-04 20:16:59,651 INFO bot.feeds.equities: quote différée pour HON (1080s, seuil temps réel 300s, source=yfinance_synthetic_spread) — utilisée quand même (seuil de fraîcheur actions/ETF 1500s), marquée delayed=true
2026-08-04 20:16:59,651 INFO bot.feeds.equities: quote différée pour IBM (1080s, seuil temps réel 300s, source=yfinance_synthetic_spread) — utilisée quand même (seuil de fraîcheur actions/ETF 1500s), marquée delayed=true
2026-08-04 20:16:59,651 INFO bot.feeds.equities: quote différée pour IEF (1080s, seuil temps réel 300s, source=yfinance_synthetic_spread) — utilisée quand même (seuil de fraîcheur actions/ETF 1500s), marquée delayed=true
2026-08-04 20:16:59,651 INFO bot.feeds.equities: quote différée pour INTC (1080s, seuil temps réel 300s, source=yfinance_synthetic_spread) — utilisée quand même (seuil de fraîcheur actions/ETF 1500s), marquée delayed=true
2026-08-04 20:16:59,651 INFO bot.feeds.equities: quote différée pour INTU (1080s, seuil temps réel 300s, source=yfinance_synthetic_spread) — utilisée quand même (seuil de fraîcheur actions/ETF 1500s), marquée delayed=true
2026-08-04 20:16:59,651 INFO bot.feeds.equities: quote différée pour ISRG (1080s, seuil temps réel 300s, source=yfinance_synthetic_spread) — utilisée quand même (seuil de fraîcheur actions/ETF 1500s), marquée delayed=true
2026-08-04 20:16:59,651 INFO bot.feeds.equities: quote différée pour IWM (1080s, seuil temps réel 300s, source=yfinance_synthetic_spread) — utilisée quand même (seuil de fraîcheur actions/ETF 1500s), marquée delayed=true
2026-08-04 20:16:59,651 INFO bot.feeds.equities: quote différée pour JNJ (1080s, seuil temps réel 300s, source=yfinance_synthetic_spread) — utilisée quand même (seuil de fraîcheur actions/ETF 1500s), marquée delayed=true
2026-08-04 20:16:59,651 INFO bot.feeds.equities: quote différée pour JPM (1080s, seuil temps réel 300s, source=yfinance_synthetic_spread) — utilisée quand même (seuil de fraîcheur actions/ETF 1500s), marquée delayed=true
2026-08-04 20:16:59,651 INFO bot.feeds.equities: quote différée pour KHC (1080s, seuil temps réel 300s, source=yfinance_synthetic_spread) — utilisée quand même (seuil de fraîcheur actions/ETF 1500s), marquée delayed=true
2026-08-04 20:16:59,651 INFO bot.feeds.equities: quote différée pour KMI (1080s, seuil temps réel 300s, source=yfinance_synthetic_spread) — utilisée quand même (seuil de fraîcheur actions/ETF 1500s), marquée delayed=true
2026-08-04 20:16:59,651 INFO bot.feeds.equities: quote différée pour KO (1080s, seuil temps réel 300s, source=yfinance_synthetic_spread) — utilisée quand même (seuil de fraîcheur actions/ETF 1500s), marquée delayed=true
2026-08-04 20:16:59,652 INFO bot.feeds.equities: quote différée pour LIN (1080s, seuil temps réel 300s, source=yfinance_synthetic_spread) — utilisée quand même (seuil de fraîcheur actions/ETF 1500s), marquée delayed=true
2026-08-04 20:16:59,652 INFO bot.feeds.equities: quote différée pour LLY (1080s, seuil temps réel 300s, source=yfinance_synthetic_spread) — utilisée quand même (seuil de fraîcheur actions/ETF 1500s), marquée delayed=true
2026-08-04 20:16:59,652 INFO bot.feeds.equities: quote différée pour LMT (1080s, seuil temps réel 300s, source=yfinance_synthetic_spread) — utilisée quand même (seuil de fraîcheur actions/ETF 1500s), marquée delayed=true
2026-08-04 20:16:59,652 INFO bot.feeds.equities: quote différée pour LOW (1080s, seuil temps réel 300s, source=yfinance_synthetic_spread) — utilisée quand même (seuil de fraîcheur actions/ETF 1500s), marquée delayed=true
2026-08-04 20:16:59,652 INFO bot.feeds.equities: quote différée pour MA (1080s, seuil temps réel 300s, source=yfinance_synthetic_spread) — utilisée quand même (seuil de fraîcheur actions/ETF 1500s), marquée delayed=true
2026-08-04 20:16:59,652 INFO bot.feeds.equities: quote différée pour MCD (1080s, seuil temps réel 300s, source=yfinance_synthetic_spread) — utilisée quand même (seuil de fraîcheur actions/ETF 1500s), marquée delayed=true
2026-08-04 20:16:59,652 INFO bot.feeds.equities: quote différée pour MDLZ (1080s, seuil temps réel 300s, source=yfinance_synthetic_spread) — utilisée quand même (seuil de fraîcheur actions/ETF 1500s), marquée delayed=true
2026-08-04 20:16:59,652 INFO bot.feeds.equities: quote différée pour MDT (1080s, seuil temps réel 300s, source=yfinance_synthetic_spread) — utilisée quand même (seuil de fraîcheur actions/ETF 1500s), marquée delayed=true
2026-08-04 20:16:59,652 INFO bot.feeds.equities: quote différée pour MET (1080s, seuil temps réel 300s, source=yfinance_synthetic_spread) — utilisée quand même (seuil de fraîcheur actions/ETF 1500s), marquée delayed=true
2026-08-04 20:16:59,652 INFO bot.feeds.equities: quote différée pour META (1080s, seuil temps réel 300s, source=yfinance_synthetic_spread) — utilisée quand même (seuil de fraîcheur actions/ETF 1500s), marquée delayed=true
2026-08-04 20:16:59,652 INFO bot.feeds.equities: quote différée pour MMM (1080s, seuil temps réel 300s, source=yfinance_synthetic_spread) — utilisée quand même (seuil de fraîcheur actions/ETF 1500s), marquée delayed=true
2026-08-04 20:16:59,652 INFO bot.feeds.equities: quote différée pour MO (1080s, seuil temps réel 300s, source=yfinance_synthetic_spread) — utilisée quand même (seuil de fraîcheur actions/ETF 1500s), marquée delayed=true
2026-08-04 20:16:59,652 INFO bot.feeds.equities: quote différée pour MRK (1080s, seuil temps réel 300s, source=yfinance_synthetic_spread) — utilisée quand même (seuil de fraîcheur actions/ETF 1500s), marquée delayed=true
2026-08-04 20:16:59,653 INFO bot.feeds.equities: quote différée pour MS (1080s, seuil temps réel 300s, source=yfinance_synthetic_spread) — utilisée quand même (seuil de fraîcheur actions/ETF 1500s), marquée delayed=true
2026-08-04 20:16:59,653 INFO bot.feeds.equities: quote différée pour MSFT (1080s, seuil temps réel 300s, source=yfinance_synthetic_spread) — utilisée quand même (seuil de fraîcheur actions/ETF 1500s), marquée delayed=true
2026-08-04 20:16:59,653 INFO bot.feeds.equities: quote différée pour NEE (1080s, seuil temps réel 300s, source=yfinance_synthetic_spread) — utilisée quand même (seuil de fraîcheur actions/ETF 1500s), marquée delayed=true
2026-08-04 20:16:59,653 INFO bot.feeds.equities: quote différée pour NFLX (1080s, seuil temps réel 300s, source=yfinance_synthetic_spread) — utilisée quand même (seuil de fraîcheur actions/ETF 1500s), marquée delayed=true
2026-08-04 20:16:59,653 INFO bot.feeds.equities: quote différée pour NKE (1080s, seuil temps réel 300s, source=yfinance_synthetic_spread) — utilisée quand même (seuil de fraîcheur actions/ETF 1500s), marquée delayed=true
2026-08-04 20:16:59,653 INFO bot.feeds.equities: quote différée pour NVDA (1080s, seuil temps réel 300s, source=yfinance_synthetic_spread) — utilisée quand même (seuil de fraîcheur actions/ETF 1500s), marquée delayed=true
2026-08-04 20:16:59,653 INFO bot.feeds.equities: quote différée pour ORCL (1080s, seuil temps réel 300s, source=yfinance_synthetic_spread) — utilisée quand même (seuil de fraîcheur actions/ETF 1500s), marquée delayed=true
2026-08-04 20:16:59,653 INFO bot.feeds.equities: quote différée pour PEP (1080s, seuil temps réel 300s, source=yfinance_synthetic_spread) — utilisée quand même (seuil de fraîcheur actions/ETF 1500s), marquée delayed=true
2026-08-04 20:16:59,653 INFO bot.feeds.equities: quote différée pour PFE (1080s, seuil temps réel 300s, source=yfinance_synthetic_spread) — utilisée quand même (seuil de fraîcheur actions/ETF 1500s), marquée delayed=true
2026-08-04 20:16:59,653 INFO bot.feeds.equities: quote différée pour PG (1080s, seuil temps réel 300s, source=yfinance_synthetic_spread) — utilisée quand même (seuil de fraîcheur actions/ETF 1500s), marquée delayed=true
2026-08-04 20:16:59,653 INFO bot.feeds.equities: quote différée pour PM (1080s, seuil temps réel 300s, source=yfinance_synthetic_spread) — utilisée quand même (seuil de fraîcheur actions/ETF 1500s), marquée delayed=true
2026-08-04 20:16:59,653 INFO bot.feeds.equities: quote différée pour PYPL (1080s, seuil temps réel 300s, source=yfinance_synthetic_spread) — utilisée quand même (seuil de fraîcheur actions/ETF 1500s), marquée delayed=true
2026-08-04 20:16:59,653 INFO bot.feeds.equities: quote différée pour QCOM (1080s, seuil temps réel 300s, source=yfinance_synthetic_spread) — utilisée quand même (seuil de fraîcheur actions/ETF 1500s), marquée delayed=true
2026-08-04 20:16:59,653 INFO bot.feeds.equities: quote différée pour QQQ (1080s, seuil temps réel 300s, source=yfinance_synthetic_spread) — utilisée quand même (seuil de fraîcheur actions/ETF 1500s), marquée delayed=true
2026-08-04 20:16:59,654 INFO bot.feeds.equities: quote différée pour RTX (1080s, seuil temps réel 300s, source=yfinance_synthetic_spread) — utilisée quand même (seuil de fraîcheur actions/ETF 1500s), marquée delayed=true
2026-08-04 20:16:59,654 INFO bot.feeds.equities: quote différée pour SBUX (1080s, seuil temps réel 300s, source=yfinance_synthetic_spread) — utilisée quand même (seuil de fraîcheur actions/ETF 1500s), marquée delayed=true
2026-08-04 20:16:59,654 INFO bot.feeds.equities: quote différée pour SCHW (1080s, seuil temps réel 300s, source=yfinance_synthetic_spread) — utilisée quand même (seuil de fraîcheur actions/ETF 1500s), marquée delayed=true
2026-08-04 20:16:59,654 INFO bot.feeds.equities: quote différée pour SO (1080s, seuil temps réel 300s, source=yfinance_synthetic_spread) — utilisée quand même (seuil de fraîcheur actions/ETF 1500s), marquée delayed=true
2026-08-04 20:16:59,654 INFO bot.feeds.equities: quote différée pour SPG (1080s, seuil temps réel 300s, source=yfinance_synthetic_spread) — utilisée quand même (seuil de fraîcheur actions/ETF 1500s), marquée delayed=true
2026-08-04 20:16:59,654 INFO bot.feeds.equities: quote différée pour SPY (1080s, seuil temps réel 300s, source=yfinance_synthetic_spread) — utilisée quand même (seuil de fraîcheur actions/ETF 1500s), marquée delayed=true
2026-08-04 20:16:59,654 INFO bot.feeds.equities: quote différée pour T (1080s, seuil temps réel 300s, source=yfinance_synthetic_spread) — utilisée quand même (seuil de fraîcheur actions/ETF 1500s), marquée delayed=true
2026-08-04 20:16:59,654 INFO bot.feeds.equities: quote différée pour TGT (1080s, seuil temps réel 300s, source=yfinance_synthetic_spread) — utilisée quand même (seuil de fraîcheur actions/ETF 1500s), marquée delayed=true
2026-08-04 20:16:59,654 INFO bot.feeds.equities: quote différée pour TJX (1080s, seuil temps réel 300s, source=yfinance_synthetic_spread) — utilisée quand même (seuil de fraîcheur actions/ETF 1500s), marquée delayed=true
2026-08-04 20:16:59,654 INFO bot.feeds.equities: quote différée pour TMO (1080s, seuil temps réel 300s, source=yfinance_synthetic_spread) — utilisée quand même (seuil de fraîcheur actions/ETF 1500s), marquée delayed=true
2026-08-04 20:16:59,654 INFO bot.feeds.equities: quote différée pour TMUS (1080s, seuil temps réel 300s, source=yfinance_synthetic_spread) — utilisée quand même (seuil de fraîcheur actions/ETF 1500s), marquée delayed=true
2026-08-04 20:16:59,654 INFO bot.feeds.equities: quote différée pour TSLA (1080s, seuil temps réel 300s, source=yfinance_synthetic_spread) — utilisée quand même (seuil de fraîcheur actions/ETF 1500s), marquée delayed=true
2026-08-04 20:16:59,654 INFO bot.feeds.equities: quote différée pour TXN (1080s, seuil temps réel 300s, source=yfinance_synthetic_spread) — utilisée quand même (seuil de fraîcheur actions/ETF 1500s), marquée delayed=true
2026-08-04 20:16:59,655 INFO bot.feeds.equities: quote différée pour UNH (1080s, seuil temps réel 300s, source=yfinance_synthetic_spread) — utilisée quand même (seuil de fraîcheur actions/ETF 1500s), marquée delayed=true
2026-08-04 20:16:59,655 INFO bot.feeds.equities: quote différée pour UNP (1080s, seuil temps réel 300s, source=yfinance_synthetic_spread) — utilisée quand même (seuil de fraîcheur actions/ETF 1500s), marquée delayed=true
2026-08-04 20:16:59,655 INFO bot.feeds.equities: quote différée pour UPS (1080s, seuil temps réel 300s, source=yfinance_synthetic_spread) — utilisée quand même (seuil de fraîcheur actions/ETF 1500s), marquée delayed=true
2026-08-04 20:16:59,655 INFO bot.feeds.equities: quote différée pour USB (1080s, seuil temps réel 300s, source=yfinance_synthetic_spread) — utilisée quand même (seuil de fraîcheur actions/ETF 1500s), marquée delayed=true
2026-08-04 20:16:59,655 INFO bot.feeds.equities: quote différée pour V (1080s, seuil temps réel 300s, source=yfinance_synthetic_spread) — utilisée quand même (seuil de fraîcheur actions/ETF 1500s), marquée delayed=true
2026-08-04 20:16:59,655 INFO bot.feeds.equities: quote différée pour VNQ (1080s, seuil temps réel 300s, source=yfinance_synthetic_spread) — utilisée quand même (seuil de fraîcheur actions/ETF 1500s), marquée delayed=true
2026-08-04 20:16:59,655 INFO bot.feeds.equities: quote différée pour VZ (1080s, seuil temps réel 300s, source=yfinance_synthetic_spread) — utilisée quand même (seuil de fraîcheur actions/ETF 1500s), marquée delayed=true
2026-08-04 20:16:59,655 INFO bot.feeds.equities: quote différée pour WFC (1080s, seuil temps réel 300s, source=yfinance_synthetic_spread) — utilisée quand même (seuil de fraîcheur actions/ETF 1500s), marquée delayed=true
2026-08-04 20:16:59,655 INFO bot.feeds.equities: quote différée pour WMT (1080s, seuil temps réel 300s, source=yfinance_synthetic_spread) — utilisée quand même (seuil de fraîcheur actions/ETF 1500s), marquée delayed=true
2026-08-04 20:16:59,655 INFO bot.feeds.equities: quote différée pour XOM (1080s, seuil temps réel 300s, source=yfinance_synthetic_spread) — utilisée quand même (seuil de fraîcheur actions/ETF 1500s), marquée delayed=true
2026-08-04 20:16:59,728 WARNING bot.feeds.crypto: binance klines échec pour AVAXUSDT: 451 Client Error:  for url: https://api.binance.com/api/v3/klines?symbol=AVAXUSDT&interval=1h&limit=305
2026-08-04 20:16:59,824 WARNING bot.feeds.crypto: binance klines échec pour BNBUSDT: 451 Client Error:  for url: https://api.binance.com/api/v3/klines?symbol=BNBUSDT&interval=1h&limit=305
2026-08-04 20:16:59,893 WARNING bot.runner: historique indisponible pour BNB: crypto BNB: seulement 300/4848 bougies obtenues (réseau plafonné à 300h + repli cache disque journalier épuisés)
2026-08-04 20:16:59,899 WARNING bot.feeds.crypto: binance klines échec pour BTCUSDT: 451 Client Error:  for url: https://api.binance.com/api/v3/klines?symbol=BTCUSDT&interval=1h&limit=305
2026-08-04 20:16:59,952 WARNING bot.feeds.crypto: binance klines échec pour DOGEUSDT: 451 Client Error:  for url: https://api.binance.com/api/v3/klines?symbol=DOGEUSDT&interval=1h&limit=305
2026-08-04 20:17:00,060 WARNING bot.feeds.crypto: binance klines échec pour ETHUSDT: 451 Client Error:  for url: https://api.binance.com/api/v3/klines?symbol=ETHUSDT&interval=1h&limit=305
2026-08-04 20:17:00,156 WARNING bot.feeds.crypto: binance klines échec pour FILUSDT: 451 Client Error:  for url: https://api.binance.com/api/v3/klines?symbol=FILUSDT&interval=1h&limit=305
2026-08-04 20:17:00,285 WARNING bot.feeds.crypto: binance klines échec pour HBARUSDT: 451 Client Error:  for url: https://api.binance.com/api/v3/klines?symbol=HBARUSDT&interval=1h&limit=305
2026-08-04 20:17:00,431 WARNING bot.feeds.crypto: binance klines échec pour ICPUSDT: 451 Client Error:  for url: https://api.binance.com/api/v3/klines?symbol=ICPUSDT&interval=1h&limit=305
2026-08-04 20:17:00,594 WARNING bot.feeds.crypto: binance klines échec pour LINKUSDT: 451 Client Error:  for url: https://api.binance.com/api/v3/klines?symbol=LINKUSDT&interval=1h&limit=305
2026-08-04 20:17:00,757 WARNING bot.feeds.crypto: binance klines échec pour OPUSDT: 451 Client Error:  for url: https://api.binance.com/api/v3/klines?symbol=OPUSDT&interval=1h&limit=305
2026-08-04 20:17:00,979 WARNING bot.feeds.crypto: binance klines échec pour SOLUSDT: 451 Client Error:  for url: https://api.binance.com/api/v3/klines?symbol=SOLUSDT&interval=1h&limit=305
2026-08-04 20:17:01,057 WARNING bot.feeds.crypto: binance klines échec pour UNIUSDT: 451 Client Error:  for url: https://api.binance.com/api/v3/klines?symbol=UNIUSDT&interval=1h&limit=305
2026-08-04 20:17:01,211 WARNING bot.feeds.crypto: binance klines échec pour XLMUSDT: 451 Client Error:  for url: https://api.binance.com/api/v3/klines?symbol=XLMUSDT&interval=1h&limit=305
2026-08-04 20:17:01,452 WARNING bot.feeds.crypto: binance klines échec pour XRPUSDT: 451 Client Error:  for url: https://api.binance.com/api/v3/klines?symbol=XRPUSDT&interval=1h&limit=305
2026-08-04 20:17:01,558 INFO bot.runner: TIMING phase=feeds_crypto durée=16.3s
2026-08-04 20:17:02,234 INFO bot.feeds.daily: cache disque data-cache (généré=2026-08-03T22:34:11.062631+00:00) : 112/112 symbole(s) servis sans appel réseau
2026-08-04 20:17:02,247 INFO bot.runner: TIMING phase=feeds_equities durée=0.7s
2026-08-04 20:17:02,683 INFO bot.runner: TIMING phase=strategies_execution durée=0.2s
2026-08-04 20:17:08,887 INFO bot.runner: TIMING phase=git_sync durée=6.2s
2026-08-04 20:17:08,887 INFO bot.runner: TIMING résumé cycle : feeds_crypto=16.3s feeds_equities=0.7s strategies_execution=0.2s git_sync=6.2s total=24.4s
2026-08-04 20:17:08,887 INFO bot.runner: git_sync SUCCESS — cycle 2026-08-04T20 terminé (🛡️ 1010€ | ⚖️ 1004€ | 🔥 986€ | 🧪 989€).
