== Cycle bot (job.status=success) ==
date_utc: 2026-09-24T06:20:26+00:00
run_id_attendu: 2026-09-24T06
sha_main: 4319ff7dc57b5b6f616863637198b1d35b1634b0
github_run_id: 35963760773
github_run_attempt: 1
github_run_number: 1022
workflow: Bot cycle
event: schedule
==========================
2026-09-24 06:19:20,375 INFO bot.runner: Démarrage du cycle multi-wallets run_id=2026-09-24T06 (['prudent', 'equilibre', 'agressif', 'labo'])
2026-09-24 06:19:20,408 WARNING bot.runner: trou(s) détecté(s) dans equity.jsonl (tous wallets) sur les dernières 24h : ['2026-09-23T07', '2026-09-23T08', '2026-09-23T09', '2026-09-23T10', '2026-09-23T11', '2026-09-23T13', '2026-09-23T14', '2026-09-23T15', '2026-09-23T16', '2026-09-23T18', '2026-09-23T19', '2026-09-23T21', '2026-09-23T22', '2026-09-24T00', '2026-09-24T02', '2026-09-24T03', '2026-09-24T04', '2026-09-24T05']
2026-09-24 06:19:20,906 WARNING bot.feeds.equities: yahoo v7 quote échec pour ['AAPL', 'ABBV', 'ABT', 'ACN', 'ADBE', 'AIG', 'AMD', 'AMGN', 'AMT', 'AMZN', 'AVGO', 'AXP', 'BA', 'BAC', 'BKNG', 'BLK', 'BMY', 'BRK.B', 'C', 'CAT', 'CHTR', 'CL', 'CMCSA', 'COF', 'COP', 'COST', 'CRM', 'CSCO', 'CVS', 'CVX', 'DBC', 'DE', 'DHR', 'DIS', 'DOW', 'DUK', 'EEM', 'EFA', 'EMR', 'F', 'FDX', 'GD', 'GE', 'GILD', 'GLD', 'GM', 'GOOG', 'GOOGL', 'GS', 'HD', 'HON', 'IBM', 'IEF', 'INTC', 'INTU', 'ISRG', 'IWM', 'JNJ', 'JPM', 'KHC', 'KMI', 'KO', 'LIN', 'LLY', 'LMT', 'LOW', 'MA', 'MCD', 'MDLZ', 'MDT', 'MET', 'META', 'MMM', 'MO', 'MRK', 'MS', 'MSFT', 'NEE', 'NFLX', 'NKE', 'NVDA', 'ORCL', 'PEP', 'PFE', 'PG', 'PM', 'PYPL', 'QCOM', 'QQQ', 'RTX', 'SBUX', 'SCHW', 'SO', 'SPG', 'SPY', 'T', 'TGT', 'TJX', 'TMO', 'TMUS', 'TSLA', 'TXN', 'UNH', 'UNP', 'UPS', 'USB', 'V', 'VNQ', 'VZ', 'WFC', 'WMT', 'XOM']: 429 Client Error: Too Many Requests for url: https://query1.finance.yahoo.com/v7/finance/quote?symbols=AAPL%2CABBV%2CABT%2CACN%2CADBE%2CAIG%2CAMD%2CAMGN%2CAMT%2CAMZN%2CAVGO%2CAXP%2CBA%2CBAC%2CBKNG%2CBLK%2CBMY%2CBRK-B%2CC%2CCAT%2CCHTR%2CCL%2CCMCSA%2CCOF%2CCOP%2CCOST%2CCRM%2CCSCO%2CCVS%2CCVX%2CDBC%2CDE%2CDHR%2CDIS%2CDOW%2CDUK%2CEEM%2CEFA%2CEMR%2CF%2CFDX%2CGD%2CGE%2CGILD%2CGLD%2CGM%2CGOOG%2CGOOGL%2CGS%2CHD%2CHON%2CIBM%2CIEF%2CINTC%2CINTU%2CISRG%2CIWM%2CJNJ%2CJPM%2CKHC%2CKMI%2CKO%2CLIN%2CLLY%2CLMT%2CLOW%2CMA%2CMCD%2CMDLZ%2CMDT%2CMET%2CMETA%2CMMM%2CMO%2CMRK%2CMS%2CMSFT%2CNEE%2CNFLX%2CNKE%2CNVDA%2CORCL%2CPEP%2CPFE%2CPG%2CPM%2CPYPL%2CQCOM%2CQQQ%2CRTX%2CSBUX%2CSCHW%2CSO%2CSPG%2CSPY%2CT%2CTGT%2CTJX%2CTMO%2CTMUS%2CTSLA%2CTXN%2CUNH%2CUNP%2CUPS%2CUSB%2CV%2CVNQ%2CVZ%2CWFC%2CWMT%2CXOM (http_status=429, extrait_reponse='Too Many Requests\r\n')
2026-09-24 06:19:20,906 INFO bot.feeds.equities: repli yfinance pour 112/112 symbole(s) sans quote v7 (['AAPL', 'ABBV', 'ABT', 'ACN', 'ADBE', 'AIG', 'AMD', 'AMGN', 'AMT', 'AMZN', 'AVGO', 'AXP', 'BA', 'BAC', 'BKNG', 'BLK', 'BMY', 'BRK.B', 'C', 'CAT', 'CHTR', 'CL', 'CMCSA', 'COF', 'COP', 'COST', 'CRM', 'CSCO', 'CVS', 'CVX', 'DBC', 'DE', 'DHR', 'DIS', 'DOW', 'DUK', 'EEM', 'EFA', 'EMR', 'F', 'FDX', 'GD', 'GE', 'GILD', 'GLD', 'GM', 'GOOG', 'GOOGL', 'GS', 'HD', 'HON', 'IBM', 'IEF', 'INTC', 'INTU', 'ISRG', 'IWM', 'JNJ', 'JPM', 'KHC', 'KMI', 'KO', 'LIN', 'LLY', 'LMT', 'LOW', 'MA', 'MCD', 'MDLZ', 'MDT', 'MET', 'META', 'MMM', 'MO', 'MRK', 'MS', 'MSFT', 'NEE', 'NFLX', 'NKE', 'NVDA', 'ORCL', 'PEP', 'PFE', 'PG', 'PM', 'PYPL', 'QCOM', 'QQQ', 'RTX', 'SBUX', 'SCHW', 'SO', 'SPG', 'SPY', 'T', 'TGT', 'TJX', 'TMO', 'TMUS', 'TSLA', 'TXN', 'UNH', 'UNP', 'UPS', 'USB', 'V', 'VNQ', 'VZ', 'WFC', 'WMT', 'XOM'])
2026-09-24 06:19:31,021 ERROR yfinance: Failed to get ticker 'ABT' reason: Failed to perform, curl: (28) Connection timed out after 10001 milliseconds. See https://curl.se/libcurl/c/libcurl-errors.html first for more details.
2026-09-24 06:19:31,022 ERROR yfinance: Failed to get ticker 'AMGN' reason: Failed to perform, curl: (28) Connection timed out after 10000 milliseconds. See https://curl.se/libcurl/c/libcurl-errors.html first for more details.
2026-09-24 06:19:31,700 ERROR yfinance: Failed to get ticker 'AMD' reason: Failed to perform, curl: (28) Connection timed out after 10002 milliseconds. See https://curl.se/libcurl/c/libcurl-errors.html first for more details.
2026-09-24 06:19:42,784 ERROR yfinance: Failed to get ticker 'CVS' reason: Failed to perform, curl: (28) Connection timed out after 10002 milliseconds. See https://curl.se/libcurl/c/libcurl-errors.html first for more details.
2026-09-24 06:19:43,164 ERROR yfinance: Failed to get ticker 'CAT' reason: Failed to perform, curl: (28) Connection timed out after 10002 milliseconds. See https://curl.se/libcurl/c/libcurl-errors.html first for more details.
2026-09-24 06:19:43,271 ERROR yfinance: Failed to get ticker 'BLK' reason: Failed to perform, curl: (28) Connection timed out after 10002 milliseconds. See https://curl.se/libcurl/c/libcurl-errors.html first for more details.
2026-09-24 06:19:53,471 ERROR yfinance: $BLK: possibly delisted; no price data found  (period=1d)
2026-09-24 06:20:02,737 ERROR yfinance: 
1 Failed download:
2026-09-24 06:20:02,738 ERROR yfinance: ['BLK']: possibly delisted; no price data found  (period=1d)
2026-09-24 06:20:12,100 WARNING bot.feeds.equities: quote périmée pour AAPL (source=yfinance_synthetic_spread)
2026-09-24 06:20:12,100 WARNING bot.feeds.equities: quote périmée pour ABBV (source=yfinance_synthetic_spread)
2026-09-24 06:20:12,100 WARNING bot.feeds.equities: quote périmée pour ABT (source=yfinance_synthetic_spread)
2026-09-24 06:20:12,100 WARNING bot.feeds.equities: quote périmée pour ACN (source=yfinance_synthetic_spread)
2026-09-24 06:20:12,100 WARNING bot.feeds.equities: quote périmée pour ADBE (source=yfinance_synthetic_spread)
2026-09-24 06:20:12,100 WARNING bot.feeds.equities: quote périmée pour AIG (source=yfinance_synthetic_spread)
2026-09-24 06:20:12,100 WARNING bot.feeds.equities: quote périmée pour AMD (source=yfinance_synthetic_spread)
2026-09-24 06:20:12,100 WARNING bot.feeds.equities: quote périmée pour AMGN (source=yfinance_synthetic_spread)
2026-09-24 06:20:12,100 WARNING bot.feeds.equities: quote périmée pour AMT (source=yfinance_synthetic_spread)
2026-09-24 06:20:12,100 WARNING bot.feeds.equities: quote périmée pour AMZN (source=yfinance_synthetic_spread)
2026-09-24 06:20:12,100 WARNING bot.feeds.equities: quote périmée pour AVGO (source=yfinance_synthetic_spread)
2026-09-24 06:20:12,100 WARNING bot.feeds.equities: quote périmée pour AXP (source=yfinance_synthetic_spread)
2026-09-24 06:20:12,100 WARNING bot.feeds.equities: quote périmée pour BA (source=yfinance_synthetic_spread)
2026-09-24 06:20:12,100 WARNING bot.feeds.equities: quote périmée pour BAC (source=yfinance_synthetic_spread)
2026-09-24 06:20:12,101 WARNING bot.feeds.equities: quote périmée pour BKNG (source=yfinance_synthetic_spread)
2026-09-24 06:20:12,101 WARNING bot.feeds.equities: quote périmée pour BMY (source=yfinance_synthetic_spread)
2026-09-24 06:20:12,101 WARNING bot.feeds.equities: quote périmée pour BRK.B (source=yfinance_synthetic_spread)
2026-09-24 06:20:12,101 WARNING bot.feeds.equities: quote périmée pour C (source=yfinance_synthetic_spread)
2026-09-24 06:20:12,101 WARNING bot.feeds.equities: quote périmée pour CAT (source=yfinance_synthetic_spread)
2026-09-24 06:20:12,101 WARNING bot.feeds.equities: quote périmée pour CHTR (source=yfinance_synthetic_spread)
2026-09-24 06:20:12,101 WARNING bot.feeds.equities: quote périmée pour CL (source=yfinance_synthetic_spread)
2026-09-24 06:20:12,101 WARNING bot.feeds.equities: quote périmée pour CMCSA (source=yfinance_synthetic_spread)
2026-09-24 06:20:12,101 WARNING bot.feeds.equities: quote périmée pour COF (source=yfinance_synthetic_spread)
2026-09-24 06:20:12,101 WARNING bot.feeds.equities: quote périmée pour COP (source=yfinance_synthetic_spread)
2026-09-24 06:20:12,101 WARNING bot.feeds.equities: quote périmée pour COST (source=yfinance_synthetic_spread)
2026-09-24 06:20:12,101 WARNING bot.feeds.equities: quote périmée pour CRM (source=yfinance_synthetic_spread)
2026-09-24 06:20:12,101 WARNING bot.feeds.equities: quote périmée pour CSCO (source=yfinance_synthetic_spread)
2026-09-24 06:20:12,101 WARNING bot.feeds.equities: quote périmée pour CVS (source=yfinance_synthetic_spread)
2026-09-24 06:20:12,101 WARNING bot.feeds.equities: quote périmée pour CVX (source=yfinance_synthetic_spread)
2026-09-24 06:20:12,101 WARNING bot.feeds.equities: quote périmée pour DBC (source=yfinance_synthetic_spread)
2026-09-24 06:20:12,101 WARNING bot.feeds.equities: quote périmée pour DE (source=yfinance_synthetic_spread)
2026-09-24 06:20:12,101 WARNING bot.feeds.equities: quote périmée pour DHR (source=yfinance_synthetic_spread)
2026-09-24 06:20:12,101 WARNING bot.feeds.equities: quote périmée pour DIS (source=yfinance_synthetic_spread)
2026-09-24 06:20:12,101 WARNING bot.feeds.equities: quote périmée pour DOW (source=yfinance_synthetic_spread)
2026-09-24 06:20:12,101 WARNING bot.feeds.equities: quote périmée pour DUK (source=yfinance_synthetic_spread)
2026-09-24 06:20:12,101 WARNING bot.feeds.equities: quote périmée pour EEM (source=yfinance_synthetic_spread)
2026-09-24 06:20:12,101 WARNING bot.feeds.equities: quote périmée pour EFA (source=yfinance_synthetic_spread)
2026-09-24 06:20:12,101 WARNING bot.feeds.equities: quote périmée pour EMR (source=yfinance_synthetic_spread)
2026-09-24 06:20:12,102 WARNING bot.feeds.equities: quote périmée pour F (source=yfinance_synthetic_spread)
2026-09-24 06:20:12,102 WARNING bot.feeds.equities: quote périmée pour FDX (source=yfinance_synthetic_spread)
2026-09-24 06:20:12,102 WARNING bot.feeds.equities: quote périmée pour GD (source=yfinance_synthetic_spread)
2026-09-24 06:20:12,102 WARNING bot.feeds.equities: quote périmée pour GE (source=yfinance_synthetic_spread)
2026-09-24 06:20:12,102 WARNING bot.feeds.equities: quote périmée pour GILD (source=yfinance_synthetic_spread)
2026-09-24 06:20:12,102 WARNING bot.feeds.equities: quote périmée pour GLD (source=yfinance_synthetic_spread)
2026-09-24 06:20:12,102 WARNING bot.feeds.equities: quote périmée pour GM (source=yfinance_synthetic_spread)
2026-09-24 06:20:12,102 WARNING bot.feeds.equities: quote périmée pour GOOG (source=yfinance_synthetic_spread)
2026-09-24 06:20:12,102 WARNING bot.feeds.equities: quote périmée pour GOOGL (source=yfinance_synthetic_spread)
2026-09-24 06:20:12,102 WARNING bot.feeds.equities: quote périmée pour GS (source=yfinance_synthetic_spread)
2026-09-24 06:20:12,102 WARNING bot.feeds.equities: quote périmée pour HD (source=yfinance_synthetic_spread)
2026-09-24 06:20:12,102 WARNING bot.feeds.equities: quote périmée pour HON (source=yfinance_synthetic_spread)
2026-09-24 06:20:12,102 WARNING bot.feeds.equities: quote périmée pour IBM (source=yfinance_synthetic_spread)
2026-09-24 06:20:12,102 WARNING bot.feeds.equities: quote périmée pour IEF (source=yfinance_synthetic_spread)
2026-09-24 06:20:12,102 WARNING bot.feeds.equities: quote périmée pour INTC (source=yfinance_synthetic_spread)
2026-09-24 06:20:12,102 WARNING bot.feeds.equities: quote périmée pour INTU (source=yfinance_synthetic_spread)
2026-09-24 06:20:12,103 WARNING bot.feeds.equities: quote périmée pour ISRG (source=yfinance_synthetic_spread)
2026-09-24 06:20:12,103 WARNING bot.feeds.equities: quote périmée pour IWM (source=yfinance_synthetic_spread)
2026-09-24 06:20:12,103 WARNING bot.feeds.equities: quote périmée pour JNJ (source=yfinance_synthetic_spread)
2026-09-24 06:20:12,103 WARNING bot.feeds.equities: quote périmée pour JPM (source=yfinance_synthetic_spread)
2026-09-24 06:20:12,103 WARNING bot.feeds.equities: quote périmée pour KHC (source=yfinance_synthetic_spread)
2026-09-24 06:20:12,103 WARNING bot.feeds.equities: quote périmée pour KMI (source=yfinance_synthetic_spread)
2026-09-24 06:20:12,103 WARNING bot.feeds.equities: quote périmée pour KO (source=yfinance_synthetic_spread)
2026-09-24 06:20:12,103 WARNING bot.feeds.equities: quote périmée pour LIN (source=yfinance_synthetic_spread)
2026-09-24 06:20:12,103 WARNING bot.feeds.equities: quote périmée pour LLY (source=yfinance_synthetic_spread)
2026-09-24 06:20:12,103 WARNING bot.feeds.equities: quote périmée pour LMT (source=yfinance_synthetic_spread)
2026-09-24 06:20:12,103 WARNING bot.feeds.equities: quote périmée pour LOW (source=yfinance_synthetic_spread)
2026-09-24 06:20:12,103 WARNING bot.feeds.equities: quote périmée pour MA (source=yfinance_synthetic_spread)
2026-09-24 06:20:12,103 WARNING bot.feeds.equities: quote périmée pour MCD (source=yfinance_synthetic_spread)
2026-09-24 06:20:12,103 WARNING bot.feeds.equities: quote périmée pour MDLZ (source=yfinance_synthetic_spread)
2026-09-24 06:20:12,103 WARNING bot.feeds.equities: quote périmée pour MDT (source=yfinance_synthetic_spread)
2026-09-24 06:20:12,103 WARNING bot.feeds.equities: quote périmée pour MET (source=yfinance_synthetic_spread)
2026-09-24 06:20:12,103 WARNING bot.feeds.equities: quote périmée pour META (source=yfinance_synthetic_spread)
2026-09-24 06:20:12,103 WARNING bot.feeds.equities: quote périmée pour MMM (source=yfinance_synthetic_spread)
2026-09-24 06:20:12,103 WARNING bot.feeds.equities: quote périmée pour MO (source=yfinance_synthetic_spread)
2026-09-24 06:20:12,103 WARNING bot.feeds.equities: quote périmée pour MRK (source=yfinance_synthetic_spread)
2026-09-24 06:20:12,103 WARNING bot.feeds.equities: quote périmée pour MS (source=yfinance_synthetic_spread)
2026-09-24 06:20:12,103 WARNING bot.feeds.equities: quote périmée pour MSFT (source=yfinance_synthetic_spread)
2026-09-24 06:20:12,103 WARNING bot.feeds.equities: quote périmée pour NEE (source=yfinance_synthetic_spread)
2026-09-24 06:20:12,103 WARNING bot.feeds.equities: quote périmée pour NFLX (source=yfinance_synthetic_spread)
2026-09-24 06:20:12,103 WARNING bot.feeds.equities: quote périmée pour NKE (source=yfinance_synthetic_spread)
2026-09-24 06:20:12,104 WARNING bot.feeds.equities: quote périmée pour NVDA (source=yfinance_synthetic_spread)
2026-09-24 06:20:12,104 WARNING bot.feeds.equities: quote périmée pour ORCL (source=yfinance_synthetic_spread)
2026-09-24 06:20:12,104 WARNING bot.feeds.equities: quote périmée pour PEP (source=yfinance_synthetic_spread)
2026-09-24 06:20:12,104 WARNING bot.feeds.equities: quote périmée pour PFE (source=yfinance_synthetic_spread)
2026-09-24 06:20:12,104 WARNING bot.feeds.equities: quote périmée pour PG (source=yfinance_synthetic_spread)
2026-09-24 06:20:12,104 WARNING bot.feeds.equities: quote périmée pour PM (source=yfinance_synthetic_spread)
2026-09-24 06:20:12,104 WARNING bot.feeds.equities: quote périmée pour PYPL (source=yfinance_synthetic_spread)
2026-09-24 06:20:12,104 WARNING bot.feeds.equities: quote périmée pour QCOM (source=yfinance_synthetic_spread)
2026-09-24 06:20:12,104 WARNING bot.feeds.equities: quote périmée pour QQQ (source=yfinance_synthetic_spread)
2026-09-24 06:20:12,104 WARNING bot.feeds.equities: quote périmée pour RTX (source=yfinance_synthetic_spread)
2026-09-24 06:20:12,104 WARNING bot.feeds.equities: quote périmée pour SBUX (source=yfinance_synthetic_spread)
2026-09-24 06:20:12,104 WARNING bot.feeds.equities: quote périmée pour SCHW (source=yfinance_synthetic_spread)
2026-09-24 06:20:12,104 WARNING bot.feeds.equities: quote périmée pour SO (source=yfinance_synthetic_spread)
2026-09-24 06:20:12,104 WARNING bot.feeds.equities: quote périmée pour SPG (source=yfinance_synthetic_spread)
2026-09-24 06:20:12,104 WARNING bot.feeds.equities: quote périmée pour SPY (source=yfinance_synthetic_spread)
2026-09-24 06:20:12,104 WARNING bot.feeds.equities: quote périmée pour T (source=yfinance_synthetic_spread)
2026-09-24 06:20:12,104 WARNING bot.feeds.equities: quote périmée pour TGT (source=yfinance_synthetic_spread)
2026-09-24 06:20:12,104 WARNING bot.feeds.equities: quote périmée pour TJX (source=yfinance_synthetic_spread)
2026-09-24 06:20:12,104 WARNING bot.feeds.equities: quote périmée pour TMO (source=yfinance_synthetic_spread)
2026-09-24 06:20:12,104 WARNING bot.feeds.equities: quote périmée pour TMUS (source=yfinance_synthetic_spread)
2026-09-24 06:20:12,105 WARNING bot.feeds.equities: quote périmée pour TSLA (source=yfinance_synthetic_spread)
2026-09-24 06:20:12,105 WARNING bot.feeds.equities: quote périmée pour TXN (source=yfinance_synthetic_spread)
2026-09-24 06:20:12,105 WARNING bot.feeds.equities: quote périmée pour UNH (source=yfinance_synthetic_spread)
2026-09-24 06:20:12,105 WARNING bot.feeds.equities: quote périmée pour UNP (source=yfinance_synthetic_spread)
2026-09-24 06:20:12,105 WARNING bot.feeds.equities: quote périmée pour UPS (source=yfinance_synthetic_spread)
2026-09-24 06:20:12,105 WARNING bot.feeds.equities: quote périmée pour USB (source=yfinance_synthetic_spread)
2026-09-24 06:20:12,105 WARNING bot.feeds.equities: quote périmée pour V (source=yfinance_synthetic_spread)
2026-09-24 06:20:12,105 WARNING bot.feeds.equities: quote périmée pour VNQ (source=yfinance_synthetic_spread)
2026-09-24 06:20:12,105 WARNING bot.feeds.equities: quote périmée pour VZ (source=yfinance_synthetic_spread)
2026-09-24 06:20:12,105 WARNING bot.feeds.equities: quote périmée pour WFC (source=yfinance_synthetic_spread)
2026-09-24 06:20:12,105 WARNING bot.feeds.equities: quote périmée pour WMT (source=yfinance_synthetic_spread)
2026-09-24 06:20:12,105 WARNING bot.feeds.equities: quote périmée pour XOM (source=yfinance_synthetic_spread)
2026-09-24 06:20:12,318 WARNING bot.feeds.crypto: binance klines échec pour AVAXUSDT: 451 Client Error:  for url: https://api.binance.com/api/v3/klines?symbol=AVAXUSDT&interval=1h&limit=305
2026-09-24 06:20:12,422 WARNING bot.feeds.crypto: binance klines échec pour BNBUSDT: 451 Client Error:  for url: https://api.binance.com/api/v3/klines?symbol=BNBUSDT&interval=1h&limit=305
2026-09-24 06:20:12,492 WARNING bot.runner: historique indisponible pour BNB: crypto BNB: seulement 300/4848 bougies obtenues (réseau plafonné à 300h + repli cache disque journalier épuisés)
2026-09-24 06:20:12,496 WARNING bot.feeds.crypto: binance klines échec pour BTCUSDT: 451 Client Error:  for url: https://api.binance.com/api/v3/klines?symbol=BTCUSDT&interval=1h&limit=305
2026-09-24 06:20:12,564 WARNING bot.feeds.crypto: binance klines échec pour DOGEUSDT: 451 Client Error:  for url: https://api.binance.com/api/v3/klines?symbol=DOGEUSDT&interval=1h&limit=305
2026-09-24 06:20:12,668 WARNING bot.feeds.crypto: binance klines échec pour ETHUSDT: 451 Client Error:  for url: https://api.binance.com/api/v3/klines?symbol=ETHUSDT&interval=1h&limit=305
2026-09-24 06:20:12,794 WARNING bot.feeds.crypto: binance klines échec pour FILUSDT: 451 Client Error:  for url: https://api.binance.com/api/v3/klines?symbol=FILUSDT&interval=1h&limit=305
2026-09-24 06:20:12,926 WARNING bot.feeds.crypto: binance klines échec pour HBARUSDT: 451 Client Error:  for url: https://api.binance.com/api/v3/klines?symbol=HBARUSDT&interval=1h&limit=305
2026-09-24 06:20:13,027 WARNING bot.feeds.crypto: binance klines échec pour ICPUSDT: 451 Client Error:  for url: https://api.binance.com/api/v3/klines?symbol=ICPUSDT&interval=1h&limit=305
2026-09-24 06:20:13,128 WARNING bot.feeds.crypto: binance klines échec pour LINKUSDT: 451 Client Error:  for url: https://api.binance.com/api/v3/klines?symbol=LINKUSDT&interval=1h&limit=305
2026-09-24 06:20:13,233 WARNING bot.feeds.crypto: binance klines échec pour OPUSDT: 451 Client Error:  for url: https://api.binance.com/api/v3/klines?symbol=OPUSDT&interval=1h&limit=305
2026-09-24 06:20:13,334 WARNING bot.feeds.crypto: binance klines échec pour SOLUSDT: 451 Client Error:  for url: https://api.binance.com/api/v3/klines?symbol=SOLUSDT&interval=1h&limit=305
2026-09-24 06:20:13,441 WARNING bot.feeds.crypto: binance klines échec pour UNIUSDT: 451 Client Error:  for url: https://api.binance.com/api/v3/klines?symbol=UNIUSDT&interval=1h&limit=305
2026-09-24 06:20:13,583 WARNING bot.feeds.crypto: binance klines échec pour XLMUSDT: 451 Client Error:  for url: https://api.binance.com/api/v3/klines?symbol=XLMUSDT&interval=1h&limit=305
2026-09-24 06:20:13,691 WARNING bot.feeds.crypto: binance klines échec pour XRPUSDT: 451 Client Error:  for url: https://api.binance.com/api/v3/klines?symbol=XRPUSDT&interval=1h&limit=305
2026-09-24 06:20:13,787 INFO bot.runner: TIMING phase=feeds_crypto durée=53.4s
2026-09-24 06:20:14,445 INFO bot.feeds.daily: cache disque data-cache (généré=2026-09-23T23:52:23.856305+00:00) : 112/112 symbole(s) servis sans appel réseau
2026-09-24 06:20:14,457 INFO bot.runner: TIMING phase=feeds_equities durée=0.7s
2026-09-24 06:20:14,790 INFO bot.runner: TIMING phase=strategies_execution durée=0.2s
2026-09-24 06:20:26,128 INFO bot.runner: TIMING phase=git_sync durée=11.3s
2026-09-24 06:20:26,128 INFO bot.runner: TIMING résumé cycle : feeds_crypto=53.4s feeds_equities=0.7s strategies_execution=0.2s git_sync=11.3s total=68.2s
2026-09-24 06:20:26,128 INFO bot.runner: git_sync SUCCESS — cycle 2026-09-24T06 terminé (🛡️ 1020€ | ⚖️ 1042€ | 🔥 1057€ | 🧪 998€).
