== Cycle bot (job.status=success) ==
date_utc: 2026-07-30T20:08:03+00:00
run_id_attendu: 2026-07-30T20
sha_main: 2113afbe91bb27448c10a49e3e6c0ed16bbf60ee
github_run_id: 30577765541
github_run_attempt: 1
github_run_number: 104
workflow: Bot cycle
event: schedule
==========================
2026-07-30 20:07:40,628 INFO bot.runner: Démarrage du cycle multi-wallets run_id=2026-07-30T20 (['prudent', 'equilibre', 'agressif', 'labo'])
2026-07-30 20:07:40,632 WARNING bot.runner: trou(s) détecté(s) dans equity.jsonl (tous wallets) sur les dernières 24h : ['2026-07-30T01', '2026-07-30T02', '2026-07-30T04', '2026-07-30T05', '2026-07-30T07', '2026-07-30T08', '2026-07-30T10', '2026-07-30T12', '2026-07-30T14', '2026-07-30T16', '2026-07-30T19']
2026-07-30 20:07:41,307 WARNING bot.feeds.equities: yahoo v7 quote échec pour ['AAPL', 'ABBV', 'ABT', 'ACN', 'ADBE', 'AIG', 'AMD', 'AMGN', 'AMT', 'AMZN', 'AVGO', 'AXP', 'BA', 'BAC', 'BKNG', 'BLK', 'BMY', 'BRK.B', 'C', 'CAT', 'CHTR', 'CL', 'CMCSA', 'COF', 'COP', 'COST', 'CRM', 'CSCO', 'CVS', 'CVX', 'DBC', 'DE', 'DHR', 'DIS', 'DOW', 'DUK', 'EEM', 'EFA', 'EMR', 'F', 'FDX', 'GD', 'GE', 'GILD', 'GLD', 'GM', 'GOOG', 'GOOGL', 'GS', 'HD', 'HON', 'IBM', 'IEF', 'INTC', 'INTU', 'ISRG', 'IWM', 'JNJ', 'JPM', 'KHC', 'KMI', 'KO', 'LIN', 'LLY', 'LMT', 'LOW', 'MA', 'MCD', 'MDLZ', 'MDT', 'MET', 'META', 'MMM', 'MO', 'MRK', 'MS', 'MSFT', 'NEE', 'NFLX', 'NKE', 'NVDA', 'ORCL', 'PEP', 'PFE', 'PG', 'PM', 'PYPL', 'QCOM', 'QQQ', 'RTX', 'SBUX', 'SCHW', 'SO', 'SPG', 'SPY', 'T', 'TGT', 'TJX', 'TMO', 'TMUS', 'TSLA', 'TXN', 'UNH', 'UNP', 'UPS', 'USB', 'V', 'VNQ', 'VZ', 'WFC', 'WMT', 'XOM']: 429 Client Error: Too Many Requests for url: https://query1.finance.yahoo.com/v7/finance/quote?symbols=AAPL%2CABBV%2CABT%2CACN%2CADBE%2CAIG%2CAMD%2CAMGN%2CAMT%2CAMZN%2CAVGO%2CAXP%2CBA%2CBAC%2CBKNG%2CBLK%2CBMY%2CBRK-B%2CC%2CCAT%2CCHTR%2CCL%2CCMCSA%2CCOF%2CCOP%2CCOST%2CCRM%2CCSCO%2CCVS%2CCVX%2CDBC%2CDE%2CDHR%2CDIS%2CDOW%2CDUK%2CEEM%2CEFA%2CEMR%2CF%2CFDX%2CGD%2CGE%2CGILD%2CGLD%2CGM%2CGOOG%2CGOOGL%2CGS%2CHD%2CHON%2CIBM%2CIEF%2CINTC%2CINTU%2CISRG%2CIWM%2CJNJ%2CJPM%2CKHC%2CKMI%2CKO%2CLIN%2CLLY%2CLMT%2CLOW%2CMA%2CMCD%2CMDLZ%2CMDT%2CMET%2CMETA%2CMMM%2CMO%2CMRK%2CMS%2CMSFT%2CNEE%2CNFLX%2CNKE%2CNVDA%2CORCL%2CPEP%2CPFE%2CPG%2CPM%2CPYPL%2CQCOM%2CQQQ%2CRTX%2CSBUX%2CSCHW%2CSO%2CSPG%2CSPY%2CT%2CTGT%2CTJX%2CTMO%2CTMUS%2CTSLA%2CTXN%2CUNH%2CUNP%2CUPS%2CUSB%2CV%2CVNQ%2CVZ%2CWFC%2CWMT%2CXOM (http_status=429, extrait_reponse='Too Many Requests\r\n')
2026-07-30 20:07:41,307 INFO bot.feeds.equities: repli yfinance pour 112/112 symbole(s) sans quote v7 (['AAPL', 'ABBV', 'ABT', 'ACN', 'ADBE', 'AIG', 'AMD', 'AMGN', 'AMT', 'AMZN', 'AVGO', 'AXP', 'BA', 'BAC', 'BKNG', 'BLK', 'BMY', 'BRK.B', 'C', 'CAT', 'CHTR', 'CL', 'CMCSA', 'COF', 'COP', 'COST', 'CRM', 'CSCO', 'CVS', 'CVX', 'DBC', 'DE', 'DHR', 'DIS', 'DOW', 'DUK', 'EEM', 'EFA', 'EMR', 'F', 'FDX', 'GD', 'GE', 'GILD', 'GLD', 'GM', 'GOOG', 'GOOGL', 'GS', 'HD', 'HON', 'IBM', 'IEF', 'INTC', 'INTU', 'ISRG', 'IWM', 'JNJ', 'JPM', 'KHC', 'KMI', 'KO', 'LIN', 'LLY', 'LMT', 'LOW', 'MA', 'MCD', 'MDLZ', 'MDT', 'MET', 'META', 'MMM', 'MO', 'MRK', 'MS', 'MSFT', 'NEE', 'NFLX', 'NKE', 'NVDA', 'ORCL', 'PEP', 'PFE', 'PG', 'PM', 'PYPL', 'QCOM', 'QQQ', 'RTX', 'SBUX', 'SCHW', 'SO', 'SPG', 'SPY', 'T', 'TGT', 'TJX', 'TMO', 'TMUS', 'TSLA', 'TXN', 'UNH', 'UNP', 'UPS', 'USB', 'V', 'VNQ', 'VZ', 'WFC', 'WMT', 'XOM'])
2026-07-30 20:07:56,903 INFO bot.feeds.equities: quote différée pour AAPL (537s, seuil temps réel 300s, source=yfinance_synthetic_spread) — utilisée quand même (seuil de fraîcheur actions/ETF 1500s), marquée delayed=true
2026-07-30 20:07:56,903 INFO bot.feeds.equities: quote différée pour ABBV (537s, seuil temps réel 300s, source=yfinance_synthetic_spread) — utilisée quand même (seuil de fraîcheur actions/ETF 1500s), marquée delayed=true
2026-07-30 20:07:56,903 INFO bot.feeds.equities: quote différée pour ABT (537s, seuil temps réel 300s, source=yfinance_synthetic_spread) — utilisée quand même (seuil de fraîcheur actions/ETF 1500s), marquée delayed=true
2026-07-30 20:07:56,903 INFO bot.feeds.equities: quote différée pour ACN (537s, seuil temps réel 300s, source=yfinance_synthetic_spread) — utilisée quand même (seuil de fraîcheur actions/ETF 1500s), marquée delayed=true
2026-07-30 20:07:56,904 INFO bot.feeds.equities: quote différée pour ADBE (537s, seuil temps réel 300s, source=yfinance_synthetic_spread) — utilisée quand même (seuil de fraîcheur actions/ETF 1500s), marquée delayed=true
2026-07-30 20:07:56,904 INFO bot.feeds.equities: quote différée pour AIG (537s, seuil temps réel 300s, source=yfinance_synthetic_spread) — utilisée quand même (seuil de fraîcheur actions/ETF 1500s), marquée delayed=true
2026-07-30 20:07:56,904 INFO bot.feeds.equities: quote différée pour AMD (537s, seuil temps réel 300s, source=yfinance_synthetic_spread) — utilisée quand même (seuil de fraîcheur actions/ETF 1500s), marquée delayed=true
2026-07-30 20:07:56,904 INFO bot.feeds.equities: quote différée pour AMGN (537s, seuil temps réel 300s, source=yfinance_synthetic_spread) — utilisée quand même (seuil de fraîcheur actions/ETF 1500s), marquée delayed=true
2026-07-30 20:07:56,904 INFO bot.feeds.equities: quote différée pour AMT (537s, seuil temps réel 300s, source=yfinance_synthetic_spread) — utilisée quand même (seuil de fraîcheur actions/ETF 1500s), marquée delayed=true
2026-07-30 20:07:56,904 INFO bot.feeds.equities: quote différée pour AMZN (537s, seuil temps réel 300s, source=yfinance_synthetic_spread) — utilisée quand même (seuil de fraîcheur actions/ETF 1500s), marquée delayed=true
2026-07-30 20:07:56,904 INFO bot.feeds.equities: quote différée pour AVGO (537s, seuil temps réel 300s, source=yfinance_synthetic_spread) — utilisée quand même (seuil de fraîcheur actions/ETF 1500s), marquée delayed=true
2026-07-30 20:07:56,904 INFO bot.feeds.equities: quote différée pour AXP (537s, seuil temps réel 300s, source=yfinance_synthetic_spread) — utilisée quand même (seuil de fraîcheur actions/ETF 1500s), marquée delayed=true
2026-07-30 20:07:56,904 INFO bot.feeds.equities: quote différée pour BA (537s, seuil temps réel 300s, source=yfinance_synthetic_spread) — utilisée quand même (seuil de fraîcheur actions/ETF 1500s), marquée delayed=true
2026-07-30 20:07:56,904 INFO bot.feeds.equities: quote différée pour BAC (537s, seuil temps réel 300s, source=yfinance_synthetic_spread) — utilisée quand même (seuil de fraîcheur actions/ETF 1500s), marquée delayed=true
2026-07-30 20:07:56,904 INFO bot.feeds.equities: quote différée pour BKNG (537s, seuil temps réel 300s, source=yfinance_synthetic_spread) — utilisée quand même (seuil de fraîcheur actions/ETF 1500s), marquée delayed=true
2026-07-30 20:07:56,904 INFO bot.feeds.equities: quote différée pour BLK (537s, seuil temps réel 300s, source=yfinance_synthetic_spread) — utilisée quand même (seuil de fraîcheur actions/ETF 1500s), marquée delayed=true
2026-07-30 20:07:56,905 INFO bot.feeds.equities: quote différée pour BMY (537s, seuil temps réel 300s, source=yfinance_synthetic_spread) — utilisée quand même (seuil de fraîcheur actions/ETF 1500s), marquée delayed=true
2026-07-30 20:07:56,905 INFO bot.feeds.equities: quote différée pour BRK.B (537s, seuil temps réel 300s, source=yfinance_synthetic_spread) — utilisée quand même (seuil de fraîcheur actions/ETF 1500s), marquée delayed=true
2026-07-30 20:07:56,905 INFO bot.feeds.equities: quote différée pour C (537s, seuil temps réel 300s, source=yfinance_synthetic_spread) — utilisée quand même (seuil de fraîcheur actions/ETF 1500s), marquée delayed=true
2026-07-30 20:07:56,905 INFO bot.feeds.equities: quote différée pour CAT (537s, seuil temps réel 300s, source=yfinance_synthetic_spread) — utilisée quand même (seuil de fraîcheur actions/ETF 1500s), marquée delayed=true
2026-07-30 20:07:56,905 INFO bot.feeds.equities: quote différée pour CHTR (537s, seuil temps réel 300s, source=yfinance_synthetic_spread) — utilisée quand même (seuil de fraîcheur actions/ETF 1500s), marquée delayed=true
2026-07-30 20:07:56,905 INFO bot.feeds.equities: quote différée pour CL (537s, seuil temps réel 300s, source=yfinance_synthetic_spread) — utilisée quand même (seuil de fraîcheur actions/ETF 1500s), marquée delayed=true
2026-07-30 20:07:56,905 INFO bot.feeds.equities: quote différée pour CMCSA (537s, seuil temps réel 300s, source=yfinance_synthetic_spread) — utilisée quand même (seuil de fraîcheur actions/ETF 1500s), marquée delayed=true
2026-07-30 20:07:56,905 INFO bot.feeds.equities: quote différée pour COF (537s, seuil temps réel 300s, source=yfinance_synthetic_spread) — utilisée quand même (seuil de fraîcheur actions/ETF 1500s), marquée delayed=true
2026-07-30 20:07:56,905 INFO bot.feeds.equities: quote différée pour COP (537s, seuil temps réel 300s, source=yfinance_synthetic_spread) — utilisée quand même (seuil de fraîcheur actions/ETF 1500s), marquée delayed=true
2026-07-30 20:07:56,905 INFO bot.feeds.equities: quote différée pour COST (537s, seuil temps réel 300s, source=yfinance_synthetic_spread) — utilisée quand même (seuil de fraîcheur actions/ETF 1500s), marquée delayed=true
2026-07-30 20:07:56,905 INFO bot.feeds.equities: quote différée pour CRM (537s, seuil temps réel 300s, source=yfinance_synthetic_spread) — utilisée quand même (seuil de fraîcheur actions/ETF 1500s), marquée delayed=true
2026-07-30 20:07:56,905 INFO bot.feeds.equities: quote différée pour CSCO (537s, seuil temps réel 300s, source=yfinance_synthetic_spread) — utilisée quand même (seuil de fraîcheur actions/ETF 1500s), marquée delayed=true
2026-07-30 20:07:56,905 INFO bot.feeds.equities: quote différée pour CVS (537s, seuil temps réel 300s, source=yfinance_synthetic_spread) — utilisée quand même (seuil de fraîcheur actions/ETF 1500s), marquée delayed=true
2026-07-30 20:07:56,906 INFO bot.feeds.equities: quote différée pour CVX (537s, seuil temps réel 300s, source=yfinance_synthetic_spread) — utilisée quand même (seuil de fraîcheur actions/ETF 1500s), marquée delayed=true
2026-07-30 20:07:56,906 INFO bot.feeds.equities: quote différée pour DBC (537s, seuil temps réel 300s, source=yfinance_synthetic_spread) — utilisée quand même (seuil de fraîcheur actions/ETF 1500s), marquée delayed=true
2026-07-30 20:07:56,906 INFO bot.feeds.equities: quote différée pour DE (537s, seuil temps réel 300s, source=yfinance_synthetic_spread) — utilisée quand même (seuil de fraîcheur actions/ETF 1500s), marquée delayed=true
2026-07-30 20:07:56,906 INFO bot.feeds.equities: quote différée pour DHR (537s, seuil temps réel 300s, source=yfinance_synthetic_spread) — utilisée quand même (seuil de fraîcheur actions/ETF 1500s), marquée delayed=true
2026-07-30 20:07:56,906 INFO bot.feeds.equities: quote différée pour DIS (537s, seuil temps réel 300s, source=yfinance_synthetic_spread) — utilisée quand même (seuil de fraîcheur actions/ETF 1500s), marquée delayed=true
2026-07-30 20:07:56,906 INFO bot.feeds.equities: quote différée pour DOW (537s, seuil temps réel 300s, source=yfinance_synthetic_spread) — utilisée quand même (seuil de fraîcheur actions/ETF 1500s), marquée delayed=true
2026-07-30 20:07:56,906 INFO bot.feeds.equities: quote différée pour DUK (537s, seuil temps réel 300s, source=yfinance_synthetic_spread) — utilisée quand même (seuil de fraîcheur actions/ETF 1500s), marquée delayed=true
2026-07-30 20:07:56,906 INFO bot.feeds.equities: quote différée pour EEM (537s, seuil temps réel 300s, source=yfinance_synthetic_spread) — utilisée quand même (seuil de fraîcheur actions/ETF 1500s), marquée delayed=true
2026-07-30 20:07:56,906 INFO bot.feeds.equities: quote différée pour EFA (537s, seuil temps réel 300s, source=yfinance_synthetic_spread) — utilisée quand même (seuil de fraîcheur actions/ETF 1500s), marquée delayed=true
2026-07-30 20:07:56,906 INFO bot.feeds.equities: quote différée pour EMR (537s, seuil temps réel 300s, source=yfinance_synthetic_spread) — utilisée quand même (seuil de fraîcheur actions/ETF 1500s), marquée delayed=true
2026-07-30 20:07:56,906 INFO bot.feeds.equities: quote différée pour F (537s, seuil temps réel 300s, source=yfinance_synthetic_spread) — utilisée quand même (seuil de fraîcheur actions/ETF 1500s), marquée delayed=true
2026-07-30 20:07:56,906 INFO bot.feeds.equities: quote différée pour FDX (537s, seuil temps réel 300s, source=yfinance_synthetic_spread) — utilisée quand même (seuil de fraîcheur actions/ETF 1500s), marquée delayed=true
2026-07-30 20:07:56,906 INFO bot.feeds.equities: quote différée pour GD (537s, seuil temps réel 300s, source=yfinance_synthetic_spread) — utilisée quand même (seuil de fraîcheur actions/ETF 1500s), marquée delayed=true
2026-07-30 20:07:56,907 INFO bot.feeds.equities: quote différée pour GE (537s, seuil temps réel 300s, source=yfinance_synthetic_spread) — utilisée quand même (seuil de fraîcheur actions/ETF 1500s), marquée delayed=true
2026-07-30 20:07:56,907 INFO bot.feeds.equities: quote différée pour GILD (537s, seuil temps réel 300s, source=yfinance_synthetic_spread) — utilisée quand même (seuil de fraîcheur actions/ETF 1500s), marquée delayed=true
2026-07-30 20:07:56,907 INFO bot.feeds.equities: quote différée pour GLD (537s, seuil temps réel 300s, source=yfinance_synthetic_spread) — utilisée quand même (seuil de fraîcheur actions/ETF 1500s), marquée delayed=true
2026-07-30 20:07:56,907 INFO bot.feeds.equities: quote différée pour GM (537s, seuil temps réel 300s, source=yfinance_synthetic_spread) — utilisée quand même (seuil de fraîcheur actions/ETF 1500s), marquée delayed=true
2026-07-30 20:07:56,907 INFO bot.feeds.equities: quote différée pour GOOG (537s, seuil temps réel 300s, source=yfinance_synthetic_spread) — utilisée quand même (seuil de fraîcheur actions/ETF 1500s), marquée delayed=true
2026-07-30 20:07:56,907 INFO bot.feeds.equities: quote différée pour GOOGL (537s, seuil temps réel 300s, source=yfinance_synthetic_spread) — utilisée quand même (seuil de fraîcheur actions/ETF 1500s), marquée delayed=true
2026-07-30 20:07:56,907 INFO bot.feeds.equities: quote différée pour GS (537s, seuil temps réel 300s, source=yfinance_synthetic_spread) — utilisée quand même (seuil de fraîcheur actions/ETF 1500s), marquée delayed=true
2026-07-30 20:07:56,907 INFO bot.feeds.equities: quote différée pour HD (537s, seuil temps réel 300s, source=yfinance_synthetic_spread) — utilisée quand même (seuil de fraîcheur actions/ETF 1500s), marquée delayed=true
2026-07-30 20:07:56,907 INFO bot.feeds.equities: quote différée pour HON (537s, seuil temps réel 300s, source=yfinance_synthetic_spread) — utilisée quand même (seuil de fraîcheur actions/ETF 1500s), marquée delayed=true
2026-07-30 20:07:56,907 INFO bot.feeds.equities: quote différée pour IBM (537s, seuil temps réel 300s, source=yfinance_synthetic_spread) — utilisée quand même (seuil de fraîcheur actions/ETF 1500s), marquée delayed=true
2026-07-30 20:07:56,907 INFO bot.feeds.equities: quote différée pour IEF (537s, seuil temps réel 300s, source=yfinance_synthetic_spread) — utilisée quand même (seuil de fraîcheur actions/ETF 1500s), marquée delayed=true
2026-07-30 20:07:56,907 INFO bot.feeds.equities: quote différée pour INTC (537s, seuil temps réel 300s, source=yfinance_synthetic_spread) — utilisée quand même (seuil de fraîcheur actions/ETF 1500s), marquée delayed=true
2026-07-30 20:07:56,907 INFO bot.feeds.equities: quote différée pour INTU (537s, seuil temps réel 300s, source=yfinance_synthetic_spread) — utilisée quand même (seuil de fraîcheur actions/ETF 1500s), marquée delayed=true
2026-07-30 20:07:56,908 INFO bot.feeds.equities: quote différée pour ISRG (537s, seuil temps réel 300s, source=yfinance_synthetic_spread) — utilisée quand même (seuil de fraîcheur actions/ETF 1500s), marquée delayed=true
2026-07-30 20:07:56,908 INFO bot.feeds.equities: quote différée pour IWM (537s, seuil temps réel 300s, source=yfinance_synthetic_spread) — utilisée quand même (seuil de fraîcheur actions/ETF 1500s), marquée delayed=true
2026-07-30 20:07:56,908 INFO bot.feeds.equities: quote différée pour JNJ (537s, seuil temps réel 300s, source=yfinance_synthetic_spread) — utilisée quand même (seuil de fraîcheur actions/ETF 1500s), marquée delayed=true
2026-07-30 20:07:56,908 INFO bot.feeds.equities: quote différée pour JPM (537s, seuil temps réel 300s, source=yfinance_synthetic_spread) — utilisée quand même (seuil de fraîcheur actions/ETF 1500s), marquée delayed=true
2026-07-30 20:07:56,908 INFO bot.feeds.equities: quote différée pour KHC (537s, seuil temps réel 300s, source=yfinance_synthetic_spread) — utilisée quand même (seuil de fraîcheur actions/ETF 1500s), marquée delayed=true
2026-07-30 20:07:56,908 INFO bot.feeds.equities: quote différée pour KMI (537s, seuil temps réel 300s, source=yfinance_synthetic_spread) — utilisée quand même (seuil de fraîcheur actions/ETF 1500s), marquée delayed=true
2026-07-30 20:07:56,908 INFO bot.feeds.equities: quote différée pour KO (537s, seuil temps réel 300s, source=yfinance_synthetic_spread) — utilisée quand même (seuil de fraîcheur actions/ETF 1500s), marquée delayed=true
2026-07-30 20:07:56,908 INFO bot.feeds.equities: quote différée pour LIN (537s, seuil temps réel 300s, source=yfinance_synthetic_spread) — utilisée quand même (seuil de fraîcheur actions/ETF 1500s), marquée delayed=true
2026-07-30 20:07:56,908 INFO bot.feeds.equities: quote différée pour LLY (537s, seuil temps réel 300s, source=yfinance_synthetic_spread) — utilisée quand même (seuil de fraîcheur actions/ETF 1500s), marquée delayed=true
2026-07-30 20:07:56,908 INFO bot.feeds.equities: quote différée pour LMT (537s, seuil temps réel 300s, source=yfinance_synthetic_spread) — utilisée quand même (seuil de fraîcheur actions/ETF 1500s), marquée delayed=true
2026-07-30 20:07:56,908 INFO bot.feeds.equities: quote différée pour LOW (537s, seuil temps réel 300s, source=yfinance_synthetic_spread) — utilisée quand même (seuil de fraîcheur actions/ETF 1500s), marquée delayed=true
2026-07-30 20:07:56,908 INFO bot.feeds.equities: quote différée pour MA (537s, seuil temps réel 300s, source=yfinance_synthetic_spread) — utilisée quand même (seuil de fraîcheur actions/ETF 1500s), marquée delayed=true
2026-07-30 20:07:56,908 INFO bot.feeds.equities: quote différée pour MCD (537s, seuil temps réel 300s, source=yfinance_synthetic_spread) — utilisée quand même (seuil de fraîcheur actions/ETF 1500s), marquée delayed=true
2026-07-30 20:07:56,909 INFO bot.feeds.equities: quote différée pour MDLZ (537s, seuil temps réel 300s, source=yfinance_synthetic_spread) — utilisée quand même (seuil de fraîcheur actions/ETF 1500s), marquée delayed=true
2026-07-30 20:07:56,909 INFO bot.feeds.equities: quote différée pour MDT (537s, seuil temps réel 300s, source=yfinance_synthetic_spread) — utilisée quand même (seuil de fraîcheur actions/ETF 1500s), marquée delayed=true
2026-07-30 20:07:56,909 INFO bot.feeds.equities: quote différée pour MET (537s, seuil temps réel 300s, source=yfinance_synthetic_spread) — utilisée quand même (seuil de fraîcheur actions/ETF 1500s), marquée delayed=true
2026-07-30 20:07:56,909 INFO bot.feeds.equities: quote différée pour META (537s, seuil temps réel 300s, source=yfinance_synthetic_spread) — utilisée quand même (seuil de fraîcheur actions/ETF 1500s), marquée delayed=true
2026-07-30 20:07:56,909 INFO bot.feeds.equities: quote différée pour MMM (537s, seuil temps réel 300s, source=yfinance_synthetic_spread) — utilisée quand même (seuil de fraîcheur actions/ETF 1500s), marquée delayed=true
2026-07-30 20:07:56,909 INFO bot.feeds.equities: quote différée pour MO (537s, seuil temps réel 300s, source=yfinance_synthetic_spread) — utilisée quand même (seuil de fraîcheur actions/ETF 1500s), marquée delayed=true
2026-07-30 20:07:56,909 INFO bot.feeds.equities: quote différée pour MRK (537s, seuil temps réel 300s, source=yfinance_synthetic_spread) — utilisée quand même (seuil de fraîcheur actions/ETF 1500s), marquée delayed=true
2026-07-30 20:07:56,909 INFO bot.feeds.equities: quote différée pour MS (537s, seuil temps réel 300s, source=yfinance_synthetic_spread) — utilisée quand même (seuil de fraîcheur actions/ETF 1500s), marquée delayed=true
2026-07-30 20:07:56,909 INFO bot.feeds.equities: quote différée pour MSFT (537s, seuil temps réel 300s, source=yfinance_synthetic_spread) — utilisée quand même (seuil de fraîcheur actions/ETF 1500s), marquée delayed=true
2026-07-30 20:07:56,909 INFO bot.feeds.equities: quote différée pour NEE (537s, seuil temps réel 300s, source=yfinance_synthetic_spread) — utilisée quand même (seuil de fraîcheur actions/ETF 1500s), marquée delayed=true
2026-07-30 20:07:56,909 INFO bot.feeds.equities: quote différée pour NFLX (537s, seuil temps réel 300s, source=yfinance_synthetic_spread) — utilisée quand même (seuil de fraîcheur actions/ETF 1500s), marquée delayed=true
2026-07-30 20:07:56,909 INFO bot.feeds.equities: quote différée pour NKE (537s, seuil temps réel 300s, source=yfinance_synthetic_spread) — utilisée quand même (seuil de fraîcheur actions/ETF 1500s), marquée delayed=true
2026-07-30 20:07:56,909 INFO bot.feeds.equities: quote différée pour NVDA (537s, seuil temps réel 300s, source=yfinance_synthetic_spread) — utilisée quand même (seuil de fraîcheur actions/ETF 1500s), marquée delayed=true
2026-07-30 20:07:56,910 INFO bot.feeds.equities: quote différée pour ORCL (537s, seuil temps réel 300s, source=yfinance_synthetic_spread) — utilisée quand même (seuil de fraîcheur actions/ETF 1500s), marquée delayed=true
2026-07-30 20:07:56,910 INFO bot.feeds.equities: quote différée pour PEP (537s, seuil temps réel 300s, source=yfinance_synthetic_spread) — utilisée quand même (seuil de fraîcheur actions/ETF 1500s), marquée delayed=true
2026-07-30 20:07:56,910 INFO bot.feeds.equities: quote différée pour PFE (537s, seuil temps réel 300s, source=yfinance_synthetic_spread) — utilisée quand même (seuil de fraîcheur actions/ETF 1500s), marquée delayed=true
2026-07-30 20:07:56,910 INFO bot.feeds.equities: quote différée pour PG (537s, seuil temps réel 300s, source=yfinance_synthetic_spread) — utilisée quand même (seuil de fraîcheur actions/ETF 1500s), marquée delayed=true
2026-07-30 20:07:56,910 INFO bot.feeds.equities: quote différée pour PM (537s, seuil temps réel 300s, source=yfinance_synthetic_spread) — utilisée quand même (seuil de fraîcheur actions/ETF 1500s), marquée delayed=true
2026-07-30 20:07:56,910 INFO bot.feeds.equities: quote différée pour PYPL (537s, seuil temps réel 300s, source=yfinance_synthetic_spread) — utilisée quand même (seuil de fraîcheur actions/ETF 1500s), marquée delayed=true
2026-07-30 20:07:56,910 INFO bot.feeds.equities: quote différée pour QCOM (537s, seuil temps réel 300s, source=yfinance_synthetic_spread) — utilisée quand même (seuil de fraîcheur actions/ETF 1500s), marquée delayed=true
2026-07-30 20:07:56,910 INFO bot.feeds.equities: quote différée pour QQQ (537s, seuil temps réel 300s, source=yfinance_synthetic_spread) — utilisée quand même (seuil de fraîcheur actions/ETF 1500s), marquée delayed=true
2026-07-30 20:07:56,910 INFO bot.feeds.equities: quote différée pour RTX (537s, seuil temps réel 300s, source=yfinance_synthetic_spread) — utilisée quand même (seuil de fraîcheur actions/ETF 1500s), marquée delayed=true
2026-07-30 20:07:56,910 INFO bot.feeds.equities: quote différée pour SBUX (537s, seuil temps réel 300s, source=yfinance_synthetic_spread) — utilisée quand même (seuil de fraîcheur actions/ETF 1500s), marquée delayed=true
2026-07-30 20:07:56,910 INFO bot.feeds.equities: quote différée pour SCHW (537s, seuil temps réel 300s, source=yfinance_synthetic_spread) — utilisée quand même (seuil de fraîcheur actions/ETF 1500s), marquée delayed=true
2026-07-30 20:07:56,910 INFO bot.feeds.equities: quote différée pour SO (537s, seuil temps réel 300s, source=yfinance_synthetic_spread) — utilisée quand même (seuil de fraîcheur actions/ETF 1500s), marquée delayed=true
2026-07-30 20:07:56,910 INFO bot.feeds.equities: quote différée pour SPG (537s, seuil temps réel 300s, source=yfinance_synthetic_spread) — utilisée quand même (seuil de fraîcheur actions/ETF 1500s), marquée delayed=true
2026-07-30 20:07:56,911 INFO bot.feeds.equities: quote différée pour SPY (537s, seuil temps réel 300s, source=yfinance_synthetic_spread) — utilisée quand même (seuil de fraîcheur actions/ETF 1500s), marquée delayed=true
2026-07-30 20:07:56,911 INFO bot.feeds.equities: quote différée pour T (537s, seuil temps réel 300s, source=yfinance_synthetic_spread) — utilisée quand même (seuil de fraîcheur actions/ETF 1500s), marquée delayed=true
2026-07-30 20:07:56,911 INFO bot.feeds.equities: quote différée pour TGT (537s, seuil temps réel 300s, source=yfinance_synthetic_spread) — utilisée quand même (seuil de fraîcheur actions/ETF 1500s), marquée delayed=true
2026-07-30 20:07:56,911 INFO bot.feeds.equities: quote différée pour TJX (537s, seuil temps réel 300s, source=yfinance_synthetic_spread) — utilisée quand même (seuil de fraîcheur actions/ETF 1500s), marquée delayed=true
2026-07-30 20:07:56,911 INFO bot.feeds.equities: quote différée pour TMO (537s, seuil temps réel 300s, source=yfinance_synthetic_spread) — utilisée quand même (seuil de fraîcheur actions/ETF 1500s), marquée delayed=true
2026-07-30 20:07:56,911 INFO bot.feeds.equities: quote différée pour TMUS (537s, seuil temps réel 300s, source=yfinance_synthetic_spread) — utilisée quand même (seuil de fraîcheur actions/ETF 1500s), marquée delayed=true
2026-07-30 20:07:56,911 INFO bot.feeds.equities: quote différée pour TSLA (537s, seuil temps réel 300s, source=yfinance_synthetic_spread) — utilisée quand même (seuil de fraîcheur actions/ETF 1500s), marquée delayed=true
2026-07-30 20:07:56,911 INFO bot.feeds.equities: quote différée pour TXN (537s, seuil temps réel 300s, source=yfinance_synthetic_spread) — utilisée quand même (seuil de fraîcheur actions/ETF 1500s), marquée delayed=true
2026-07-30 20:07:56,911 INFO bot.feeds.equities: quote différée pour UNH (537s, seuil temps réel 300s, source=yfinance_synthetic_spread) — utilisée quand même (seuil de fraîcheur actions/ETF 1500s), marquée delayed=true
2026-07-30 20:07:56,911 INFO bot.feeds.equities: quote différée pour UNP (537s, seuil temps réel 300s, source=yfinance_synthetic_spread) — utilisée quand même (seuil de fraîcheur actions/ETF 1500s), marquée delayed=true
2026-07-30 20:07:56,911 INFO bot.feeds.equities: quote différée pour UPS (537s, seuil temps réel 300s, source=yfinance_synthetic_spread) — utilisée quand même (seuil de fraîcheur actions/ETF 1500s), marquée delayed=true
2026-07-30 20:07:56,911 INFO bot.feeds.equities: quote différée pour USB (537s, seuil temps réel 300s, source=yfinance_synthetic_spread) — utilisée quand même (seuil de fraîcheur actions/ETF 1500s), marquée delayed=true
2026-07-30 20:07:56,911 INFO bot.feeds.equities: quote différée pour V (537s, seuil temps réel 300s, source=yfinance_synthetic_spread) — utilisée quand même (seuil de fraîcheur actions/ETF 1500s), marquée delayed=true
2026-07-30 20:07:56,912 INFO bot.feeds.equities: quote différée pour VNQ (537s, seuil temps réel 300s, source=yfinance_synthetic_spread) — utilisée quand même (seuil de fraîcheur actions/ETF 1500s), marquée delayed=true
2026-07-30 20:07:56,912 INFO bot.feeds.equities: quote différée pour VZ (537s, seuil temps réel 300s, source=yfinance_synthetic_spread) — utilisée quand même (seuil de fraîcheur actions/ETF 1500s), marquée delayed=true
2026-07-30 20:07:56,912 INFO bot.feeds.equities: quote différée pour WFC (537s, seuil temps réel 300s, source=yfinance_synthetic_spread) — utilisée quand même (seuil de fraîcheur actions/ETF 1500s), marquée delayed=true
2026-07-30 20:07:56,912 INFO bot.feeds.equities: quote différée pour WMT (537s, seuil temps réel 300s, source=yfinance_synthetic_spread) — utilisée quand même (seuil de fraîcheur actions/ETF 1500s), marquée delayed=true
2026-07-30 20:07:56,912 INFO bot.feeds.equities: quote différée pour XOM (537s, seuil temps réel 300s, source=yfinance_synthetic_spread) — utilisée quand même (seuil de fraîcheur actions/ETF 1500s), marquée delayed=true
2026-07-30 20:07:57,030 WARNING bot.feeds.crypto: binance klines échec pour AVAXUSDT: 451 Client Error:  for url: https://api.binance.com/api/v3/klines?symbol=AVAXUSDT&interval=1h&limit=305
2026-07-30 20:07:57,145 WARNING bot.feeds.crypto: binance klines échec pour BNBUSDT: 451 Client Error:  for url: https://api.binance.com/api/v3/klines?symbol=BNBUSDT&interval=1h&limit=305
2026-07-30 20:07:57,273 WARNING bot.runner: historique indisponible pour BNB: crypto BNB: seulement 300/4848 bougies obtenues (réseau plafonné à 300h + repli cache disque journalier épuisés)
2026-07-30 20:07:57,277 WARNING bot.feeds.crypto: binance klines échec pour BTCUSDT: 451 Client Error:  for url: https://api.binance.com/api/v3/klines?symbol=BTCUSDT&interval=1h&limit=305
2026-07-30 20:07:57,385 WARNING bot.feeds.crypto: binance klines échec pour DOGEUSDT: 451 Client Error:  for url: https://api.binance.com/api/v3/klines?symbol=DOGEUSDT&interval=1h&limit=305
2026-07-30 20:07:57,487 WARNING bot.feeds.crypto: binance klines échec pour ETHUSDT: 451 Client Error:  for url: https://api.binance.com/api/v3/klines?symbol=ETHUSDT&interval=1h&limit=305
2026-07-30 20:07:57,652 WARNING bot.feeds.crypto: binance klines échec pour FILUSDT: 451 Client Error:  for url: https://api.binance.com/api/v3/klines?symbol=FILUSDT&interval=1h&limit=305
2026-07-30 20:07:57,761 WARNING bot.feeds.crypto: binance klines échec pour HBARUSDT: 451 Client Error:  for url: https://api.binance.com/api/v3/klines?symbol=HBARUSDT&interval=1h&limit=305
2026-07-30 20:07:57,937 WARNING bot.feeds.crypto: binance klines échec pour ICPUSDT: 451 Client Error:  for url: https://api.binance.com/api/v3/klines?symbol=ICPUSDT&interval=1h&limit=305
2026-07-30 20:07:58,051 WARNING bot.feeds.crypto: binance klines échec pour LINKUSDT: 451 Client Error:  for url: https://api.binance.com/api/v3/klines?symbol=LINKUSDT&interval=1h&limit=305
2026-07-30 20:07:58,150 WARNING bot.feeds.crypto: binance klines échec pour OPUSDT: 451 Client Error:  for url: https://api.binance.com/api/v3/klines?symbol=OPUSDT&interval=1h&limit=305
2026-07-30 20:07:58,323 WARNING bot.feeds.crypto: binance klines échec pour SOLUSDT: 451 Client Error:  for url: https://api.binance.com/api/v3/klines?symbol=SOLUSDT&interval=1h&limit=305
2026-07-30 20:07:58,545 WARNING bot.feeds.crypto: binance klines échec pour UNIUSDT: 451 Client Error:  for url: https://api.binance.com/api/v3/klines?symbol=UNIUSDT&interval=1h&limit=305
2026-07-30 20:07:58,658 WARNING bot.feeds.crypto: binance klines échec pour XLMUSDT: 451 Client Error:  for url: https://api.binance.com/api/v3/klines?symbol=XLMUSDT&interval=1h&limit=305
2026-07-30 20:07:58,808 WARNING bot.feeds.crypto: binance klines échec pour XRPUSDT: 451 Client Error:  for url: https://api.binance.com/api/v3/klines?symbol=XRPUSDT&interval=1h&limit=305
2026-07-30 20:07:58,914 INFO bot.runner: TIMING phase=feeds_crypto durée=18.3s
2026-07-30 20:07:59,555 INFO bot.feeds.daily: cache disque data-cache (généré=2026-07-29T22:29:24.983953+00:00) : 112/112 symbole(s) servis sans appel réseau
2026-07-30 20:07:59,567 INFO bot.runner: TIMING phase=feeds_equities durée=0.7s
2026-07-30 20:07:59,864 INFO bot.runner: TIMING phase=strategies_execution durée=0.2s
2026-07-30 20:08:02,918 INFO bot.runner: TIMING phase=git_sync durée=3.0s
2026-07-30 20:08:02,918 INFO bot.runner: TIMING résumé cycle : feeds_crypto=18.3s feeds_equities=0.7s strategies_execution=0.2s git_sync=3.0s total=22.8s
2026-07-30 20:08:02,918 INFO bot.runner: git_sync SUCCESS — cycle 2026-07-30T20 terminé (🛡️ 991€ | ⚖️ 986€ | 🔥 1000€ | 🧪 993€).
