== Cycle bot (job.status=success) ==
date_utc: 2026-08-24T20:15:44+00:00
run_id_attendu: 2026-08-24T20
sha_main: 2db2fbfb656ac2cc6e9c5f64abb2303774fd1b95
github_run_id: 32772704986
github_run_attempt: 1
github_run_number: 777
workflow: Bot cycle
event: schedule
==========================
2026-08-24 20:15:12,999 INFO bot.runner: Démarrage du cycle multi-wallets run_id=2026-08-24T20 (['prudent', 'equilibre', 'agressif', 'labo'])
2026-08-24 20:15:13,020 WARNING bot.runner: trou(s) détecté(s) dans equity.jsonl (tous wallets) sur les dernières 24h : ['2026-08-24T00']
2026-08-24 20:15:14,097 WARNING bot.feeds.equities: yahoo v7 quote échec pour ['AAPL', 'ABBV', 'ABT', 'ACN', 'ADBE', 'AIG', 'AMD', 'AMGN', 'AMT', 'AMZN', 'AVGO', 'AXP', 'BA', 'BAC', 'BKNG', 'BLK', 'BMY', 'BRK.B', 'C', 'CAT', 'CHTR', 'CL', 'CMCSA', 'COF', 'COP', 'COST', 'CRM', 'CSCO', 'CVS', 'CVX', 'DBC', 'DE', 'DHR', 'DIS', 'DOW', 'DUK', 'EEM', 'EFA', 'EMR', 'F', 'FDX', 'GD', 'GE', 'GILD', 'GLD', 'GM', 'GOOG', 'GOOGL', 'GS', 'HD', 'HON', 'IBM', 'IEF', 'INTC', 'INTU', 'ISRG', 'IWM', 'JNJ', 'JPM', 'KHC', 'KMI', 'KO', 'LIN', 'LLY', 'LMT', 'LOW', 'MA', 'MCD', 'MDLZ', 'MDT', 'MET', 'META', 'MMM', 'MO', 'MRK', 'MS', 'MSFT', 'NEE', 'NFLX', 'NKE', 'NVDA', 'ORCL', 'PEP', 'PFE', 'PG', 'PM', 'PYPL', 'QCOM', 'QQQ', 'RTX', 'SBUX', 'SCHW', 'SO', 'SPG', 'SPY', 'T', 'TGT', 'TJX', 'TMO', 'TMUS', 'TSLA', 'TXN', 'UNH', 'UNP', 'UPS', 'USB', 'V', 'VNQ', 'VZ', 'WFC', 'WMT', 'XOM']: 429 Client Error: Too Many Requests for url: https://query1.finance.yahoo.com/v7/finance/quote?symbols=AAPL%2CABBV%2CABT%2CACN%2CADBE%2CAIG%2CAMD%2CAMGN%2CAMT%2CAMZN%2CAVGO%2CAXP%2CBA%2CBAC%2CBKNG%2CBLK%2CBMY%2CBRK-B%2CC%2CCAT%2CCHTR%2CCL%2CCMCSA%2CCOF%2CCOP%2CCOST%2CCRM%2CCSCO%2CCVS%2CCVX%2CDBC%2CDE%2CDHR%2CDIS%2CDOW%2CDUK%2CEEM%2CEFA%2CEMR%2CF%2CFDX%2CGD%2CGE%2CGILD%2CGLD%2CGM%2CGOOG%2CGOOGL%2CGS%2CHD%2CHON%2CIBM%2CIEF%2CINTC%2CINTU%2CISRG%2CIWM%2CJNJ%2CJPM%2CKHC%2CKMI%2CKO%2CLIN%2CLLY%2CLMT%2CLOW%2CMA%2CMCD%2CMDLZ%2CMDT%2CMET%2CMETA%2CMMM%2CMO%2CMRK%2CMS%2CMSFT%2CNEE%2CNFLX%2CNKE%2CNVDA%2CORCL%2CPEP%2CPFE%2CPG%2CPM%2CPYPL%2CQCOM%2CQQQ%2CRTX%2CSBUX%2CSCHW%2CSO%2CSPG%2CSPY%2CT%2CTGT%2CTJX%2CTMO%2CTMUS%2CTSLA%2CTXN%2CUNH%2CUNP%2CUPS%2CUSB%2CV%2CVNQ%2CVZ%2CWFC%2CWMT%2CXOM (http_status=429, extrait_reponse='Too Many Requests\r\n')
2026-08-24 20:15:14,098 INFO bot.feeds.equities: repli yfinance pour 112/112 symbole(s) sans quote v7 (['AAPL', 'ABBV', 'ABT', 'ACN', 'ADBE', 'AIG', 'AMD', 'AMGN', 'AMT', 'AMZN', 'AVGO', 'AXP', 'BA', 'BAC', 'BKNG', 'BLK', 'BMY', 'BRK.B', 'C', 'CAT', 'CHTR', 'CL', 'CMCSA', 'COF', 'COP', 'COST', 'CRM', 'CSCO', 'CVS', 'CVX', 'DBC', 'DE', 'DHR', 'DIS', 'DOW', 'DUK', 'EEM', 'EFA', 'EMR', 'F', 'FDX', 'GD', 'GE', 'GILD', 'GLD', 'GM', 'GOOG', 'GOOGL', 'GS', 'HD', 'HON', 'IBM', 'IEF', 'INTC', 'INTU', 'ISRG', 'IWM', 'JNJ', 'JPM', 'KHC', 'KMI', 'KO', 'LIN', 'LLY', 'LMT', 'LOW', 'MA', 'MCD', 'MDLZ', 'MDT', 'MET', 'META', 'MMM', 'MO', 'MRK', 'MS', 'MSFT', 'NEE', 'NFLX', 'NKE', 'NVDA', 'ORCL', 'PEP', 'PFE', 'PG', 'PM', 'PYPL', 'QCOM', 'QQQ', 'RTX', 'SBUX', 'SCHW', 'SO', 'SPG', 'SPY', 'T', 'TGT', 'TJX', 'TMO', 'TMUS', 'TSLA', 'TXN', 'UNH', 'UNP', 'UPS', 'USB', 'V', 'VNQ', 'VZ', 'WFC', 'WMT', 'XOM'])
2026-08-24 20:15:30,668 INFO bot.feeds.equities: quote différée pour AAPL (991s, seuil temps réel 300s, source=yfinance_synthetic_spread) — utilisée quand même (seuil de fraîcheur actions/ETF 1500s), marquée delayed=true
2026-08-24 20:15:30,668 INFO bot.feeds.equities: quote différée pour ABBV (991s, seuil temps réel 300s, source=yfinance_synthetic_spread) — utilisée quand même (seuil de fraîcheur actions/ETF 1500s), marquée delayed=true
2026-08-24 20:15:30,668 INFO bot.feeds.equities: quote différée pour ABT (991s, seuil temps réel 300s, source=yfinance_synthetic_spread) — utilisée quand même (seuil de fraîcheur actions/ETF 1500s), marquée delayed=true
2026-08-24 20:15:30,668 INFO bot.feeds.equities: quote différée pour ACN (991s, seuil temps réel 300s, source=yfinance_synthetic_spread) — utilisée quand même (seuil de fraîcheur actions/ETF 1500s), marquée delayed=true
2026-08-24 20:15:30,668 INFO bot.feeds.equities: quote différée pour ADBE (991s, seuil temps réel 300s, source=yfinance_synthetic_spread) — utilisée quand même (seuil de fraîcheur actions/ETF 1500s), marquée delayed=true
2026-08-24 20:15:30,668 INFO bot.feeds.equities: quote différée pour AIG (991s, seuil temps réel 300s, source=yfinance_synthetic_spread) — utilisée quand même (seuil de fraîcheur actions/ETF 1500s), marquée delayed=true
2026-08-24 20:15:30,668 INFO bot.feeds.equities: quote différée pour AMD (991s, seuil temps réel 300s, source=yfinance_synthetic_spread) — utilisée quand même (seuil de fraîcheur actions/ETF 1500s), marquée delayed=true
2026-08-24 20:15:30,668 INFO bot.feeds.equities: quote différée pour AMGN (991s, seuil temps réel 300s, source=yfinance_synthetic_spread) — utilisée quand même (seuil de fraîcheur actions/ETF 1500s), marquée delayed=true
2026-08-24 20:15:30,668 INFO bot.feeds.equities: quote différée pour AMT (991s, seuil temps réel 300s, source=yfinance_synthetic_spread) — utilisée quand même (seuil de fraîcheur actions/ETF 1500s), marquée delayed=true
2026-08-24 20:15:30,668 INFO bot.feeds.equities: quote différée pour AMZN (991s, seuil temps réel 300s, source=yfinance_synthetic_spread) — utilisée quand même (seuil de fraîcheur actions/ETF 1500s), marquée delayed=true
2026-08-24 20:15:30,668 INFO bot.feeds.equities: quote différée pour AVGO (991s, seuil temps réel 300s, source=yfinance_synthetic_spread) — utilisée quand même (seuil de fraîcheur actions/ETF 1500s), marquée delayed=true
2026-08-24 20:15:30,668 INFO bot.feeds.equities: quote différée pour AXP (991s, seuil temps réel 300s, source=yfinance_synthetic_spread) — utilisée quand même (seuil de fraîcheur actions/ETF 1500s), marquée delayed=true
2026-08-24 20:15:30,668 INFO bot.feeds.equities: quote différée pour BA (991s, seuil temps réel 300s, source=yfinance_synthetic_spread) — utilisée quand même (seuil de fraîcheur actions/ETF 1500s), marquée delayed=true
2026-08-24 20:15:30,669 INFO bot.feeds.equities: quote différée pour BAC (991s, seuil temps réel 300s, source=yfinance_synthetic_spread) — utilisée quand même (seuil de fraîcheur actions/ETF 1500s), marquée delayed=true
2026-08-24 20:15:30,669 INFO bot.feeds.equities: quote différée pour BKNG (991s, seuil temps réel 300s, source=yfinance_synthetic_spread) — utilisée quand même (seuil de fraîcheur actions/ETF 1500s), marquée delayed=true
2026-08-24 20:15:30,669 INFO bot.feeds.equities: quote différée pour BLK (991s, seuil temps réel 300s, source=yfinance_synthetic_spread) — utilisée quand même (seuil de fraîcheur actions/ETF 1500s), marquée delayed=true
2026-08-24 20:15:30,669 INFO bot.feeds.equities: quote différée pour BMY (991s, seuil temps réel 300s, source=yfinance_synthetic_spread) — utilisée quand même (seuil de fraîcheur actions/ETF 1500s), marquée delayed=true
2026-08-24 20:15:30,669 INFO bot.feeds.equities: quote différée pour BRK.B (991s, seuil temps réel 300s, source=yfinance_synthetic_spread) — utilisée quand même (seuil de fraîcheur actions/ETF 1500s), marquée delayed=true
2026-08-24 20:15:30,669 INFO bot.feeds.equities: quote différée pour C (991s, seuil temps réel 300s, source=yfinance_synthetic_spread) — utilisée quand même (seuil de fraîcheur actions/ETF 1500s), marquée delayed=true
2026-08-24 20:15:30,669 INFO bot.feeds.equities: quote différée pour CAT (991s, seuil temps réel 300s, source=yfinance_synthetic_spread) — utilisée quand même (seuil de fraîcheur actions/ETF 1500s), marquée delayed=true
2026-08-24 20:15:30,669 INFO bot.feeds.equities: quote différée pour CHTR (991s, seuil temps réel 300s, source=yfinance_synthetic_spread) — utilisée quand même (seuil de fraîcheur actions/ETF 1500s), marquée delayed=true
2026-08-24 20:15:30,669 INFO bot.feeds.equities: quote différée pour CL (991s, seuil temps réel 300s, source=yfinance_synthetic_spread) — utilisée quand même (seuil de fraîcheur actions/ETF 1500s), marquée delayed=true
2026-08-24 20:15:30,669 INFO bot.feeds.equities: quote différée pour CMCSA (991s, seuil temps réel 300s, source=yfinance_synthetic_spread) — utilisée quand même (seuil de fraîcheur actions/ETF 1500s), marquée delayed=true
2026-08-24 20:15:30,669 INFO bot.feeds.equities: quote différée pour COF (991s, seuil temps réel 300s, source=yfinance_synthetic_spread) — utilisée quand même (seuil de fraîcheur actions/ETF 1500s), marquée delayed=true
2026-08-24 20:15:30,669 INFO bot.feeds.equities: quote différée pour COP (991s, seuil temps réel 300s, source=yfinance_synthetic_spread) — utilisée quand même (seuil de fraîcheur actions/ETF 1500s), marquée delayed=true
2026-08-24 20:15:30,669 INFO bot.feeds.equities: quote différée pour COST (991s, seuil temps réel 300s, source=yfinance_synthetic_spread) — utilisée quand même (seuil de fraîcheur actions/ETF 1500s), marquée delayed=true
2026-08-24 20:15:30,669 INFO bot.feeds.equities: quote différée pour CRM (991s, seuil temps réel 300s, source=yfinance_synthetic_spread) — utilisée quand même (seuil de fraîcheur actions/ETF 1500s), marquée delayed=true
2026-08-24 20:15:30,669 INFO bot.feeds.equities: quote différée pour CSCO (991s, seuil temps réel 300s, source=yfinance_synthetic_spread) — utilisée quand même (seuil de fraîcheur actions/ETF 1500s), marquée delayed=true
2026-08-24 20:15:30,669 INFO bot.feeds.equities: quote différée pour CVS (991s, seuil temps réel 300s, source=yfinance_synthetic_spread) — utilisée quand même (seuil de fraîcheur actions/ETF 1500s), marquée delayed=true
2026-08-24 20:15:30,670 INFO bot.feeds.equities: quote différée pour CVX (991s, seuil temps réel 300s, source=yfinance_synthetic_spread) — utilisée quand même (seuil de fraîcheur actions/ETF 1500s), marquée delayed=true
2026-08-24 20:15:30,670 INFO bot.feeds.equities: quote différée pour DBC (991s, seuil temps réel 300s, source=yfinance_synthetic_spread) — utilisée quand même (seuil de fraîcheur actions/ETF 1500s), marquée delayed=true
2026-08-24 20:15:30,670 INFO bot.feeds.equities: quote différée pour DE (991s, seuil temps réel 300s, source=yfinance_synthetic_spread) — utilisée quand même (seuil de fraîcheur actions/ETF 1500s), marquée delayed=true
2026-08-24 20:15:30,670 INFO bot.feeds.equities: quote différée pour DHR (991s, seuil temps réel 300s, source=yfinance_synthetic_spread) — utilisée quand même (seuil de fraîcheur actions/ETF 1500s), marquée delayed=true
2026-08-24 20:15:30,670 INFO bot.feeds.equities: quote différée pour DIS (991s, seuil temps réel 300s, source=yfinance_synthetic_spread) — utilisée quand même (seuil de fraîcheur actions/ETF 1500s), marquée delayed=true
2026-08-24 20:15:30,670 INFO bot.feeds.equities: quote différée pour DOW (991s, seuil temps réel 300s, source=yfinance_synthetic_spread) — utilisée quand même (seuil de fraîcheur actions/ETF 1500s), marquée delayed=true
2026-08-24 20:15:30,670 INFO bot.feeds.equities: quote différée pour DUK (991s, seuil temps réel 300s, source=yfinance_synthetic_spread) — utilisée quand même (seuil de fraîcheur actions/ETF 1500s), marquée delayed=true
2026-08-24 20:15:30,670 INFO bot.feeds.equities: quote différée pour EEM (991s, seuil temps réel 300s, source=yfinance_synthetic_spread) — utilisée quand même (seuil de fraîcheur actions/ETF 1500s), marquée delayed=true
2026-08-24 20:15:30,670 INFO bot.feeds.equities: quote différée pour EFA (991s, seuil temps réel 300s, source=yfinance_synthetic_spread) — utilisée quand même (seuil de fraîcheur actions/ETF 1500s), marquée delayed=true
2026-08-24 20:15:30,670 INFO bot.feeds.equities: quote différée pour EMR (991s, seuil temps réel 300s, source=yfinance_synthetic_spread) — utilisée quand même (seuil de fraîcheur actions/ETF 1500s), marquée delayed=true
2026-08-24 20:15:30,670 INFO bot.feeds.equities: quote différée pour F (991s, seuil temps réel 300s, source=yfinance_synthetic_spread) — utilisée quand même (seuil de fraîcheur actions/ETF 1500s), marquée delayed=true
2026-08-24 20:15:30,670 INFO bot.feeds.equities: quote différée pour FDX (991s, seuil temps réel 300s, source=yfinance_synthetic_spread) — utilisée quand même (seuil de fraîcheur actions/ETF 1500s), marquée delayed=true
2026-08-24 20:15:30,670 INFO bot.feeds.equities: quote différée pour GD (991s, seuil temps réel 300s, source=yfinance_synthetic_spread) — utilisée quand même (seuil de fraîcheur actions/ETF 1500s), marquée delayed=true
2026-08-24 20:15:30,670 INFO bot.feeds.equities: quote différée pour GE (991s, seuil temps réel 300s, source=yfinance_synthetic_spread) — utilisée quand même (seuil de fraîcheur actions/ETF 1500s), marquée delayed=true
2026-08-24 20:15:30,670 INFO bot.feeds.equities: quote différée pour GILD (991s, seuil temps réel 300s, source=yfinance_synthetic_spread) — utilisée quand même (seuil de fraîcheur actions/ETF 1500s), marquée delayed=true
2026-08-24 20:15:30,670 INFO bot.feeds.equities: quote différée pour GLD (991s, seuil temps réel 300s, source=yfinance_synthetic_spread) — utilisée quand même (seuil de fraîcheur actions/ETF 1500s), marquée delayed=true
2026-08-24 20:15:30,670 INFO bot.feeds.equities: quote différée pour GM (991s, seuil temps réel 300s, source=yfinance_synthetic_spread) — utilisée quand même (seuil de fraîcheur actions/ETF 1500s), marquée delayed=true
2026-08-24 20:15:30,670 INFO bot.feeds.equities: quote différée pour GOOG (991s, seuil temps réel 300s, source=yfinance_synthetic_spread) — utilisée quand même (seuil de fraîcheur actions/ETF 1500s), marquée delayed=true
2026-08-24 20:15:30,670 INFO bot.feeds.equities: quote différée pour GOOGL (991s, seuil temps réel 300s, source=yfinance_synthetic_spread) — utilisée quand même (seuil de fraîcheur actions/ETF 1500s), marquée delayed=true
2026-08-24 20:15:30,670 INFO bot.feeds.equities: quote différée pour GS (991s, seuil temps réel 300s, source=yfinance_synthetic_spread) — utilisée quand même (seuil de fraîcheur actions/ETF 1500s), marquée delayed=true
2026-08-24 20:15:30,670 INFO bot.feeds.equities: quote différée pour HD (991s, seuil temps réel 300s, source=yfinance_synthetic_spread) — utilisée quand même (seuil de fraîcheur actions/ETF 1500s), marquée delayed=true
2026-08-24 20:15:30,671 INFO bot.feeds.equities: quote différée pour HON (991s, seuil temps réel 300s, source=yfinance_synthetic_spread) — utilisée quand même (seuil de fraîcheur actions/ETF 1500s), marquée delayed=true
2026-08-24 20:15:30,671 INFO bot.feeds.equities: quote différée pour IBM (991s, seuil temps réel 300s, source=yfinance_synthetic_spread) — utilisée quand même (seuil de fraîcheur actions/ETF 1500s), marquée delayed=true
2026-08-24 20:15:30,671 INFO bot.feeds.equities: quote différée pour IEF (991s, seuil temps réel 300s, source=yfinance_synthetic_spread) — utilisée quand même (seuil de fraîcheur actions/ETF 1500s), marquée delayed=true
2026-08-24 20:15:30,671 INFO bot.feeds.equities: quote différée pour INTC (991s, seuil temps réel 300s, source=yfinance_synthetic_spread) — utilisée quand même (seuil de fraîcheur actions/ETF 1500s), marquée delayed=true
2026-08-24 20:15:30,671 INFO bot.feeds.equities: quote différée pour INTU (991s, seuil temps réel 300s, source=yfinance_synthetic_spread) — utilisée quand même (seuil de fraîcheur actions/ETF 1500s), marquée delayed=true
2026-08-24 20:15:30,671 INFO bot.feeds.equities: quote différée pour ISRG (991s, seuil temps réel 300s, source=yfinance_synthetic_spread) — utilisée quand même (seuil de fraîcheur actions/ETF 1500s), marquée delayed=true
2026-08-24 20:15:30,671 INFO bot.feeds.equities: quote différée pour IWM (991s, seuil temps réel 300s, source=yfinance_synthetic_spread) — utilisée quand même (seuil de fraîcheur actions/ETF 1500s), marquée delayed=true
2026-08-24 20:15:30,671 INFO bot.feeds.equities: quote différée pour JNJ (991s, seuil temps réel 300s, source=yfinance_synthetic_spread) — utilisée quand même (seuil de fraîcheur actions/ETF 1500s), marquée delayed=true
2026-08-24 20:15:30,671 INFO bot.feeds.equities: quote différée pour JPM (991s, seuil temps réel 300s, source=yfinance_synthetic_spread) — utilisée quand même (seuil de fraîcheur actions/ETF 1500s), marquée delayed=true
2026-08-24 20:15:30,671 INFO bot.feeds.equities: quote différée pour KHC (991s, seuil temps réel 300s, source=yfinance_synthetic_spread) — utilisée quand même (seuil de fraîcheur actions/ETF 1500s), marquée delayed=true
2026-08-24 20:15:30,671 INFO bot.feeds.equities: quote différée pour KMI (991s, seuil temps réel 300s, source=yfinance_synthetic_spread) — utilisée quand même (seuil de fraîcheur actions/ETF 1500s), marquée delayed=true
2026-08-24 20:15:30,671 INFO bot.feeds.equities: quote différée pour KO (991s, seuil temps réel 300s, source=yfinance_synthetic_spread) — utilisée quand même (seuil de fraîcheur actions/ETF 1500s), marquée delayed=true
2026-08-24 20:15:30,671 INFO bot.feeds.equities: quote différée pour LIN (991s, seuil temps réel 300s, source=yfinance_synthetic_spread) — utilisée quand même (seuil de fraîcheur actions/ETF 1500s), marquée delayed=true
2026-08-24 20:15:30,671 INFO bot.feeds.equities: quote différée pour LLY (991s, seuil temps réel 300s, source=yfinance_synthetic_spread) — utilisée quand même (seuil de fraîcheur actions/ETF 1500s), marquée delayed=true
2026-08-24 20:15:30,671 INFO bot.feeds.equities: quote différée pour LMT (991s, seuil temps réel 300s, source=yfinance_synthetic_spread) — utilisée quand même (seuil de fraîcheur actions/ETF 1500s), marquée delayed=true
2026-08-24 20:15:30,671 INFO bot.feeds.equities: quote différée pour LOW (991s, seuil temps réel 300s, source=yfinance_synthetic_spread) — utilisée quand même (seuil de fraîcheur actions/ETF 1500s), marquée delayed=true
2026-08-24 20:15:30,671 INFO bot.feeds.equities: quote différée pour MA (991s, seuil temps réel 300s, source=yfinance_synthetic_spread) — utilisée quand même (seuil de fraîcheur actions/ETF 1500s), marquée delayed=true
2026-08-24 20:15:30,671 INFO bot.feeds.equities: quote différée pour MCD (991s, seuil temps réel 300s, source=yfinance_synthetic_spread) — utilisée quand même (seuil de fraîcheur actions/ETF 1500s), marquée delayed=true
2026-08-24 20:15:30,671 INFO bot.feeds.equities: quote différée pour MDLZ (991s, seuil temps réel 300s, source=yfinance_synthetic_spread) — utilisée quand même (seuil de fraîcheur actions/ETF 1500s), marquée delayed=true
2026-08-24 20:15:30,671 INFO bot.feeds.equities: quote différée pour MDT (991s, seuil temps réel 300s, source=yfinance_synthetic_spread) — utilisée quand même (seuil de fraîcheur actions/ETF 1500s), marquée delayed=true
2026-08-24 20:15:30,671 INFO bot.feeds.equities: quote différée pour MET (991s, seuil temps réel 300s, source=yfinance_synthetic_spread) — utilisée quand même (seuil de fraîcheur actions/ETF 1500s), marquée delayed=true
2026-08-24 20:15:30,671 INFO bot.feeds.equities: quote différée pour META (991s, seuil temps réel 300s, source=yfinance_synthetic_spread) — utilisée quand même (seuil de fraîcheur actions/ETF 1500s), marquée delayed=true
2026-08-24 20:15:30,671 INFO bot.feeds.equities: quote différée pour MMM (991s, seuil temps réel 300s, source=yfinance_synthetic_spread) — utilisée quand même (seuil de fraîcheur actions/ETF 1500s), marquée delayed=true
2026-08-24 20:15:30,671 INFO bot.feeds.equities: quote différée pour MO (991s, seuil temps réel 300s, source=yfinance_synthetic_spread) — utilisée quand même (seuil de fraîcheur actions/ETF 1500s), marquée delayed=true
2026-08-24 20:15:30,671 INFO bot.feeds.equities: quote différée pour MRK (991s, seuil temps réel 300s, source=yfinance_synthetic_spread) — utilisée quand même (seuil de fraîcheur actions/ETF 1500s), marquée delayed=true
2026-08-24 20:15:30,671 INFO bot.feeds.equities: quote différée pour MS (991s, seuil temps réel 300s, source=yfinance_synthetic_spread) — utilisée quand même (seuil de fraîcheur actions/ETF 1500s), marquée delayed=true
2026-08-24 20:15:30,671 INFO bot.feeds.equities: quote différée pour MSFT (991s, seuil temps réel 300s, source=yfinance_synthetic_spread) — utilisée quand même (seuil de fraîcheur actions/ETF 1500s), marquée delayed=true
2026-08-24 20:15:30,672 INFO bot.feeds.equities: quote différée pour NEE (991s, seuil temps réel 300s, source=yfinance_synthetic_spread) — utilisée quand même (seuil de fraîcheur actions/ETF 1500s), marquée delayed=true
2026-08-24 20:15:30,672 INFO bot.feeds.equities: quote différée pour NFLX (991s, seuil temps réel 300s, source=yfinance_synthetic_spread) — utilisée quand même (seuil de fraîcheur actions/ETF 1500s), marquée delayed=true
2026-08-24 20:15:30,672 INFO bot.feeds.equities: quote différée pour NKE (991s, seuil temps réel 300s, source=yfinance_synthetic_spread) — utilisée quand même (seuil de fraîcheur actions/ETF 1500s), marquée delayed=true
2026-08-24 20:15:30,672 INFO bot.feeds.equities: quote différée pour NVDA (991s, seuil temps réel 300s, source=yfinance_synthetic_spread) — utilisée quand même (seuil de fraîcheur actions/ETF 1500s), marquée delayed=true
2026-08-24 20:15:30,672 INFO bot.feeds.equities: quote différée pour ORCL (991s, seuil temps réel 300s, source=yfinance_synthetic_spread) — utilisée quand même (seuil de fraîcheur actions/ETF 1500s), marquée delayed=true
2026-08-24 20:15:30,672 INFO bot.feeds.equities: quote différée pour PEP (991s, seuil temps réel 300s, source=yfinance_synthetic_spread) — utilisée quand même (seuil de fraîcheur actions/ETF 1500s), marquée delayed=true
2026-08-24 20:15:30,672 INFO bot.feeds.equities: quote différée pour PFE (991s, seuil temps réel 300s, source=yfinance_synthetic_spread) — utilisée quand même (seuil de fraîcheur actions/ETF 1500s), marquée delayed=true
2026-08-24 20:15:30,672 INFO bot.feeds.equities: quote différée pour PG (991s, seuil temps réel 300s, source=yfinance_synthetic_spread) — utilisée quand même (seuil de fraîcheur actions/ETF 1500s), marquée delayed=true
2026-08-24 20:15:30,672 INFO bot.feeds.equities: quote différée pour PM (991s, seuil temps réel 300s, source=yfinance_synthetic_spread) — utilisée quand même (seuil de fraîcheur actions/ETF 1500s), marquée delayed=true
2026-08-24 20:15:30,672 INFO bot.feeds.equities: quote différée pour PYPL (991s, seuil temps réel 300s, source=yfinance_synthetic_spread) — utilisée quand même (seuil de fraîcheur actions/ETF 1500s), marquée delayed=true
2026-08-24 20:15:30,672 INFO bot.feeds.equities: quote différée pour QCOM (991s, seuil temps réel 300s, source=yfinance_synthetic_spread) — utilisée quand même (seuil de fraîcheur actions/ETF 1500s), marquée delayed=true
2026-08-24 20:15:30,672 INFO bot.feeds.equities: quote différée pour QQQ (991s, seuil temps réel 300s, source=yfinance_synthetic_spread) — utilisée quand même (seuil de fraîcheur actions/ETF 1500s), marquée delayed=true
2026-08-24 20:15:30,672 INFO bot.feeds.equities: quote différée pour RTX (991s, seuil temps réel 300s, source=yfinance_synthetic_spread) — utilisée quand même (seuil de fraîcheur actions/ETF 1500s), marquée delayed=true
2026-08-24 20:15:30,672 INFO bot.feeds.equities: quote différée pour SBUX (991s, seuil temps réel 300s, source=yfinance_synthetic_spread) — utilisée quand même (seuil de fraîcheur actions/ETF 1500s), marquée delayed=true
2026-08-24 20:15:30,672 INFO bot.feeds.equities: quote différée pour SCHW (991s, seuil temps réel 300s, source=yfinance_synthetic_spread) — utilisée quand même (seuil de fraîcheur actions/ETF 1500s), marquée delayed=true
2026-08-24 20:15:30,672 INFO bot.feeds.equities: quote différée pour SO (991s, seuil temps réel 300s, source=yfinance_synthetic_spread) — utilisée quand même (seuil de fraîcheur actions/ETF 1500s), marquée delayed=true
2026-08-24 20:15:30,672 INFO bot.feeds.equities: quote différée pour SPG (991s, seuil temps réel 300s, source=yfinance_synthetic_spread) — utilisée quand même (seuil de fraîcheur actions/ETF 1500s), marquée delayed=true
2026-08-24 20:15:30,672 INFO bot.feeds.equities: quote différée pour SPY (991s, seuil temps réel 300s, source=yfinance_synthetic_spread) — utilisée quand même (seuil de fraîcheur actions/ETF 1500s), marquée delayed=true
2026-08-24 20:15:30,672 INFO bot.feeds.equities: quote différée pour T (991s, seuil temps réel 300s, source=yfinance_synthetic_spread) — utilisée quand même (seuil de fraîcheur actions/ETF 1500s), marquée delayed=true
2026-08-24 20:15:30,672 INFO bot.feeds.equities: quote différée pour TGT (991s, seuil temps réel 300s, source=yfinance_synthetic_spread) — utilisée quand même (seuil de fraîcheur actions/ETF 1500s), marquée delayed=true
2026-08-24 20:15:30,672 INFO bot.feeds.equities: quote différée pour TJX (991s, seuil temps réel 300s, source=yfinance_synthetic_spread) — utilisée quand même (seuil de fraîcheur actions/ETF 1500s), marquée delayed=true
2026-08-24 20:15:30,672 INFO bot.feeds.equities: quote différée pour TMO (991s, seuil temps réel 300s, source=yfinance_synthetic_spread) — utilisée quand même (seuil de fraîcheur actions/ETF 1500s), marquée delayed=true
2026-08-24 20:15:30,672 INFO bot.feeds.equities: quote différée pour TMUS (991s, seuil temps réel 300s, source=yfinance_synthetic_spread) — utilisée quand même (seuil de fraîcheur actions/ETF 1500s), marquée delayed=true
2026-08-24 20:15:30,672 INFO bot.feeds.equities: quote différée pour TSLA (991s, seuil temps réel 300s, source=yfinance_synthetic_spread) — utilisée quand même (seuil de fraîcheur actions/ETF 1500s), marquée delayed=true
2026-08-24 20:15:30,673 INFO bot.feeds.equities: quote différée pour TXN (991s, seuil temps réel 300s, source=yfinance_synthetic_spread) — utilisée quand même (seuil de fraîcheur actions/ETF 1500s), marquée delayed=true
2026-08-24 20:15:30,673 INFO bot.feeds.equities: quote différée pour UNH (991s, seuil temps réel 300s, source=yfinance_synthetic_spread) — utilisée quand même (seuil de fraîcheur actions/ETF 1500s), marquée delayed=true
2026-08-24 20:15:30,673 INFO bot.feeds.equities: quote différée pour UNP (991s, seuil temps réel 300s, source=yfinance_synthetic_spread) — utilisée quand même (seuil de fraîcheur actions/ETF 1500s), marquée delayed=true
2026-08-24 20:15:30,673 INFO bot.feeds.equities: quote différée pour UPS (991s, seuil temps réel 300s, source=yfinance_synthetic_spread) — utilisée quand même (seuil de fraîcheur actions/ETF 1500s), marquée delayed=true
2026-08-24 20:15:30,673 INFO bot.feeds.equities: quote différée pour USB (991s, seuil temps réel 300s, source=yfinance_synthetic_spread) — utilisée quand même (seuil de fraîcheur actions/ETF 1500s), marquée delayed=true
2026-08-24 20:15:30,673 INFO bot.feeds.equities: quote différée pour V (991s, seuil temps réel 300s, source=yfinance_synthetic_spread) — utilisée quand même (seuil de fraîcheur actions/ETF 1500s), marquée delayed=true
2026-08-24 20:15:30,673 INFO bot.feeds.equities: quote différée pour VNQ (991s, seuil temps réel 300s, source=yfinance_synthetic_spread) — utilisée quand même (seuil de fraîcheur actions/ETF 1500s), marquée delayed=true
2026-08-24 20:15:30,673 INFO bot.feeds.equities: quote différée pour VZ (991s, seuil temps réel 300s, source=yfinance_synthetic_spread) — utilisée quand même (seuil de fraîcheur actions/ETF 1500s), marquée delayed=true
2026-08-24 20:15:30,673 INFO bot.feeds.equities: quote différée pour WFC (991s, seuil temps réel 300s, source=yfinance_synthetic_spread) — utilisée quand même (seuil de fraîcheur actions/ETF 1500s), marquée delayed=true
2026-08-24 20:15:30,673 INFO bot.feeds.equities: quote différée pour WMT (991s, seuil temps réel 300s, source=yfinance_synthetic_spread) — utilisée quand même (seuil de fraîcheur actions/ETF 1500s), marquée delayed=true
2026-08-24 20:15:30,673 INFO bot.feeds.equities: quote différée pour XOM (991s, seuil temps réel 300s, source=yfinance_synthetic_spread) — utilisée quand même (seuil de fraîcheur actions/ETF 1500s), marquée delayed=true
2026-08-24 20:15:30,828 WARNING bot.feeds.crypto: binance klines échec pour AVAXUSDT: 451 Client Error:  for url: https://api.binance.com/api/v3/klines?symbol=AVAXUSDT&interval=1h&limit=305
2026-08-24 20:15:31,017 WARNING bot.feeds.crypto: binance klines échec pour BNBUSDT: 451 Client Error:  for url: https://api.binance.com/api/v3/klines?symbol=BNBUSDT&interval=1h&limit=305
2026-08-24 20:15:31,112 WARNING bot.runner: historique indisponible pour BNB: crypto BNB: seulement 300/4848 bougies obtenues (réseau plafonné à 300h + repli cache disque journalier épuisés)
2026-08-24 20:15:31,125 WARNING bot.feeds.crypto: binance klines échec pour BTCUSDT: 451 Client Error:  for url: https://api.binance.com/api/v3/klines?symbol=BTCUSDT&interval=1h&limit=305
2026-08-24 20:15:31,225 WARNING bot.feeds.crypto: binance klines échec pour DOGEUSDT: 451 Client Error:  for url: https://api.binance.com/api/v3/klines?symbol=DOGEUSDT&interval=1h&limit=305
2026-08-24 20:15:31,359 WARNING bot.feeds.crypto: binance klines échec pour ETHUSDT: 451 Client Error:  for url: https://api.binance.com/api/v3/klines?symbol=ETHUSDT&interval=1h&limit=305
2026-08-24 20:15:31,513 WARNING bot.feeds.crypto: binance klines échec pour FILUSDT: 451 Client Error:  for url: https://api.binance.com/api/v3/klines?symbol=FILUSDT&interval=1h&limit=305
2026-08-24 20:15:31,704 WARNING bot.feeds.crypto: binance klines échec pour HBARUSDT: 451 Client Error:  for url: https://api.binance.com/api/v3/klines?symbol=HBARUSDT&interval=1h&limit=305
2026-08-24 20:15:31,825 WARNING bot.feeds.crypto: binance klines échec pour ICPUSDT: 451 Client Error:  for url: https://api.binance.com/api/v3/klines?symbol=ICPUSDT&interval=1h&limit=305
2026-08-24 20:15:31,947 WARNING bot.feeds.crypto: binance klines échec pour LINKUSDT: 451 Client Error:  for url: https://api.binance.com/api/v3/klines?symbol=LINKUSDT&interval=1h&limit=305
2026-08-24 20:15:32,073 WARNING bot.feeds.crypto: binance klines échec pour OPUSDT: 451 Client Error:  for url: https://api.binance.com/api/v3/klines?symbol=OPUSDT&interval=1h&limit=305
2026-08-24 20:15:32,290 WARNING bot.feeds.crypto: binance klines échec pour SOLUSDT: 451 Client Error:  for url: https://api.binance.com/api/v3/klines?symbol=SOLUSDT&interval=1h&limit=305
2026-08-24 20:15:32,477 WARNING bot.feeds.crypto: binance klines échec pour UNIUSDT: 451 Client Error:  for url: https://api.binance.com/api/v3/klines?symbol=UNIUSDT&interval=1h&limit=305
2026-08-24 20:15:32,597 WARNING bot.feeds.crypto: binance klines échec pour XLMUSDT: 451 Client Error:  for url: https://api.binance.com/api/v3/klines?symbol=XLMUSDT&interval=1h&limit=305
2026-08-24 20:15:32,731 WARNING bot.feeds.crypto: binance klines échec pour XRPUSDT: 451 Client Error:  for url: https://api.binance.com/api/v3/klines?symbol=XRPUSDT&interval=1h&limit=305
2026-08-24 20:15:32,837 INFO bot.runner: TIMING phase=feeds_crypto durée=19.8s
2026-08-24 20:15:33,412 INFO bot.feeds.daily: cache disque data-cache (généré=2026-08-23T21:46:01.497050+00:00) : 112/112 symbole(s) servis sans appel réseau
2026-08-24 20:15:33,421 INFO bot.runner: TIMING phase=feeds_equities durée=0.6s
2026-08-24 20:15:33,865 INFO bot.runner: TIMING phase=strategies_execution durée=0.2s
2026-08-24 20:15:44,081 INFO bot.runner: TIMING phase=git_sync durée=10.2s
2026-08-24 20:15:44,081 INFO bot.runner: TIMING résumé cycle : feeds_crypto=19.8s feeds_equities=0.6s strategies_execution=0.2s git_sync=10.2s total=33.2s
2026-08-24 20:15:44,081 INFO bot.runner: git_sync SUCCESS — cycle 2026-08-24T20 terminé (🛡️ 1013€ | ⚖️ 1008€ | 🔥 967€ | 🧪 977€).
