== Cycle bot (job.status=success) ==
date_utc: 2026-08-20T20:13:06+00:00
run_id_attendu: 2026-08-20T20
sha_main: 75fa6df6d47f1f6b2775fd87c8cd91cd2a59a336
github_run_id: 32412741739
github_run_attempt: 1
github_run_number: 619
workflow: Bot cycle
event: schedule
==========================
2026-08-20 20:12:31,897 INFO bot.runner: Démarrage du cycle multi-wallets run_id=2026-08-20T20 (['prudent', 'equilibre', 'agressif', 'labo'])
2026-08-20 20:12:31,916 WARNING bot.runner: trou(s) détecté(s) dans equity.jsonl (tous wallets) sur les dernières 24h : ['2026-08-20T00']
2026-08-20 20:12:33,320 WARNING bot.feeds.equities: yahoo v7 quote échec pour ['AAPL', 'ABBV', 'ABT', 'ACN', 'ADBE', 'AIG', 'AMD', 'AMGN', 'AMT', 'AMZN', 'AVGO', 'AXP', 'BA', 'BAC', 'BKNG', 'BLK', 'BMY', 'BRK.B', 'C', 'CAT', 'CHTR', 'CL', 'CMCSA', 'COF', 'COP', 'COST', 'CRM', 'CSCO', 'CVS', 'CVX', 'DBC', 'DE', 'DHR', 'DIS', 'DOW', 'DUK', 'EEM', 'EFA', 'EMR', 'F', 'FDX', 'GD', 'GE', 'GILD', 'GLD', 'GM', 'GOOG', 'GOOGL', 'GS', 'HD', 'HON', 'IBM', 'IEF', 'INTC', 'INTU', 'ISRG', 'IWM', 'JNJ', 'JPM', 'KHC', 'KMI', 'KO', 'LIN', 'LLY', 'LMT', 'LOW', 'MA', 'MCD', 'MDLZ', 'MDT', 'MET', 'META', 'MMM', 'MO', 'MRK', 'MS', 'MSFT', 'NEE', 'NFLX', 'NKE', 'NVDA', 'ORCL', 'PEP', 'PFE', 'PG', 'PM', 'PYPL', 'QCOM', 'QQQ', 'RTX', 'SBUX', 'SCHW', 'SO', 'SPG', 'SPY', 'T', 'TGT', 'TJX', 'TMO', 'TMUS', 'TSLA', 'TXN', 'UNH', 'UNP', 'UPS', 'USB', 'V', 'VNQ', 'VZ', 'WFC', 'WMT', 'XOM']: 429 Client Error: Too Many Requests for url: https://query1.finance.yahoo.com/v7/finance/quote?symbols=AAPL%2CABBV%2CABT%2CACN%2CADBE%2CAIG%2CAMD%2CAMGN%2CAMT%2CAMZN%2CAVGO%2CAXP%2CBA%2CBAC%2CBKNG%2CBLK%2CBMY%2CBRK-B%2CC%2CCAT%2CCHTR%2CCL%2CCMCSA%2CCOF%2CCOP%2CCOST%2CCRM%2CCSCO%2CCVS%2CCVX%2CDBC%2CDE%2CDHR%2CDIS%2CDOW%2CDUK%2CEEM%2CEFA%2CEMR%2CF%2CFDX%2CGD%2CGE%2CGILD%2CGLD%2CGM%2CGOOG%2CGOOGL%2CGS%2CHD%2CHON%2CIBM%2CIEF%2CINTC%2CINTU%2CISRG%2CIWM%2CJNJ%2CJPM%2CKHC%2CKMI%2CKO%2CLIN%2CLLY%2CLMT%2CLOW%2CMA%2CMCD%2CMDLZ%2CMDT%2CMET%2CMETA%2CMMM%2CMO%2CMRK%2CMS%2CMSFT%2CNEE%2CNFLX%2CNKE%2CNVDA%2CORCL%2CPEP%2CPFE%2CPG%2CPM%2CPYPL%2CQCOM%2CQQQ%2CRTX%2CSBUX%2CSCHW%2CSO%2CSPG%2CSPY%2CT%2CTGT%2CTJX%2CTMO%2CTMUS%2CTSLA%2CTXN%2CUNH%2CUNP%2CUPS%2CUSB%2CV%2CVNQ%2CVZ%2CWFC%2CWMT%2CXOM (http_status=429, extrait_reponse='Too Many Requests\r\n')
2026-08-20 20:12:33,320 INFO bot.feeds.equities: repli yfinance pour 112/112 symbole(s) sans quote v7 (['AAPL', 'ABBV', 'ABT', 'ACN', 'ADBE', 'AIG', 'AMD', 'AMGN', 'AMT', 'AMZN', 'AVGO', 'AXP', 'BA', 'BAC', 'BKNG', 'BLK', 'BMY', 'BRK.B', 'C', 'CAT', 'CHTR', 'CL', 'CMCSA', 'COF', 'COP', 'COST', 'CRM', 'CSCO', 'CVS', 'CVX', 'DBC', 'DE', 'DHR', 'DIS', 'DOW', 'DUK', 'EEM', 'EFA', 'EMR', 'F', 'FDX', 'GD', 'GE', 'GILD', 'GLD', 'GM', 'GOOG', 'GOOGL', 'GS', 'HD', 'HON', 'IBM', 'IEF', 'INTC', 'INTU', 'ISRG', 'IWM', 'JNJ', 'JPM', 'KHC', 'KMI', 'KO', 'LIN', 'LLY', 'LMT', 'LOW', 'MA', 'MCD', 'MDLZ', 'MDT', 'MET', 'META', 'MMM', 'MO', 'MRK', 'MS', 'MSFT', 'NEE', 'NFLX', 'NKE', 'NVDA', 'ORCL', 'PEP', 'PFE', 'PG', 'PM', 'PYPL', 'QCOM', 'QQQ', 'RTX', 'SBUX', 'SCHW', 'SO', 'SPG', 'SPY', 'T', 'TGT', 'TJX', 'TMO', 'TMUS', 'TSLA', 'TXN', 'UNH', 'UNP', 'UPS', 'USB', 'V', 'VNQ', 'VZ', 'WFC', 'WMT', 'XOM'])
2026-08-20 20:12:50,120 INFO bot.feeds.equities: quote différée pour AAPL (830s, seuil temps réel 300s, source=yfinance_synthetic_spread) — utilisée quand même (seuil de fraîcheur actions/ETF 1500s), marquée delayed=true
2026-08-20 20:12:50,120 INFO bot.feeds.equities: quote différée pour ABBV (830s, seuil temps réel 300s, source=yfinance_synthetic_spread) — utilisée quand même (seuil de fraîcheur actions/ETF 1500s), marquée delayed=true
2026-08-20 20:12:50,120 INFO bot.feeds.equities: quote différée pour ABT (830s, seuil temps réel 300s, source=yfinance_synthetic_spread) — utilisée quand même (seuil de fraîcheur actions/ETF 1500s), marquée delayed=true
2026-08-20 20:12:50,120 INFO bot.feeds.equities: quote différée pour ACN (830s, seuil temps réel 300s, source=yfinance_synthetic_spread) — utilisée quand même (seuil de fraîcheur actions/ETF 1500s), marquée delayed=true
2026-08-20 20:12:50,120 INFO bot.feeds.equities: quote différée pour ADBE (830s, seuil temps réel 300s, source=yfinance_synthetic_spread) — utilisée quand même (seuil de fraîcheur actions/ETF 1500s), marquée delayed=true
2026-08-20 20:12:50,120 INFO bot.feeds.equities: quote différée pour AIG (830s, seuil temps réel 300s, source=yfinance_synthetic_spread) — utilisée quand même (seuil de fraîcheur actions/ETF 1500s), marquée delayed=true
2026-08-20 20:12:50,120 INFO bot.feeds.equities: quote différée pour AMD (830s, seuil temps réel 300s, source=yfinance_synthetic_spread) — utilisée quand même (seuil de fraîcheur actions/ETF 1500s), marquée delayed=true
2026-08-20 20:12:50,121 INFO bot.feeds.equities: quote différée pour AMGN (830s, seuil temps réel 300s, source=yfinance_synthetic_spread) — utilisée quand même (seuil de fraîcheur actions/ETF 1500s), marquée delayed=true
2026-08-20 20:12:50,121 INFO bot.feeds.equities: quote différée pour AMT (830s, seuil temps réel 300s, source=yfinance_synthetic_spread) — utilisée quand même (seuil de fraîcheur actions/ETF 1500s), marquée delayed=true
2026-08-20 20:12:50,121 INFO bot.feeds.equities: quote différée pour AMZN (830s, seuil temps réel 300s, source=yfinance_synthetic_spread) — utilisée quand même (seuil de fraîcheur actions/ETF 1500s), marquée delayed=true
2026-08-20 20:12:50,121 INFO bot.feeds.equities: quote différée pour AVGO (830s, seuil temps réel 300s, source=yfinance_synthetic_spread) — utilisée quand même (seuil de fraîcheur actions/ETF 1500s), marquée delayed=true
2026-08-20 20:12:50,121 INFO bot.feeds.equities: quote différée pour AXP (830s, seuil temps réel 300s, source=yfinance_synthetic_spread) — utilisée quand même (seuil de fraîcheur actions/ETF 1500s), marquée delayed=true
2026-08-20 20:12:50,121 INFO bot.feeds.equities: quote différée pour BA (830s, seuil temps réel 300s, source=yfinance_synthetic_spread) — utilisée quand même (seuil de fraîcheur actions/ETF 1500s), marquée delayed=true
2026-08-20 20:12:50,121 INFO bot.feeds.equities: quote différée pour BAC (830s, seuil temps réel 300s, source=yfinance_synthetic_spread) — utilisée quand même (seuil de fraîcheur actions/ETF 1500s), marquée delayed=true
2026-08-20 20:12:50,121 INFO bot.feeds.equities: quote différée pour BKNG (830s, seuil temps réel 300s, source=yfinance_synthetic_spread) — utilisée quand même (seuil de fraîcheur actions/ETF 1500s), marquée delayed=true
2026-08-20 20:12:50,121 INFO bot.feeds.equities: quote différée pour BLK (830s, seuil temps réel 300s, source=yfinance_synthetic_spread) — utilisée quand même (seuil de fraîcheur actions/ETF 1500s), marquée delayed=true
2026-08-20 20:12:50,121 INFO bot.feeds.equities: quote différée pour BMY (830s, seuil temps réel 300s, source=yfinance_synthetic_spread) — utilisée quand même (seuil de fraîcheur actions/ETF 1500s), marquée delayed=true
2026-08-20 20:12:50,121 INFO bot.feeds.equities: quote différée pour BRK.B (830s, seuil temps réel 300s, source=yfinance_synthetic_spread) — utilisée quand même (seuil de fraîcheur actions/ETF 1500s), marquée delayed=true
2026-08-20 20:12:50,121 INFO bot.feeds.equities: quote différée pour C (830s, seuil temps réel 300s, source=yfinance_synthetic_spread) — utilisée quand même (seuil de fraîcheur actions/ETF 1500s), marquée delayed=true
2026-08-20 20:12:50,122 INFO bot.feeds.equities: quote différée pour CAT (830s, seuil temps réel 300s, source=yfinance_synthetic_spread) — utilisée quand même (seuil de fraîcheur actions/ETF 1500s), marquée delayed=true
2026-08-20 20:12:50,122 INFO bot.feeds.equities: quote différée pour CHTR (830s, seuil temps réel 300s, source=yfinance_synthetic_spread) — utilisée quand même (seuil de fraîcheur actions/ETF 1500s), marquée delayed=true
2026-08-20 20:12:50,122 INFO bot.feeds.equities: quote différée pour CL (830s, seuil temps réel 300s, source=yfinance_synthetic_spread) — utilisée quand même (seuil de fraîcheur actions/ETF 1500s), marquée delayed=true
2026-08-20 20:12:50,122 INFO bot.feeds.equities: quote différée pour CMCSA (830s, seuil temps réel 300s, source=yfinance_synthetic_spread) — utilisée quand même (seuil de fraîcheur actions/ETF 1500s), marquée delayed=true
2026-08-20 20:12:50,122 INFO bot.feeds.equities: quote différée pour COF (830s, seuil temps réel 300s, source=yfinance_synthetic_spread) — utilisée quand même (seuil de fraîcheur actions/ETF 1500s), marquée delayed=true
2026-08-20 20:12:50,122 INFO bot.feeds.equities: quote différée pour COP (830s, seuil temps réel 300s, source=yfinance_synthetic_spread) — utilisée quand même (seuil de fraîcheur actions/ETF 1500s), marquée delayed=true
2026-08-20 20:12:50,122 INFO bot.feeds.equities: quote différée pour COST (830s, seuil temps réel 300s, source=yfinance_synthetic_spread) — utilisée quand même (seuil de fraîcheur actions/ETF 1500s), marquée delayed=true
2026-08-20 20:12:50,122 INFO bot.feeds.equities: quote différée pour CRM (830s, seuil temps réel 300s, source=yfinance_synthetic_spread) — utilisée quand même (seuil de fraîcheur actions/ETF 1500s), marquée delayed=true
2026-08-20 20:12:50,122 INFO bot.feeds.equities: quote différée pour CSCO (830s, seuil temps réel 300s, source=yfinance_synthetic_spread) — utilisée quand même (seuil de fraîcheur actions/ETF 1500s), marquée delayed=true
2026-08-20 20:12:50,122 INFO bot.feeds.equities: quote différée pour CVS (830s, seuil temps réel 300s, source=yfinance_synthetic_spread) — utilisée quand même (seuil de fraîcheur actions/ETF 1500s), marquée delayed=true
2026-08-20 20:12:50,122 INFO bot.feeds.equities: quote différée pour CVX (830s, seuil temps réel 300s, source=yfinance_synthetic_spread) — utilisée quand même (seuil de fraîcheur actions/ETF 1500s), marquée delayed=true
2026-08-20 20:12:50,122 INFO bot.feeds.equities: quote différée pour DBC (830s, seuil temps réel 300s, source=yfinance_synthetic_spread) — utilisée quand même (seuil de fraîcheur actions/ETF 1500s), marquée delayed=true
2026-08-20 20:12:50,122 INFO bot.feeds.equities: quote différée pour DE (830s, seuil temps réel 300s, source=yfinance_synthetic_spread) — utilisée quand même (seuil de fraîcheur actions/ETF 1500s), marquée delayed=true
2026-08-20 20:12:50,122 INFO bot.feeds.equities: quote différée pour DHR (830s, seuil temps réel 300s, source=yfinance_synthetic_spread) — utilisée quand même (seuil de fraîcheur actions/ETF 1500s), marquée delayed=true
2026-08-20 20:12:50,122 INFO bot.feeds.equities: quote différée pour DIS (830s, seuil temps réel 300s, source=yfinance_synthetic_spread) — utilisée quand même (seuil de fraîcheur actions/ETF 1500s), marquée delayed=true
2026-08-20 20:12:50,122 INFO bot.feeds.equities: quote différée pour DOW (830s, seuil temps réel 300s, source=yfinance_synthetic_spread) — utilisée quand même (seuil de fraîcheur actions/ETF 1500s), marquée delayed=true
2026-08-20 20:12:50,122 INFO bot.feeds.equities: quote différée pour DUK (830s, seuil temps réel 300s, source=yfinance_synthetic_spread) — utilisée quand même (seuil de fraîcheur actions/ETF 1500s), marquée delayed=true
2026-08-20 20:12:50,122 INFO bot.feeds.equities: quote différée pour EEM (830s, seuil temps réel 300s, source=yfinance_synthetic_spread) — utilisée quand même (seuil de fraîcheur actions/ETF 1500s), marquée delayed=true
2026-08-20 20:12:50,122 INFO bot.feeds.equities: quote différée pour EFA (830s, seuil temps réel 300s, source=yfinance_synthetic_spread) — utilisée quand même (seuil de fraîcheur actions/ETF 1500s), marquée delayed=true
2026-08-20 20:12:50,123 INFO bot.feeds.equities: quote différée pour EMR (830s, seuil temps réel 300s, source=yfinance_synthetic_spread) — utilisée quand même (seuil de fraîcheur actions/ETF 1500s), marquée delayed=true
2026-08-20 20:12:50,123 INFO bot.feeds.equities: quote différée pour F (830s, seuil temps réel 300s, source=yfinance_synthetic_spread) — utilisée quand même (seuil de fraîcheur actions/ETF 1500s), marquée delayed=true
2026-08-20 20:12:50,123 INFO bot.feeds.equities: quote différée pour FDX (830s, seuil temps réel 300s, source=yfinance_synthetic_spread) — utilisée quand même (seuil de fraîcheur actions/ETF 1500s), marquée delayed=true
2026-08-20 20:12:50,123 INFO bot.feeds.equities: quote différée pour GD (830s, seuil temps réel 300s, source=yfinance_synthetic_spread) — utilisée quand même (seuil de fraîcheur actions/ETF 1500s), marquée delayed=true
2026-08-20 20:12:50,123 INFO bot.feeds.equities: quote différée pour GE (830s, seuil temps réel 300s, source=yfinance_synthetic_spread) — utilisée quand même (seuil de fraîcheur actions/ETF 1500s), marquée delayed=true
2026-08-20 20:12:50,123 INFO bot.feeds.equities: quote différée pour GILD (830s, seuil temps réel 300s, source=yfinance_synthetic_spread) — utilisée quand même (seuil de fraîcheur actions/ETF 1500s), marquée delayed=true
2026-08-20 20:12:50,123 INFO bot.feeds.equities: quote différée pour GLD (830s, seuil temps réel 300s, source=yfinance_synthetic_spread) — utilisée quand même (seuil de fraîcheur actions/ETF 1500s), marquée delayed=true
2026-08-20 20:12:50,123 INFO bot.feeds.equities: quote différée pour GM (830s, seuil temps réel 300s, source=yfinance_synthetic_spread) — utilisée quand même (seuil de fraîcheur actions/ETF 1500s), marquée delayed=true
2026-08-20 20:12:50,123 INFO bot.feeds.equities: quote différée pour GOOG (830s, seuil temps réel 300s, source=yfinance_synthetic_spread) — utilisée quand même (seuil de fraîcheur actions/ETF 1500s), marquée delayed=true
2026-08-20 20:12:50,123 INFO bot.feeds.equities: quote différée pour GOOGL (830s, seuil temps réel 300s, source=yfinance_synthetic_spread) — utilisée quand même (seuil de fraîcheur actions/ETF 1500s), marquée delayed=true
2026-08-20 20:12:50,123 INFO bot.feeds.equities: quote différée pour GS (830s, seuil temps réel 300s, source=yfinance_synthetic_spread) — utilisée quand même (seuil de fraîcheur actions/ETF 1500s), marquée delayed=true
2026-08-20 20:12:50,123 INFO bot.feeds.equities: quote différée pour HD (830s, seuil temps réel 300s, source=yfinance_synthetic_spread) — utilisée quand même (seuil de fraîcheur actions/ETF 1500s), marquée delayed=true
2026-08-20 20:12:50,123 INFO bot.feeds.equities: quote différée pour HON (830s, seuil temps réel 300s, source=yfinance_synthetic_spread) — utilisée quand même (seuil de fraîcheur actions/ETF 1500s), marquée delayed=true
2026-08-20 20:12:50,123 INFO bot.feeds.equities: quote différée pour IBM (830s, seuil temps réel 300s, source=yfinance_synthetic_spread) — utilisée quand même (seuil de fraîcheur actions/ETF 1500s), marquée delayed=true
2026-08-20 20:12:50,123 INFO bot.feeds.equities: quote différée pour IEF (830s, seuil temps réel 300s, source=yfinance_synthetic_spread) — utilisée quand même (seuil de fraîcheur actions/ETF 1500s), marquée delayed=true
2026-08-20 20:12:50,123 INFO bot.feeds.equities: quote différée pour INTC (830s, seuil temps réel 300s, source=yfinance_synthetic_spread) — utilisée quand même (seuil de fraîcheur actions/ETF 1500s), marquée delayed=true
2026-08-20 20:12:50,123 INFO bot.feeds.equities: quote différée pour INTU (830s, seuil temps réel 300s, source=yfinance_synthetic_spread) — utilisée quand même (seuil de fraîcheur actions/ETF 1500s), marquée delayed=true
2026-08-20 20:12:50,124 INFO bot.feeds.equities: quote différée pour ISRG (830s, seuil temps réel 300s, source=yfinance_synthetic_spread) — utilisée quand même (seuil de fraîcheur actions/ETF 1500s), marquée delayed=true
2026-08-20 20:12:50,124 INFO bot.feeds.equities: quote différée pour IWM (830s, seuil temps réel 300s, source=yfinance_synthetic_spread) — utilisée quand même (seuil de fraîcheur actions/ETF 1500s), marquée delayed=true
2026-08-20 20:12:50,124 INFO bot.feeds.equities: quote différée pour JNJ (830s, seuil temps réel 300s, source=yfinance_synthetic_spread) — utilisée quand même (seuil de fraîcheur actions/ETF 1500s), marquée delayed=true
2026-08-20 20:12:50,124 INFO bot.feeds.equities: quote différée pour JPM (830s, seuil temps réel 300s, source=yfinance_synthetic_spread) — utilisée quand même (seuil de fraîcheur actions/ETF 1500s), marquée delayed=true
2026-08-20 20:12:50,124 INFO bot.feeds.equities: quote différée pour KHC (830s, seuil temps réel 300s, source=yfinance_synthetic_spread) — utilisée quand même (seuil de fraîcheur actions/ETF 1500s), marquée delayed=true
2026-08-20 20:12:50,124 INFO bot.feeds.equities: quote différée pour KMI (830s, seuil temps réel 300s, source=yfinance_synthetic_spread) — utilisée quand même (seuil de fraîcheur actions/ETF 1500s), marquée delayed=true
2026-08-20 20:12:50,124 INFO bot.feeds.equities: quote différée pour KO (830s, seuil temps réel 300s, source=yfinance_synthetic_spread) — utilisée quand même (seuil de fraîcheur actions/ETF 1500s), marquée delayed=true
2026-08-20 20:12:50,124 INFO bot.feeds.equities: quote différée pour LIN (830s, seuil temps réel 300s, source=yfinance_synthetic_spread) — utilisée quand même (seuil de fraîcheur actions/ETF 1500s), marquée delayed=true
2026-08-20 20:12:50,124 INFO bot.feeds.equities: quote différée pour LLY (830s, seuil temps réel 300s, source=yfinance_synthetic_spread) — utilisée quand même (seuil de fraîcheur actions/ETF 1500s), marquée delayed=true
2026-08-20 20:12:50,124 INFO bot.feeds.equities: quote différée pour LMT (830s, seuil temps réel 300s, source=yfinance_synthetic_spread) — utilisée quand même (seuil de fraîcheur actions/ETF 1500s), marquée delayed=true
2026-08-20 20:12:50,124 INFO bot.feeds.equities: quote différée pour LOW (830s, seuil temps réel 300s, source=yfinance_synthetic_spread) — utilisée quand même (seuil de fraîcheur actions/ETF 1500s), marquée delayed=true
2026-08-20 20:12:50,124 INFO bot.feeds.equities: quote différée pour MA (830s, seuil temps réel 300s, source=yfinance_synthetic_spread) — utilisée quand même (seuil de fraîcheur actions/ETF 1500s), marquée delayed=true
2026-08-20 20:12:50,124 INFO bot.feeds.equities: quote différée pour MCD (830s, seuil temps réel 300s, source=yfinance_synthetic_spread) — utilisée quand même (seuil de fraîcheur actions/ETF 1500s), marquée delayed=true
2026-08-20 20:12:50,125 INFO bot.feeds.equities: quote différée pour MDLZ (830s, seuil temps réel 300s, source=yfinance_synthetic_spread) — utilisée quand même (seuil de fraîcheur actions/ETF 1500s), marquée delayed=true
2026-08-20 20:12:50,125 INFO bot.feeds.equities: quote différée pour MDT (830s, seuil temps réel 300s, source=yfinance_synthetic_spread) — utilisée quand même (seuil de fraîcheur actions/ETF 1500s), marquée delayed=true
2026-08-20 20:12:50,125 INFO bot.feeds.equities: quote différée pour MET (830s, seuil temps réel 300s, source=yfinance_synthetic_spread) — utilisée quand même (seuil de fraîcheur actions/ETF 1500s), marquée delayed=true
2026-08-20 20:12:50,125 INFO bot.feeds.equities: quote différée pour META (830s, seuil temps réel 300s, source=yfinance_synthetic_spread) — utilisée quand même (seuil de fraîcheur actions/ETF 1500s), marquée delayed=true
2026-08-20 20:12:50,125 INFO bot.feeds.equities: quote différée pour MMM (830s, seuil temps réel 300s, source=yfinance_synthetic_spread) — utilisée quand même (seuil de fraîcheur actions/ETF 1500s), marquée delayed=true
2026-08-20 20:12:50,125 INFO bot.feeds.equities: quote différée pour MO (830s, seuil temps réel 300s, source=yfinance_synthetic_spread) — utilisée quand même (seuil de fraîcheur actions/ETF 1500s), marquée delayed=true
2026-08-20 20:12:50,125 INFO bot.feeds.equities: quote différée pour MRK (830s, seuil temps réel 300s, source=yfinance_synthetic_spread) — utilisée quand même (seuil de fraîcheur actions/ETF 1500s), marquée delayed=true
2026-08-20 20:12:50,125 INFO bot.feeds.equities: quote différée pour MS (830s, seuil temps réel 300s, source=yfinance_synthetic_spread) — utilisée quand même (seuil de fraîcheur actions/ETF 1500s), marquée delayed=true
2026-08-20 20:12:50,125 INFO bot.feeds.equities: quote différée pour MSFT (830s, seuil temps réel 300s, source=yfinance_synthetic_spread) — utilisée quand même (seuil de fraîcheur actions/ETF 1500s), marquée delayed=true
2026-08-20 20:12:50,125 INFO bot.feeds.equities: quote différée pour NEE (830s, seuil temps réel 300s, source=yfinance_synthetic_spread) — utilisée quand même (seuil de fraîcheur actions/ETF 1500s), marquée delayed=true
2026-08-20 20:12:50,125 INFO bot.feeds.equities: quote différée pour NFLX (830s, seuil temps réel 300s, source=yfinance_synthetic_spread) — utilisée quand même (seuil de fraîcheur actions/ETF 1500s), marquée delayed=true
2026-08-20 20:12:50,125 INFO bot.feeds.equities: quote différée pour NKE (830s, seuil temps réel 300s, source=yfinance_synthetic_spread) — utilisée quand même (seuil de fraîcheur actions/ETF 1500s), marquée delayed=true
2026-08-20 20:12:50,125 INFO bot.feeds.equities: quote différée pour NVDA (830s, seuil temps réel 300s, source=yfinance_synthetic_spread) — utilisée quand même (seuil de fraîcheur actions/ETF 1500s), marquée delayed=true
2026-08-20 20:12:50,126 INFO bot.feeds.equities: quote différée pour ORCL (830s, seuil temps réel 300s, source=yfinance_synthetic_spread) — utilisée quand même (seuil de fraîcheur actions/ETF 1500s), marquée delayed=true
2026-08-20 20:12:50,126 INFO bot.feeds.equities: quote différée pour PEP (830s, seuil temps réel 300s, source=yfinance_synthetic_spread) — utilisée quand même (seuil de fraîcheur actions/ETF 1500s), marquée delayed=true
2026-08-20 20:12:50,126 INFO bot.feeds.equities: quote différée pour PFE (830s, seuil temps réel 300s, source=yfinance_synthetic_spread) — utilisée quand même (seuil de fraîcheur actions/ETF 1500s), marquée delayed=true
2026-08-20 20:12:50,126 INFO bot.feeds.equities: quote différée pour PG (830s, seuil temps réel 300s, source=yfinance_synthetic_spread) — utilisée quand même (seuil de fraîcheur actions/ETF 1500s), marquée delayed=true
2026-08-20 20:12:50,126 INFO bot.feeds.equities: quote différée pour PM (830s, seuil temps réel 300s, source=yfinance_synthetic_spread) — utilisée quand même (seuil de fraîcheur actions/ETF 1500s), marquée delayed=true
2026-08-20 20:12:50,126 INFO bot.feeds.equities: quote différée pour PYPL (830s, seuil temps réel 300s, source=yfinance_synthetic_spread) — utilisée quand même (seuil de fraîcheur actions/ETF 1500s), marquée delayed=true
2026-08-20 20:12:50,126 INFO bot.feeds.equities: quote différée pour QCOM (830s, seuil temps réel 300s, source=yfinance_synthetic_spread) — utilisée quand même (seuil de fraîcheur actions/ETF 1500s), marquée delayed=true
2026-08-20 20:12:50,126 INFO bot.feeds.equities: quote différée pour QQQ (830s, seuil temps réel 300s, source=yfinance_synthetic_spread) — utilisée quand même (seuil de fraîcheur actions/ETF 1500s), marquée delayed=true
2026-08-20 20:12:50,126 INFO bot.feeds.equities: quote différée pour RTX (830s, seuil temps réel 300s, source=yfinance_synthetic_spread) — utilisée quand même (seuil de fraîcheur actions/ETF 1500s), marquée delayed=true
2026-08-20 20:12:50,126 INFO bot.feeds.equities: quote différée pour SBUX (830s, seuil temps réel 300s, source=yfinance_synthetic_spread) — utilisée quand même (seuil de fraîcheur actions/ETF 1500s), marquée delayed=true
2026-08-20 20:12:50,126 INFO bot.feeds.equities: quote différée pour SCHW (830s, seuil temps réel 300s, source=yfinance_synthetic_spread) — utilisée quand même (seuil de fraîcheur actions/ETF 1500s), marquée delayed=true
2026-08-20 20:12:50,126 INFO bot.feeds.equities: quote différée pour SO (830s, seuil temps réel 300s, source=yfinance_synthetic_spread) — utilisée quand même (seuil de fraîcheur actions/ETF 1500s), marquée delayed=true
2026-08-20 20:12:50,126 INFO bot.feeds.equities: quote différée pour SPG (830s, seuil temps réel 300s, source=yfinance_synthetic_spread) — utilisée quand même (seuil de fraîcheur actions/ETF 1500s), marquée delayed=true
2026-08-20 20:12:50,127 INFO bot.feeds.equities: quote différée pour SPY (830s, seuil temps réel 300s, source=yfinance_synthetic_spread) — utilisée quand même (seuil de fraîcheur actions/ETF 1500s), marquée delayed=true
2026-08-20 20:12:50,127 INFO bot.feeds.equities: quote différée pour T (830s, seuil temps réel 300s, source=yfinance_synthetic_spread) — utilisée quand même (seuil de fraîcheur actions/ETF 1500s), marquée delayed=true
2026-08-20 20:12:50,127 INFO bot.feeds.equities: quote différée pour TGT (830s, seuil temps réel 300s, source=yfinance_synthetic_spread) — utilisée quand même (seuil de fraîcheur actions/ETF 1500s), marquée delayed=true
2026-08-20 20:12:50,127 INFO bot.feeds.equities: quote différée pour TJX (830s, seuil temps réel 300s, source=yfinance_synthetic_spread) — utilisée quand même (seuil de fraîcheur actions/ETF 1500s), marquée delayed=true
2026-08-20 20:12:50,127 INFO bot.feeds.equities: quote différée pour TMO (830s, seuil temps réel 300s, source=yfinance_synthetic_spread) — utilisée quand même (seuil de fraîcheur actions/ETF 1500s), marquée delayed=true
2026-08-20 20:12:50,127 INFO bot.feeds.equities: quote différée pour TMUS (830s, seuil temps réel 300s, source=yfinance_synthetic_spread) — utilisée quand même (seuil de fraîcheur actions/ETF 1500s), marquée delayed=true
2026-08-20 20:12:50,127 INFO bot.feeds.equities: quote différée pour TSLA (830s, seuil temps réel 300s, source=yfinance_synthetic_spread) — utilisée quand même (seuil de fraîcheur actions/ETF 1500s), marquée delayed=true
2026-08-20 20:12:50,127 INFO bot.feeds.equities: quote différée pour TXN (830s, seuil temps réel 300s, source=yfinance_synthetic_spread) — utilisée quand même (seuil de fraîcheur actions/ETF 1500s), marquée delayed=true
2026-08-20 20:12:50,127 INFO bot.feeds.equities: quote différée pour UNH (830s, seuil temps réel 300s, source=yfinance_synthetic_spread) — utilisée quand même (seuil de fraîcheur actions/ETF 1500s), marquée delayed=true
2026-08-20 20:12:50,127 INFO bot.feeds.equities: quote différée pour UNP (830s, seuil temps réel 300s, source=yfinance_synthetic_spread) — utilisée quand même (seuil de fraîcheur actions/ETF 1500s), marquée delayed=true
2026-08-20 20:12:50,127 INFO bot.feeds.equities: quote différée pour UPS (830s, seuil temps réel 300s, source=yfinance_synthetic_spread) — utilisée quand même (seuil de fraîcheur actions/ETF 1500s), marquée delayed=true
2026-08-20 20:12:50,127 INFO bot.feeds.equities: quote différée pour USB (830s, seuil temps réel 300s, source=yfinance_synthetic_spread) — utilisée quand même (seuil de fraîcheur actions/ETF 1500s), marquée delayed=true
2026-08-20 20:12:50,127 INFO bot.feeds.equities: quote différée pour V (830s, seuil temps réel 300s, source=yfinance_synthetic_spread) — utilisée quand même (seuil de fraîcheur actions/ETF 1500s), marquée delayed=true
2026-08-20 20:12:50,128 INFO bot.feeds.equities: quote différée pour VNQ (830s, seuil temps réel 300s, source=yfinance_synthetic_spread) — utilisée quand même (seuil de fraîcheur actions/ETF 1500s), marquée delayed=true
2026-08-20 20:12:50,128 INFO bot.feeds.equities: quote différée pour VZ (830s, seuil temps réel 300s, source=yfinance_synthetic_spread) — utilisée quand même (seuil de fraîcheur actions/ETF 1500s), marquée delayed=true
2026-08-20 20:12:50,128 INFO bot.feeds.equities: quote différée pour WFC (830s, seuil temps réel 300s, source=yfinance_synthetic_spread) — utilisée quand même (seuil de fraîcheur actions/ETF 1500s), marquée delayed=true
2026-08-20 20:12:50,128 INFO bot.feeds.equities: quote différée pour WMT (830s, seuil temps réel 300s, source=yfinance_synthetic_spread) — utilisée quand même (seuil de fraîcheur actions/ETF 1500s), marquée delayed=true
2026-08-20 20:12:50,128 INFO bot.feeds.equities: quote différée pour XOM (830s, seuil temps réel 300s, source=yfinance_synthetic_spread) — utilisée quand même (seuil de fraîcheur actions/ETF 1500s), marquée delayed=true
2026-08-20 20:12:50,298 WARNING bot.feeds.crypto: binance klines échec pour AVAXUSDT: 451 Client Error:  for url: https://api.binance.com/api/v3/klines?symbol=AVAXUSDT&interval=1h&limit=305
2026-08-20 20:12:50,579 WARNING bot.feeds.crypto: binance klines échec pour BNBUSDT: 451 Client Error:  for url: https://api.binance.com/api/v3/klines?symbol=BNBUSDT&interval=1h&limit=305
2026-08-20 20:12:50,778 WARNING bot.runner: historique indisponible pour BNB: crypto BNB: seulement 300/4848 bougies obtenues (réseau plafonné à 300h + repli cache disque journalier épuisés)
2026-08-20 20:12:50,797 WARNING bot.feeds.crypto: binance klines échec pour BTCUSDT: 451 Client Error:  for url: https://api.binance.com/api/v3/klines?symbol=BTCUSDT&interval=1h&limit=305
2026-08-20 20:12:51,025 WARNING bot.feeds.crypto: binance klines échec pour DOGEUSDT: 451 Client Error:  for url: https://api.binance.com/api/v3/klines?symbol=DOGEUSDT&interval=1h&limit=305
2026-08-20 20:12:51,274 WARNING bot.feeds.crypto: binance klines échec pour ETHUSDT: 451 Client Error:  for url: https://api.binance.com/api/v3/klines?symbol=ETHUSDT&interval=1h&limit=305
2026-08-20 20:12:51,444 WARNING bot.feeds.crypto: binance klines échec pour FILUSDT: 451 Client Error:  for url: https://api.binance.com/api/v3/klines?symbol=FILUSDT&interval=1h&limit=305
2026-08-20 20:12:51,708 WARNING bot.feeds.crypto: binance klines échec pour HBARUSDT: 451 Client Error:  for url: https://api.binance.com/api/v3/klines?symbol=HBARUSDT&interval=1h&limit=305
2026-08-20 20:12:51,960 WARNING bot.feeds.crypto: binance klines échec pour ICPUSDT: 451 Client Error:  for url: https://api.binance.com/api/v3/klines?symbol=ICPUSDT&interval=1h&limit=305
2026-08-20 20:12:52,219 WARNING bot.feeds.crypto: binance klines échec pour LINKUSDT: 451 Client Error:  for url: https://api.binance.com/api/v3/klines?symbol=LINKUSDT&interval=1h&limit=305
2026-08-20 20:12:52,725 WARNING bot.feeds.crypto: binance klines échec pour OPUSDT: 451 Client Error:  for url: https://api.binance.com/api/v3/klines?symbol=OPUSDT&interval=1h&limit=305
2026-08-20 20:12:53,158 WARNING bot.feeds.crypto: binance klines échec pour SOLUSDT: 451 Client Error:  for url: https://api.binance.com/api/v3/klines?symbol=SOLUSDT&interval=1h&limit=305
2026-08-20 20:12:53,406 WARNING bot.feeds.crypto: binance klines échec pour UNIUSDT: 451 Client Error:  for url: https://api.binance.com/api/v3/klines?symbol=UNIUSDT&interval=1h&limit=305
2026-08-20 20:12:53,651 WARNING bot.feeds.crypto: binance klines échec pour XLMUSDT: 451 Client Error:  for url: https://api.binance.com/api/v3/klines?symbol=XLMUSDT&interval=1h&limit=305
2026-08-20 20:12:54,054 WARNING bot.feeds.crypto: binance klines échec pour XRPUSDT: 451 Client Error:  for url: https://api.binance.com/api/v3/klines?symbol=XRPUSDT&interval=1h&limit=305
2026-08-20 20:12:54,258 INFO bot.runner: TIMING phase=feeds_crypto durée=22.3s
2026-08-20 20:12:54,872 INFO bot.feeds.daily: cache disque data-cache (généré=2026-08-19T21:51:15.849615+00:00) : 112/112 symbole(s) servis sans appel réseau
2026-08-20 20:12:54,882 INFO bot.runner: TIMING phase=feeds_equities durée=0.6s
2026-08-20 20:12:55,377 INFO bot.runner: TIMING phase=strategies_execution durée=0.2s
2026-08-20 20:13:05,882 INFO bot.runner: TIMING phase=git_sync durée=10.5s
2026-08-20 20:13:05,882 INFO bot.runner: TIMING résumé cycle : feeds_crypto=22.3s feeds_equities=0.6s strategies_execution=0.2s git_sync=10.5s total=35.8s
2026-08-20 20:13:05,882 INFO bot.runner: git_sync SUCCESS — cycle 2026-08-20T20 terminé (🛡️ 1009€ | ⚖️ 996€ | 🔥 937€ | 🧪 975€).
