== Cycle bot (job.status=success) ==
date_utc: 2026-07-24T19:02:18+00:00
run_id_attendu: 2026-07-24T19
sha_main: f6fcdaa1f6cb7c032a0c36351833ca8ccedf4d29
github_run_id: 30119183815
github_run_attempt: 1
github_run_number: 22
workflow: Bot cycle
event: push
==========================
2026-07-24 19:01:35,903 INFO bot.runner: Démarrage du cycle multi-wallets run_id=2026-07-24T19 (['prudent', 'equilibre', 'agressif', 'labo'])
2026-07-24 19:01:36,102 WARNING bot.feeds.crypto: binance bookTicker échec pour AVAXUSDT: 451 Client Error:  for url: https://api.binance.com/api/v3/ticker/bookTicker?symbol=AVAXUSDT
2026-07-24 19:01:36,179 WARNING bot.feeds.crypto: binance bookTicker échec pour BNBUSDT: 451 Client Error:  for url: https://api.binance.com/api/v3/ticker/bookTicker?symbol=BNBUSDT
2026-07-24 19:01:36,208 WARNING bot.feeds.crypto: binance bookTicker échec pour BTCUSDT: 451 Client Error:  for url: https://api.binance.com/api/v3/ticker/bookTicker?symbol=BTCUSDT
2026-07-24 19:01:36,235 WARNING bot.feeds.crypto: binance bookTicker échec pour DOGEUSDT: 451 Client Error:  for url: https://api.binance.com/api/v3/ticker/bookTicker?symbol=DOGEUSDT
2026-07-24 19:01:36,263 WARNING bot.feeds.crypto: binance bookTicker échec pour ETHUSDT: 451 Client Error:  for url: https://api.binance.com/api/v3/ticker/bookTicker?symbol=ETHUSDT
2026-07-24 19:01:36,286 WARNING bot.feeds.crypto: binance bookTicker échec pour FILUSDT: 451 Client Error:  for url: https://api.binance.com/api/v3/ticker/bookTicker?symbol=FILUSDT
2026-07-24 19:01:36,409 WARNING bot.feeds.crypto: binance bookTicker échec pour HBARUSDT: 451 Client Error:  for url: https://api.binance.com/api/v3/ticker/bookTicker?symbol=HBARUSDT
2026-07-24 19:01:36,439 WARNING bot.feeds.crypto: binance bookTicker échec pour ICPUSDT: 451 Client Error:  for url: https://api.binance.com/api/v3/ticker/bookTicker?symbol=ICPUSDT
2026-07-24 19:01:36,580 WARNING bot.feeds.crypto: binance bookTicker échec pour LINKUSDT: 451 Client Error:  for url: https://api.binance.com/api/v3/ticker/bookTicker?symbol=LINKUSDT
2026-07-24 19:01:36,702 WARNING bot.feeds.crypto: binance bookTicker échec pour OPUSDT: 451 Client Error:  for url: https://api.binance.com/api/v3/ticker/bookTicker?symbol=OPUSDT
2026-07-24 19:01:36,763 WARNING bot.feeds.crypto: coinbase ticker périmé pour OP
2026-07-24 19:01:36,777 WARNING bot.feeds.crypto: binance bookTicker échec pour SOLUSDT: 451 Client Error:  for url: https://api.binance.com/api/v3/ticker/bookTicker?symbol=SOLUSDT
2026-07-24 19:01:36,804 WARNING bot.feeds.crypto: binance bookTicker échec pour TRXUSDT: 451 Client Error:  for url: https://api.binance.com/api/v3/ticker/bookTicker?symbol=TRXUSDT
2026-07-24 19:01:37,005 WARNING bot.feeds.crypto: coinbase ticker échec pour TRX-USD: 404 Client Error: Not Found for url: https://api.exchange.coinbase.com/products/TRX-USD/ticker
2026-07-24 19:01:37,016 WARNING bot.feeds.crypto: binance bookTicker échec pour UNIUSDT: 451 Client Error:  for url: https://api.binance.com/api/v3/ticker/bookTicker?symbol=UNIUSDT
2026-07-24 19:01:37,104 WARNING bot.feeds.crypto: binance bookTicker échec pour XLMUSDT: 451 Client Error:  for url: https://api.binance.com/api/v3/ticker/bookTicker?symbol=XLMUSDT
2026-07-24 19:01:37,205 WARNING bot.feeds.crypto: binance bookTicker échec pour XRPUSDT: 451 Client Error:  for url: https://api.binance.com/api/v3/ticker/bookTicker?symbol=XRPUSDT
2026-07-24 19:01:37,279 WARNING bot.feeds.equities: yahoo v7 quote échec pour ['AAPL', 'ABBV', 'ABT', 'ACN', 'ADBE', 'AIG', 'AMD', 'AMGN', 'AMT', 'AMZN', 'AVGO', 'AXP', 'BA', 'BAC', 'BKNG', 'BLK', 'BMY', 'BRK.B', 'C', 'CAT', 'CHTR', 'CL', 'CMCSA', 'COF', 'COP', 'COST', 'CRM', 'CSCO', 'CVS', 'CVX', 'DBC', 'DE', 'DHR', 'DIS', 'DOW', 'DUK', 'EEM', 'EFA', 'EMR', 'F', 'FDX', 'GD', 'GE', 'GILD', 'GLD', 'GM', 'GOOG', 'GOOGL', 'GS', 'HD', 'HON', 'IBM', 'IEF', 'INTC', 'INTU', 'ISRG', 'IWM', 'JNJ', 'JPM', 'KHC', 'KMI', 'KO', 'LIN', 'LLY', 'LMT', 'LOW', 'MA', 'MCD', 'MDLZ', 'MDT', 'MET', 'META', 'MMM', 'MO', 'MRK', 'MS', 'MSFT', 'NEE', 'NFLX', 'NKE', 'NVDA', 'ORCL', 'PEP', 'PFE', 'PG', 'PM', 'PYPL', 'QCOM', 'QQQ', 'RTX', 'SBUX', 'SCHW', 'SO', 'SPG', 'SPY', 'T', 'TGT', 'TJX', 'TMO', 'TMUS', 'TSLA', 'TXN', 'UNH', 'UNP', 'UPS', 'USB', 'V', 'VNQ', 'VZ', 'WFC', 'WMT', 'XOM']: 429 Client Error: Too Many Requests for url: https://query1.finance.yahoo.com/v7/finance/quote?symbols=AAPL%2CABBV%2CABT%2CACN%2CADBE%2CAIG%2CAMD%2CAMGN%2CAMT%2CAMZN%2CAVGO%2CAXP%2CBA%2CBAC%2CBKNG%2CBLK%2CBMY%2CBRK-B%2CC%2CCAT%2CCHTR%2CCL%2CCMCSA%2CCOF%2CCOP%2CCOST%2CCRM%2CCSCO%2CCVS%2CCVX%2CDBC%2CDE%2CDHR%2CDIS%2CDOW%2CDUK%2CEEM%2CEFA%2CEMR%2CF%2CFDX%2CGD%2CGE%2CGILD%2CGLD%2CGM%2CGOOG%2CGOOGL%2CGS%2CHD%2CHON%2CIBM%2CIEF%2CINTC%2CINTU%2CISRG%2CIWM%2CJNJ%2CJPM%2CKHC%2CKMI%2CKO%2CLIN%2CLLY%2CLMT%2CLOW%2CMA%2CMCD%2CMDLZ%2CMDT%2CMET%2CMETA%2CMMM%2CMO%2CMRK%2CMS%2CMSFT%2CNEE%2CNFLX%2CNKE%2CNVDA%2CORCL%2CPEP%2CPFE%2CPG%2CPM%2CPYPL%2CQCOM%2CQQQ%2CRTX%2CSBUX%2CSCHW%2CSO%2CSPG%2CSPY%2CT%2CTGT%2CTJX%2CTMO%2CTMUS%2CTSLA%2CTXN%2CUNH%2CUNP%2CUPS%2CUSB%2CV%2CVNQ%2CVZ%2CWFC%2CWMT%2CXOM (http_status=429, extrait_reponse='Too Many Requests\r\n')
2026-07-24 19:01:37,292 WARNING bot.feeds.crypto: binance klines échec pour AVAXUSDT: 451 Client Error:  for url: https://api.binance.com/api/v3/klines?symbol=AVAXUSDT&interval=1h&limit=1000
2026-07-24 19:01:40,820 WARNING bot.feeds.crypto: binance klines échec pour BNBUSDT: 451 Client Error:  for url: https://api.binance.com/api/v3/klines?symbol=BNBUSDT&interval=1h&limit=1000
2026-07-24 19:01:43,383 WARNING bot.feeds.crypto: binance klines échec pour BTCUSDT: 451 Client Error:  for url: https://api.binance.com/api/v3/klines?symbol=BTCUSDT&interval=1h&limit=1000
2026-07-24 19:01:45,893 WARNING bot.feeds.crypto: binance klines échec pour DOGEUSDT: 451 Client Error:  for url: https://api.binance.com/api/v3/klines?symbol=DOGEUSDT&interval=1h&limit=1000
2026-07-24 19:01:48,943 WARNING bot.feeds.crypto: binance klines échec pour ETHUSDT: 451 Client Error:  for url: https://api.binance.com/api/v3/klines?symbol=ETHUSDT&interval=1h&limit=1000
2026-07-24 19:01:52,339 WARNING bot.feeds.crypto: binance klines échec pour FILUSDT: 451 Client Error:  for url: https://api.binance.com/api/v3/klines?symbol=FILUSDT&interval=1h&limit=1000
2026-07-24 19:01:55,177 WARNING bot.feeds.crypto: binance klines échec pour HBARUSDT: 451 Client Error:  for url: https://api.binance.com/api/v3/klines?symbol=HBARUSDT&interval=1h&limit=1000
2026-07-24 19:01:57,833 WARNING bot.feeds.crypto: binance klines échec pour ICPUSDT: 451 Client Error:  for url: https://api.binance.com/api/v3/klines?symbol=ICPUSDT&interval=1h&limit=1000
2026-07-24 19:02:00,510 WARNING bot.feeds.crypto: binance klines échec pour LINKUSDT: 451 Client Error:  for url: https://api.binance.com/api/v3/klines?symbol=LINKUSDT&interval=1h&limit=1000
2026-07-24 19:02:03,858 WARNING bot.feeds.crypto: binance klines échec pour SOLUSDT: 451 Client Error:  for url: https://api.binance.com/api/v3/klines?symbol=SOLUSDT&interval=1h&limit=1000
2026-07-24 19:02:07,105 WARNING bot.feeds.crypto: binance klines échec pour UNIUSDT: 451 Client Error:  for url: https://api.binance.com/api/v3/klines?symbol=UNIUSDT&interval=1h&limit=1000
2026-07-24 19:02:09,987 WARNING bot.feeds.crypto: binance klines échec pour XLMUSDT: 451 Client Error:  for url: https://api.binance.com/api/v3/klines?symbol=XLMUSDT&interval=1h&limit=1000
2026-07-24 19:02:13,270 WARNING bot.feeds.crypto: binance klines échec pour XRPUSDT: 451 Client Error:  for url: https://api.binance.com/api/v3/klines?symbol=XRPUSDT&interval=1h&limit=1000
2026-07-24 19:02:15,797 INFO bot.runner: TIMING phase=feeds_crypto durée=39.9s
2026-07-24 19:02:16,435 INFO bot.feeds.daily: cache disque data-cache (généré=2026-07-24T15:33:36.471466+00:00) : 112/112 symbole(s) servis sans appel réseau
2026-07-24 19:02:16,447 INFO bot.runner: TIMING phase=feeds_equities durée=0.7s
2026-07-24 19:02:16,870 INFO bot.runner: TIMING phase=strategies_execution durée=0.2s
2026-07-24 19:02:18,271 INFO bot.runner: TIMING phase=git_sync durée=1.4s
2026-07-24 19:02:18,271 INFO bot.runner: TIMING résumé cycle : feeds_crypto=39.9s feeds_equities=0.7s strategies_execution=0.2s git_sync=1.4s total=42.7s
2026-07-24 19:02:18,271 INFO bot.runner: git_sync SUCCESS — cycle 2026-07-24T19 terminé (🛡️ 1003€ | ⚖️ 1003€ | 🔥 999€ | 🧪 1001€).
